Archive member included to satisfy reference by file (symbol)

d:/develop/program/nxp/mcuxpressoide_11.6.0_8187/ide/plugins/com.nxp.mcuxpresso.tools.win32_11.6.0.202112161359/tools/bin/../lib/gcc/arm-none-eabi/10.3.1/thumb/v7e-m+fp/hard\libgcc.a(_arm_muldf3.o)
                              ./drivers/fsl_clock.o (__aeabi_dmul)
d:/develop/program/nxp/mcuxpressoide_11.6.0_8187/ide/plugins/com.nxp.mcuxpresso.tools.win32_11.6.0.202112161359/tools/bin/../lib/gcc/arm-none-eabi/10.3.1/thumb/v7e-m+fp/hard\libgcc.a(_arm_addsubdf3.o)
                              ./drivers/fsl_clock.o (__aeabi_dadd)
d:/develop/program/nxp/mcuxpressoide_11.6.0_8187/ide/plugins/com.nxp.mcuxpresso.tools.win32_11.6.0.202112161359/tools/bin/../lib/gcc/arm-none-eabi/10.3.1/thumb/v7e-m+fp/hard\libgcc.a(_arm_muldivdf3.o)
                              ./drivers/fsl_clock.o (__aeabi_ddiv)
d:/develop/program/nxp/mcuxpressoide_11.6.0_8187/ide/plugins/com.nxp.mcuxpresso.tools.win32_11.6.0.202112161359/tools/bin/../lib/gcc/arm-none-eabi/10.3.1/thumb/v7e-m+fp/hard\libgcc.a(_arm_fixunsdfsi.o)
                              ./drivers/fsl_clock.o (__aeabi_d2uiz)
d:/develop/program/nxp/mcuxpressoide_11.6.0_8187/ide/plugins/com.nxp.mcuxpresso.tools.win32_11.6.0.202112161359/tools/bin/../lib/gcc/arm-none-eabi/10.3.1/thumb/v7e-m+fp/hard\libgcc.a(_aeabi_uldivmod.o)
                              ./drivers/fsl_common_arm.o (__aeabi_uldivmod)
d:/develop/program/nxp/mcuxpressoide_11.6.0_8187/ide/plugins/com.nxp.mcuxpresso.tools.win32_11.6.0.202112161359/tools/bin/../lib/gcc/arm-none-eabi/10.3.1/thumb/v7e-m+fp/hard\libgcc.a(_udivmoddi4.o)
                              d:/develop/program/nxp/mcuxpressoide_11.6.0_8187/ide/plugins/com.nxp.mcuxpresso.tools.win32_11.6.0.202112161359/tools/bin/../lib/gcc/arm-none-eabi/10.3.1/thumb/v7e-m+fp/hard\libgcc.a(_aeabi_uldivmod.o) (__udivmoddi4)
d:/develop/program/nxp/mcuxpressoide_11.6.0_8187/ide/plugins/com.nxp.mcuxpresso.tools.win32_11.6.0.202112161359/tools/bin/../lib/gcc/arm-none-eabi/10.3.1/thumb/v7e-m+fp/hard\libgcc.a(_dvmd_tls.o)
                              d:/develop/program/nxp/mcuxpressoide_11.6.0_8187/ide/plugins/com.nxp.mcuxpresso.tools.win32_11.6.0.202112161359/tools/bin/../lib/gcc/arm-none-eabi/10.3.1/thumb/v7e-m+fp/hard\libgcc.a(_aeabi_uldivmod.o) (__aeabi_ldiv0)
d:/develop/program/nxp/mcuxpressoide_11.6.0_8187/ide/plugins/com.nxp.mcuxpresso.tools.win32_11.6.0.202112161359/tools/bin/../lib/gcc/arm-none-eabi/10.3.1/../../../../arm-none-eabi/lib/thumb/v7e-m+fp/hard\libc_nano.a(lib_a-errno.o)
                              ./utilities/fsl_str.o (__errno)
d:/develop/program/nxp/mcuxpressoide_11.6.0_8187/ide/plugins/com.nxp.mcuxpresso.tools.win32_11.6.0.202112161359/tools/bin/../lib/gcc/arm-none-eabi/10.3.1/../../../../arm-none-eabi/lib/thumb/v7e-m+fp/hard\libc_nano.a(lib_a-impure.o)
                              d:/develop/program/nxp/mcuxpressoide_11.6.0_8187/ide/plugins/com.nxp.mcuxpresso.tools.win32_11.6.0.202112161359/tools/bin/../lib/gcc/arm-none-eabi/10.3.1/../../../../arm-none-eabi/lib/thumb/v7e-m+fp/hard\libc_nano.a(lib_a-errno.o) (_impure_ptr)
d:/develop/program/nxp/mcuxpressoide_11.6.0_8187/ide/plugins/com.nxp.mcuxpresso.tools.win32_11.6.0.202112161359/tools/bin/../lib/gcc/arm-none-eabi/10.3.1/../../../../arm-none-eabi/lib/thumb/v7e-m+fp/hard\libc_nano.a(lib_a-init.o)
                              ./startup/startup_mimxrt1176_cm7.o (__libc_init_array)
d:/develop/program/nxp/mcuxpressoide_11.6.0_8187/ide/plugins/com.nxp.mcuxpresso.tools.win32_11.6.0.202112161359/tools/bin/../lib/gcc/arm-none-eabi/10.3.1/../../../../arm-none-eabi/lib/thumb/v7e-m+fp/hard\libc_nano.a(lib_a-malloc.o)
                              ./source/cpp_config.o (malloc)
d:/develop/program/nxp/mcuxpressoide_11.6.0_8187/ide/plugins/com.nxp.mcuxpresso.tools.win32_11.6.0.202112161359/tools/bin/../lib/gcc/arm-none-eabi/10.3.1/../../../../arm-none-eabi/lib/thumb/v7e-m+fp/hard\libc_nano.a(lib_a-memcpy-stub.o)
                              ./utilities/fsl_str.o (memcpy)
d:/develop/program/nxp/mcuxpressoide_11.6.0_8187/ide/plugins/com.nxp.mcuxpresso.tools.win32_11.6.0.202112161359/tools/bin/../lib/gcc/arm-none-eabi/10.3.1/../../../../arm-none-eabi/lib/thumb/v7e-m+fp/hard\libc_nano.a(lib_a-memset.o)
                              ./utilities/fsl_debug_console.o (memset)
d:/develop/program/nxp/mcuxpressoide_11.6.0_8187/ide/plugins/com.nxp.mcuxpresso.tools.win32_11.6.0.202112161359/tools/bin/../lib/gcc/arm-none-eabi/10.3.1/../../../../arm-none-eabi/lib/thumb/v7e-m+fp/hard\libc_nano.a(lib_a-nano-freer.o)
                              d:/develop/program/nxp/mcuxpressoide_11.6.0_8187/ide/plugins/com.nxp.mcuxpresso.tools.win32_11.6.0.202112161359/tools/bin/../lib/gcc/arm-none-eabi/10.3.1/../../../../arm-none-eabi/lib/thumb/v7e-m+fp/hard\libc_nano.a(lib_a-malloc.o) (_free_r)
[...]
Memory Configuration

Name             Origin             Length             Attributes
BOARD_FLASH_APP  0x30008000         0x0001f800         xr
BOARD_FLASH      0x30027800         0x01fdc800         xr
BOARD_FLASH_BOOT 0x30000000         0x00008000         xr
SRAM_DTC_cm7_APP 0x20004000         0x0003c000         xrw
SRAM_DTC_cm7_BOOT 0x20000000         0x00004000         xrw
SRAM_ITC_cm7_APP 0x00000800         0x0003f800         xrw
SRAM_ITC_cm7_BOOT 0x00000000         0x00000800         xrw
SRAM_OC1         0x20240000         0x00080000         xrw
SRAM_OC2         0x202c0000         0x00080000         xrw
SRAM_OC_ECC1     0x20340000         0x00010000         xrw
SRAM_OC_ECC2     0x20350000         0x00010000         xrw
SRAM_OC_cm7      0x20360000         0x00020000         xrw
BOARD_SDRAM      0x80000000         0x03000000         xrw
NCACHE_REGION    0x83000000         0x01000000         xrw
*default*        0x00000000         0xffffffff

Linker script and memory map

LOAD ./xip/evkmimxrt1170_flexspi_nor_config.o
LOAD ./xip/fsl_flexspi_nor_boot.o
LOAD ./utilities/fsl_assert.o
LOAD ./utilities/fsl_debug_console.o
LOAD ./utilities/fsl_str.o
LOAD ./startup/boot_multicore_slave.o
LOAD ./startup/startup_mimxrt1176_cm7.o
LOAD ./source/MIMXRT1170_EVK_App.o
LOAD ./source/cpp_config.o
LOAD ./source/semihost_hardfault.o
LOAD ./drivers/fsl_anatop_ai.o
LOAD ./drivers/fsl_clock.o
LOAD ./drivers/fsl_common.o
LOAD ./drivers/fsl_common_arm.o
LOAD ./drivers/fsl_dcdc.o
LOAD ./drivers/fsl_gpio.o
LOAD ./drivers/fsl_lpuart.o
LOAD ./drivers/fsl_pmu.o
LOAD ./device/system_MIMXRT1176_cm7.o
LOAD ./component/uart/fsl_adapter_lpuart.o
LOAD ./component/serial_manager/fsl_component_serial_manager.o
LOAD ./component/serial_manager/fsl_component_serial_port_uart.o
LOAD ./component/lists/fsl_component_generic_list.o
LOAD ./board/board.o
LOAD ./board/clock_config.o
LOAD ./board/dcd.o
LOAD ./board/peripherals.o
LOAD ./board/pin_mux.o
LOAD ./board/xmcd.o
START GROUP
LOAD d:/develop/program/nxp/mcuxpressoide_11.6.0_8187/ide/plugins/com.nxp.mcuxpresso.tools.win32_11.6.0.202112161359/tools/bin/../lib/gcc/arm-none-eabi/10.3.1/thumb/v7e-m+fp/hard\libgcc.a
LOAD d:/develop/program/nxp/mcuxpressoide_11.6.0_8187/ide/plugins/com.nxp.mcuxpresso.tools.win32_11.6.0.202112161359/tools/bin/../lib/gcc/arm-none-eabi/10.3.1/../../../../arm-none-eabi/lib/thumb/v7e-m+fp/hard\libc_nano.a
LOAD d:/develop/program/nxp/mcuxpressoide_11.6.0_8187/ide/plugins/com.nxp.mcuxpresso.tools.win32_11.6.0.202112161359/tools/bin/../lib/gcc/arm-none-eabi/10.3.1/../../../../arm-none-eabi/lib/thumb/v7e-m+fp/hard\libstdc++_nano.a
LOAD d:/develop/program/nxp/mcuxpressoide_11.6.0_8187/ide/plugins/com.nxp.mcuxpresso.tools.win32_11.6.0.202112161359/tools/bin/../lib/gcc/arm-none-eabi/10.3.1/../../../../arm-none-eabi/lib/thumb/v7e-m+fp/hard\libm.a
LOAD d:/develop/program/nxp/mcuxpressoide_11.6.0_8187/ide/plugins/com.nxp.mcuxpresso.tools.win32_11.6.0.202112161359/tools/bin/../lib/gcc/arm-none-eabi/10.3.1/../../../../arm-none-eabi/lib/thumb/v7e-m+fp/hard\libcr_newlib_nohost.a
LOAD d:/develop/program/nxp/mcuxpressoide_11.6.0_8187/ide/plugins/com.nxp.mcuxpresso.tools.win32_11.6.0.202112161359/tools/bin/../lib/gcc/arm-none-eabi/10.3.1/thumb/v7e-m+fp/hard\crti.o
LOAD d:/develop/program/nxp/mcuxpressoide_11.6.0_8187/ide/plugins/com.nxp.mcuxpresso.tools.win32_11.6.0.202112161359/tools/bin/../lib/gcc/arm-none-eabi/10.3.1/thumb/v7e-m+fp/hard\crtn.o
LOAD d:/develop/program/nxp/mcuxpressoide_11.6.0_8187/ide/plugins/com.nxp.mcuxpresso.tools.win32_11.6.0.202112161359/tools/bin/../lib/gcc/arm-none-eabi/10.3.1/thumb/v7e-m+fp/hard\crtbegin.o
LOAD d:/develop/program/nxp/mcuxpressoide_11.6.0_8187/ide/plugins/com.nxp.mcuxpresso.tools.win32_11.6.0.202112161359/tools/bin/../lib/gcc/arm-none-eabi/10.3.1/thumb/v7e-m+fp/hard\crtend.o
END GROUP
                0x30008000                __base_BOARD_FLASH_APP = 0x30008000
                0x30008000                __base_Flash = 0x30008000
                0x30027800                __top_BOARD_FLASH_APP = 0x30027800
                0x30027800                __top_Flash = 0x30027800
                0x30027800                __base_BOARD_FLASH = 0x30027800
                0x30027800                __base_Flash2 = 0x30027800
                0x32004000                __top_BOARD_FLASH = 0x32004000
                0x32004000                __top_Flash2 = 0x32004000
                0x30000000                __base_BOARD_FLASH_BOOT = 0x30000000
                0x30000000                __base_Flash3 = 0x30000000
                0x30008000                __top_BOARD_FLASH_BOOT = 0x30008000
                0x30008000                __top_Flash3 = 0x30008000
                0x20004000                __base_SRAM_DTC_cm7_APP = 0x20004000
                0x20004000                __base_RAM = 0x20004000
                0x20040000                __top_SRAM_DTC_cm7_APP = 0x20040000
                0x20040000                __top_RAM = 0x20040000
                0x20000000                __base_SRAM_DTC_cm7_BOOT = 0x20000000
                0x20000000                __base_RAM2 = 0x20000000
                0x20004000                __top_SRAM_DTC_cm7_BOOT = 0x20004000
                0x20004000                __top_RAM2 = 0x20004000
                0x00000800                __base_SRAM_ITC_cm7_APP = 0x800
                0x00000800                __base_RAM3 = 0x800
                0x00040000                __top_SRAM_ITC_cm7_APP = 0x40000
                0x00040000                __top_RAM3 = 0x40000
                0x00000000                __base_SRAM_ITC_cm7_BOOT = 0x0
                0x00000000                __base_RAM4 = 0x0
                0x00000800                __top_SRAM_ITC_cm7_BOOT = 0x800
                0x00000800                __top_RAM4 = 0x800
                0x20240000                __base_SRAM_OC1 = 0x20240000
                0x20240000                __base_RAM5 = 0x20240000
                0x202c0000                __top_SRAM_OC1 = 0x202c0000
                0x202c0000                __top_RAM5 = 0x202c0000
                0x202c0000                __base_SRAM_OC2 = 0x202c0000
                0x202c0000                __base_RAM6 = 0x202c0000
                0x20340000                __top_SRAM_OC2 = 0x20340000
                0x20340000                __top_RAM6 = 0x20340000
                0x20340000                __base_SRAM_OC_ECC1 = 0x20340000
                0x20340000                __base_RAM7 = 0x20340000
                0x20350000                __top_SRAM_OC_ECC1 = 0x20350000
                0x20350000                __top_RAM7 = 0x20350000
                0x20350000                __base_SRAM_OC_ECC2 = 0x20350000
                0x20350000                __base_RAM8 = 0x20350000
                0x20360000                __top_SRAM_OC_ECC2 = 0x20360000
                0x20360000                __top_RAM8 = 0x20360000
                0x20360000                __base_SRAM_OC_cm7 = 0x20360000
                0x20360000                __base_RAM9 = 0x20360000
                0x20380000                __top_SRAM_OC_cm7 = 0x20380000
                0x20380000                __top_RAM9 = 0x20380000
                0x80000000                __base_BOARD_SDRAM = 0x80000000
                0x80000000                __base_RAM10 = 0x80000000
                0x83000000                __top_BOARD_SDRAM = 0x83000000
                0x83000000                __top_RAM10 = 0x83000000
                0x83000000                __base_NCACHE_REGION = 0x83000000
                0x83000000                __base_RAM11 = 0x83000000
                0x84000000                __top_NCACHE_REGION = 0x84000000
                0x84000000                __top_RAM11 = 0x84000000

.text_Flash2    0x30027800        0x0
 FILL mask 0xff
 *(SORT_BY_ALIGNMENT(.text_Flash2))
 *(SORT_BY_ALIGNMENT(.text_BOARD_FLASH))
 *(SORT_BY_ALIGNMENT(.text.$Flash2))
 *(SORT_BY_ALIGNMENT(.text.$BOARD_FLASH))
 *(SORT_BY_ALIGNMENT(.text_Flash2.*))
 *(SORT_BY_ALIGNMENT(.text_BOARD_FLASH.*))
 *(SORT_BY_ALIGNMENT(.text.$Flash2.*))
 *(SORT_BY_ALIGNMENT(.text.$BOARD_FLASH.*))
 *(SORT_BY_ALIGNMENT(.rodata.$Flash2))
 *(SORT_BY_ALIGNMENT(.rodata.$BOARD_FLASH))
 *(SORT_BY_ALIGNMENT(.rodata.$Flash2.*))
 *(SORT_BY_ALIGNMENT(.rodata.$BOARD_FLASH.*))

.text_Flash3    0x30000000        0x0
 FILL mask 0xff
 *(SORT_BY_ALIGNMENT(.text_Flash3))
 *(SORT_BY_ALIGNMENT(.text_BOARD_FLASH_BOOT))
 *(SORT_BY_ALIGNMENT(.text.$Flash3))
 *(SORT_BY_ALIGNMENT(.text.$BOARD_FLASH_BOOT))
 *(SORT_BY_ALIGNMENT(.text_Flash3.*))
 *(SORT_BY_ALIGNMENT(.text_BOARD_FLASH_BOOT.*))
 *(SORT_BY_ALIGNMENT(.text.$Flash3.*))
 *(SORT_BY_ALIGNMENT(.text.$BOARD_FLASH_BOOT.*))
 *(SORT_BY_ALIGNMENT(.rodata.$Flash3))
 *(SORT_BY_ALIGNMENT(.rodata.$BOARD_FLASH_BOOT))
 *(SORT_BY_ALIGNMENT(.rodata.$Flash3.*))
 *(SORT_BY_ALIGNMENT(.rodata.$BOARD_FLASH_BOOT.*))

.text           0x00000800     0x6c38 load address 0x30008000
 FILL mask 0xff
                0x00000800                __vectors_start__ = ABSOLUTE (.)
 *(SORT_BY_ALIGNMENT(.isr_vector))
 .isr_vector    0x00000800      0x3a8 ./startup/startup_mimxrt1176_cm7.o
                0x00000800                g_pfnVectors
                0x00000800                __Vectors
                0x00000ba8                . = ALIGN (0x4)
                0x00000ba8                __section_table_start = .
                0x00000ba8                __data_section_table = .
                0x00000ba8        0x4 LONG 0x7438 ((LOADADDR (.data_RAM) - LOADADDR (.text)) + __base_SRAM_ITC_cm7_APP)
                0x00000bac        0x4 LONG 0x20004000 ADDR (.data_RAM)
                0x00000bb0        0x4 LONG 0x0 SIZEOF (.data_RAM)
                0x00000bb4        0x4 LONG 0x7438 ((LOADADDR (.data_RAM2) - LOADADDR (.text)) + __base_SRAM_ITC_cm7_APP)
                0x00000bb8        0x4 LONG 0x20000000 ADDR (.data_RAM2)
                0x00000bbc        0x4 LONG 0x0 SIZEOF (.data_RAM2)
                0x00000bc0        0x4 LONG 0x7438 ((LOADADDR (.data) - LOADADDR (.text)) + __base_SRAM_ITC_cm7_APP)
                0x00000bc4        0x4 LONG 0x7438 ADDR (.data)
                0x00000bc8        0x4 LONG 0x4 SIZEOF (.data)
                0x00000bcc        0x4 LONG 0x7438 ((LOADADDR (.data_RAM4) - LOADADDR (.text)) + __base_SRAM_ITC_cm7_APP)
                0x00000bd0        0x4 LONG 0x0 ADDR (.data_RAM4)
                0x00000bd4        0x4 LONG 0x0 SIZEOF (.data_RAM4)
                0x00000bd8        0x4 LONG 0x7438 ((LOADADDR (.data_RAM5) - LOADADDR (.text)) + __base_SRAM_ITC_cm7_APP)
                0x00000bdc        0x4 LONG 0x20240000 ADDR (.data_RAM5)
                0x00000be0        0x4 LONG 0x0 SIZEOF (.data_RAM5)
                0x00000be4        0x4 LONG 0x7438 ((LOADADDR (.data_RAM6) - LOADADDR (.text)) + __base_SRAM_ITC_cm7_APP)
                0x00000be8        0x4 LONG 0x202c0000 ADDR (.data_RAM6)
                0x00000bec        0x4 LONG 0x0 SIZEOF (.data_RAM6)
                0x00000bf0        0x4 LONG 0x7438 ((LOADADDR (.data_RAM7) - LOADADDR (.text)) + __base_SRAM_ITC_cm7_APP)
                0x00000bf4        0x4 LONG 0x20340000 ADDR (.data_RAM7)
                0x00000bf8        0x4 LONG 0x0 SIZEOF (.data_RAM7)
                0x00000bfc        0x4 LONG 0x7438 ((LOADADDR (.data_RAM8) - LOADADDR (.text)) + __base_SRAM_ITC_cm7_APP)
                0x00000c00        0x4 LONG 0x20350000 ADDR (.data_RAM8)
                0x00000c04        0x4 LONG 0x0 SIZEOF (.data_RAM8)
                0x00000c08        0x4 LONG 0x7438 ((LOADADDR (.data_RAM9) - LOADADDR (.text)) + __base_SRAM_ITC_cm7_APP)
                0x00000c0c        0x4 LONG 0x20360000 ADDR (.data_RAM9)
                0x00000c10        0x4 LONG 0x0 SIZEOF (.data_RAM9)
                0x00000c14        0x4 LONG 0x7438 ((LOADADDR (.data_RAM10) - LOADADDR (.text)) + __base_SRAM_ITC_cm7_APP)
                0x00000c18        0x4 LONG 0x80000000 ADDR (.data_RAM10)
                0x00000c1c        0x4 LONG 0x0 SIZEOF (.data_RAM10)
                0x00000c20        0x4 LONG 0x7438 ((LOADADDR (.data_RAM11) - LOADADDR (.text)) + __base_SRAM_ITC_cm7_APP)
                0x00000c24        0x4 LONG 0x83000000 ADDR (.data_RAM11)
                0x00000c28        0x4 LONG 0x0 SIZEOF (.data_RAM11)
                0x00000c2c                __data_section_table_end = .
                0x00000c2c                __bss_section_table = .
                0x00000c2c        0x4 LONG 0x20004000 ADDR (.bss_RAM)
                0x00000c30        0x4 LONG 0x0 SIZEOF (.bss_RAM)
                0x00000c34        0x4 LONG 0x20000000 ADDR (.bss_RAM2)
                0x00000c38        0x4 LONG 0x0 SIZEOF (.bss_RAM2)
                0x00000c3c        0x4 LONG 0x743c ADDR (.bss)
                0x00000c40        0x4 LONG 0x80 SIZEOF (.bss)
                0x00000c44        0x4 LONG 0x0 ADDR (.bss_RAM4)
                0x00000c48        0x4 LONG 0x0 SIZEOF (.bss_RAM4)
                0x00000c4c        0x4 LONG 0x20240000 ADDR (.bss_RAM5)
                0x00000c50        0x4 LONG 0x0 SIZEOF (.bss_RAM5)
                0x00000c54        0x4 LONG 0x202c0000 ADDR (.bss_RAM6)
                0x00000c58        0x4 LONG 0x0 SIZEOF (.bss_RAM6)
                0x00000c5c        0x4 LONG 0x20340000 ADDR (.bss_RAM7)
                0x00000c60        0x4 LONG 0x0 SIZEOF (.bss_RAM7)
                0x00000c64        0x4 LONG 0x20350000 ADDR (.bss_RAM8)
                0x00000c68        0x4 LONG 0x0 SIZEOF (.bss_RAM8)
                0x00000c6c        0x4 LONG 0x20360000 ADDR (.bss_RAM9)
                0x00000c70        0x4 LONG 0x0 SIZEOF (.bss_RAM9)
                0x00000c74        0x4 LONG 0x80000000 ADDR (.bss_RAM10)
                0x00000c78        0x4 LONG 0x0 SIZEOF (.bss_RAM10)
                0x00000c7c        0x4 LONG 0x83000000 ADDR (.bss_RAM11)
                0x00000c80        0x4 LONG 0x0 SIZEOF (.bss_RAM11)
                0x00000c84                __bss_section_table_end = .
                0x00000c84                __section_table_end = .
 *(SORT_BY_ALIGNMENT(.after_vectors*))
 .after_vectors.init_data
                0x00000c84       0x54 ./startup/startup_mimxrt1176_cm7.o
                0x00000c84                data_init(unsigned int, unsigned int, unsigned int)
 .after_vectors.init_bss
                0x00000cd8       0x4c ./startup/startup_mimxrt1176_cm7.o
                0x00000cd8                bss_init(unsigned int, unsigned int)
 .after_vectors.reset
                0x00000d24       0x58 ./startup/startup_mimxrt1176_cm7.o
                0x00000d24                ResetISR
 .after_vectors
                0x00000d7c       0x14 ./startup/startup_mimxrt1176_cm7.o
                0x00000d7c                NMI_Handler
                0x00000d80                MemManage_Handler
                0x00000d82                BusFault_Handler
                0x00000d84                UsageFault_Handler
                0x00000d86                SVC_Handler
                0x00000d88                DebugMon_Handler
                0x00000d8a                PendSV_Handler
                0x00000d8e                FLEXRAM_ECC_DriverIRQHandler
                0x00000d8e                SAI3_RX_DriverIRQHandler
                0x00000d8e                ADC_ETC_IRQ3_DriverIRQHandler
                0x00000d8e                Reserved168_DriverIRQHandler
                0x00000d8e                Reserved178_DriverIRQHandler
                0x00000d8e                SNVS_HP_NON_TZ_DriverIRQHandler
                0x00000d8e                PWM4_FAULT_DriverIRQHandler
                0x00000d8e                DMA13_DMA29_DriverIRQHandler
                0x00000d8e                Reserved185_DriverIRQHandler
                0x00000d8e                FLEXRAM_DriverIRQHandler
                0x00000d8e                KEY_MANAGER_DriverIRQHandler
                0x00000d8e                LPSPI4_DriverIRQHandler
                0x00000d8e                SEMC_DriverIRQHandler
                0x00000d8e                SPDIF_DriverIRQHandler
                0x00000d8e                PWM4_3_DriverIRQHandler
                0x00000d8e                LPI2C5_DriverIRQHandler
                0x00000d8e                TMPSNS_LOW_HIGH_DriverIRQHandler
                0x00000d8e                LPSPI2_DriverIRQHandler
                0x00000d8e                FLEXSPI2_DriverIRQHandler
                0x00000d8e                RDC_DriverIRQHandler
                0x00000d8e                GPIO3_Combined_0_15_DriverIRQHandler
                0x00000d8e                Reserved167_DriverIRQHandler
                0x00000d8e                CAN3_DriverIRQHandler
                0x00000d8e                PIT2_DriverIRQHandler
                0x00000d8e                CAAM_RTIC_DriverIRQHandler
                0x00000d8e                OCOTP_READ_FUSE_ERROR_DriverIRQHandler
                0x00000d8e                DMA7_DMA23_DriverIRQHandler
                0x00000d8e                GPIO6_Combined_16_31_DriverIRQHandler
                0x00000d8e                SAI4_TX_DriverIRQHandler
                0x00000d8e                Reserved110_DriverIRQHandler
                0x00000d8e                Reserved210_DriverIRQHandler
                0x00000d8e                LPI2C3_DriverIRQHandler
                0x00000d8e                GPR_IRQ_DriverIRQHandler
                0x00000d8e                Reserved208_DriverIRQHandler
                0x00000d8e                PWM2_FAULT_DriverIRQHandler
                0x00000d8e                PWM3_1_DriverIRQHandler
                0x00000d8e                SEMA4_CP1_DriverIRQHandler
                0x00000d8e                DAC_DriverIRQHandler
                0x00000d8e                ENET_1G_MAC0_Tx_Rx_1_DriverIRQHandler
                0x00000d8e                XECC_FLEXSPI2_INT_DriverIRQHandler
                0x00000d8e                LPSR_LP8_BROWNOUT_DriverIRQHandler
                0x00000d8e                Reserved166_DriverIRQHandler
                0x00000d8e                DMA14_DMA30_DriverIRQHandler
                0x00000d8e                TMR1_DriverIRQHandler
                0x00000d8e                PWM3_2_DriverIRQHandler
                0x00000d8e                ENET_1588_Timer_DriverIRQHandler
                0x00000d8e                ENET_QOS_PMT_DriverIRQHandler
                0x00000d8e                FLEXIO2_DriverIRQHandler
                0x00000d8e                GPIO2_Combined_16_31_DriverIRQHandler
                0x00000d8e                KPP_DriverIRQHandler
                0x00000d8e                CTI_TRIGGER_OUT0_DriverIRQHandler
                0x00000d8e                PWM4_1_DriverIRQHandler
                0x00000d8e                Reserved213_DriverIRQHandler
                0x00000d8e                CAAM_IRQ0_DriverIRQHandler
                0x00000d8e                RTWDOG3_DriverIRQHandler
                0x00000d8e                PWM3_3_DriverIRQHandler
                0x00000d8e                DMA0_DMA16_DriverIRQHandler
                0x00000d8e                IntDefaultHandler
                0x00000d8e                DMA2_DMA18_DriverIRQHandler
                0x00000d8e                XECC_FLEXSPI1_FATAL_INT_DriverIRQHandler
                0x00000d8e                XECC_SEMC_INT_DriverIRQHandler
                0x00000d8e                USDHC1_DriverIRQHandler
                0x00000d8e                ENC3_DriverIRQHandler
                0x00000d8e                PWM3_FAULT_DriverIRQHandler
                0x00000d8e                DCIC1_DriverIRQHandler
                0x00000d8e                LPI2C6_DriverIRQHandler
                0x00000d8e                TMPSNS_PANIC_DriverIRQHandler
                0x00000d8e                EWM_DriverIRQHandler
                0x00000d8e                WDOG1_DriverIRQHandler
                0x00000d8e                FLEXIO1_DriverIRQHandler
                0x00000d8e                ENET_DriverIRQHandler
                0x00000d8e                TMR4_DriverIRQHandler
                0x00000d8e                ENC2_DriverIRQHandler
                0x00000d8e                ENET_1G_MAC0_Tx_Rx_2_DriverIRQHandler
                0x00000d8e                ADC_ETC_IRQ2_DriverIRQHandler
                0x00000d8e                GPIO1_Combined_16_31_DriverIRQHandler
                0x00000d8e                SAI1_DriverIRQHandler
                0x00000d8e                DMA12_DMA28_DriverIRQHandler
                0x00000d8e                MECC1_FATAL_INT_DriverIRQHandler
                0x00000d8e                PWM4_0_DriverIRQHandler
                0x00000d8e                MIPI_DSI_DriverIRQHandler
                0x00000d8e                ADC_ETC_ERROR_IRQ_DriverIRQHandler
                0x00000d8e                ACMP2_DriverIRQHandler
                0x00000d8e                GPIO5_Combined_0_15_DriverIRQHandler
                0x00000d8e                GPU2D_DriverIRQHandler
                0x00000d8e                GPT2_DriverIRQHandler
                0x00000d8e                MUA_DriverIRQHandler
                0x00000d8e                CAN3_ERROR_DriverIRQHandler
                0x00000d8e                DMA10_DMA26_DriverIRQHandler
                0x00000d8e                PWM2_1_DriverIRQHandler
                0x00000d8e                PWM1_1_DriverIRQHandler
                0x00000d8e                PXP_DriverIRQHandler
                0x00000d8e                ADC1_DriverIRQHandler
                0x00000d8e                PDM_ERROR_DriverIRQHandler
                0x00000d8e                MIPI_CSI_DriverIRQHandler
                0x00000d8e                CAAM_IRQ3_DriverIRQHandler
                0x00000d8e                PWM1_0_DriverIRQHandler
                0x00000d8e                CAAM_IRQ1_DriverIRQHandler
                0x00000d8e                DMA1_DMA17_DriverIRQHandler
                0x00000d8e                GPT6_DriverIRQHandler
                0x00000d8e                PIT1_DriverIRQHandler
                0x00000d8e                ENC1_DriverIRQHandler
                0x00000d8e                ENC4_DriverIRQHandler
                0x00000d8e                CAN2_DriverIRQHandler
                0x00000d8e                Reserved169_DriverIRQHandler
                0x00000d8e                LPSR_LP0_BROWNOUT_DriverIRQHandler
                0x00000d8e                CAN2_ERROR_DriverIRQHandler
                0x00000d8e                GPT5_DriverIRQHandler
                0x00000d8e                DMA8_DMA24_DriverIRQHandler
                0x00000d8e                GPT1_DriverIRQHandler
                0x00000d8e                SNVS_HP_TZ_DriverIRQHandler
                0x00000d8e                CAAM_RECORVE_ERRPR_DriverIRQHandler
                0x00000d8e                CAAM_IRQ2_DriverIRQHandler
                0x00000d8e                ACMP3_DriverIRQHandler
                0x00000d8e                DMA6_DMA22_DriverIRQHandler
                0x00000d8e                GPIO6_Combined_0_15_DriverIRQHandler
                0x00000d8e                SAI4_RX_DriverIRQHandler
                0x00000d8e                TMR3_DriverIRQHandler
                0x00000d8e                TMR2_DriverIRQHandler
                0x00000d8e                DCIC2_DriverIRQHandler
                0x00000d8e                FLEXSPI1_DriverIRQHandler
                0x00000d8e                GPIO1_Combined_0_15_DriverIRQHandler
                0x00000d8e                USDHC2_DriverIRQHandler
                0x00000d8e                PWM4_2_DriverIRQHandler
                0x00000d8e                Reserved214_DriverIRQHandler
                0x00000d8e                SAI2_DriverIRQHandler
                0x00000d8e                CORE_DriverIRQHandler
                0x00000d8e                LPSPI6_DriverIRQHandler
                0x00000d8e                USBPHY2_DriverIRQHandler
                0x00000d8e                OCOTP_READ_DONE_ERROR_DriverIRQHandler
                0x00000d8e                CDOG_DriverIRQHandler
                0x00000d8e                USBPHY1_DriverIRQHandler
                0x00000d8e                PDM_EVENT_DriverIRQHandler
                0x00000d8e                LCDIFv2_DriverIRQHandler
                0x00000d8e                Reserved186_DriverIRQHandler
                0x00000d8e                Reserved211_DriverIRQHandler
                0x00000d8e                DMA11_DMA27_DriverIRQHandler
                0x00000d8e                CSI_DriverIRQHandler
                0x00000d8e                PWM2_3_DriverIRQHandler
                0x00000d8e                XBAR1_IRQ_2_3_DriverIRQHandler
                0x00000d8e                GPIO3_Combined_16_31_DriverIRQHandler
                0x00000d8e                PWM1_FAULT_DriverIRQHandler
                0x00000d8e                LPI2C1_DriverIRQHandler
                0x00000d8e                EMVSIM2_DriverIRQHandler
                0x00000d8e                MECC2_FATAL_INT_DriverIRQHandler
                0x00000d8e                PWM2_2_DriverIRQHandler
                0x00000d8e                DMA4_DMA20_DriverIRQHandler
                0x00000d8e                DMA9_DMA25_DriverIRQHandler
                0x00000d8e                GPT4_DriverIRQHandler
                0x00000d8e                XBAR1_IRQ_0_1_DriverIRQHandler
                0x00000d8e                ADC_ETC_IRQ1_DriverIRQHandler
                0x00000d8e                LPSPI1_DriverIRQHandler
                0x00000d8e                Reserved215_DriverIRQHandler
                0x00000d8e                DMA3_DMA19_DriverIRQHandler
                0x00000d8e                XECC_FLEXSPI1_INT_DriverIRQHandler
                0x00000d8e                ENET_QOS_DriverIRQHandler
                0x00000d8e                LPSPI5_DriverIRQHandler
                0x00000d8e                SEMA4_CP0_DriverIRQHandler
                0x00000d8e                Reserved170_DriverIRQHandler
                0x00000d8e                Reserved177_DriverIRQHandler
                0x00000d8e                LPI2C4_DriverIRQHandler
                0x00000d8e                GPC_DriverIRQHandler
                0x00000d8e                GPIO2_Combined_0_15_DriverIRQHandler
                0x00000d8e                GPT3_DriverIRQHandler
                0x00000d8e                TMPSNS_INT_DriverIRQHandler
                0x00000d8e                PWM1_2_DriverIRQHandler
                0x00000d8e                USB_OTG1_DriverIRQHandler
                0x00000d8e                XECC_SEMC_FATAL_INT_DriverIRQHandler
                0x00000d8e                SAI3_TX_DriverIRQHandler
                0x00000d8e                WDOG2_DriverIRQHandler
                0x00000d8e                Reserved68_DriverIRQHandler
                0x00000d8e                MECC2_INT_DriverIRQHandler
                0x00000d8e                ENET_1G_1588_Timer_DriverIRQHandler
                0x00000d8e                Reserved180_DriverIRQHandler
                0x00000d8e                PWM3_0_DriverIRQHandler
                0x00000d8e                CAN1_ERROR_DriverIRQHandler
                0x00000d8e                GPIO4_Combined_0_15_DriverIRQHandler
                0x00000d8e                GPIO4_Combined_16_31_DriverIRQHandler
                0x00000d8e                GPIO5_Combined_16_31_DriverIRQHandler
                0x00000d8e                EMVSIM1_DriverIRQHandler
                0x00000d8e                ASRC_DriverIRQHandler
                0x00000d8e                DMA5_DMA21_DriverIRQHandler
                0x00000d8e                Reserved179_DriverIRQHandler
                0x00000d8e                ADC2_DriverIRQHandler
                0x00000d8e                ACMP4_DriverIRQHandler
                0x00000d8e                DMA15_DMA31_DriverIRQHandler
                0x00000d8e                PDM_HWVAD_ERROR_DriverIRQHandler
                0x00000d8e                LPSPI3_DriverIRQHandler
                0x00000d8e                PWM1_3_DriverIRQHandler
                0x00000d8e                PDM_HWVAD_EVENT_DriverIRQHandler
                0x00000d8e                ACMP1_DriverIRQHandler
                0x00000d8e                LPI2C2_DriverIRQHandler
                0x00000d8e                XECC_FLEXSPI2_FATAL_INT_DriverIRQHandler
                0x00000d8e                DMA_ERROR_DriverIRQHandler
                0x00000d8e                ADC_ETC_IRQ0_DriverIRQHandler
                0x00000d8e                Reserved212_DriverIRQHandler
                0x00000d8e                CAN1_DriverIRQHandler
                0x00000d8e                eLCDIF_DriverIRQHandler
                0x00000d8e                MECC1_INT_DriverIRQHandler
                0x00000d8e                CTI_TRIGGER_OUT1_DriverIRQHandler
                0x00000d8e                PWM2_0_DriverIRQHandler
                0x00000d8e                ENET_1G_DriverIRQHandler
                0x00000d8e                Reserved209_DriverIRQHandler
                0x00000d8e                SNVS_PULSE_EVENT_DriverIRQHandler
                0x00000d8e                CM7_GPIO2_3_DriverIRQHandler
                0x00000d8e                GPIO13_Combined_0_31_DriverIRQHandler
                0x00000d8e                USB_OTG2_DriverIRQHandler
 *(SORT_BY_ALIGNMENT(.text*))
 .text.CLOCK_GetAvPllFreq
                0x00000d90      0x12c ./drivers/fsl_clock.o
 .text.__assert_func
                0x00000ebc       0x28 ./utilities/fsl_assert.o
                0x00000ebc                __assert_func
 .text.DbgConsole_SendDataReliable
                0x00000ee4       0x54 ./utilities/fsl_debug_console.o
                0x00000ee4                DbgConsole_SendDataReliable
 .text.DbgConsole_Init
                0x00000f38      0x128 ./utilities/fsl_debug_console.o
                0x00000f38                DbgConsole_Init
 .text.DbgConsole_Vprintf
                0x00001060       0x6c ./utilities/fsl_debug_console.o
                0x00001060                DbgConsole_Vprintf
 .text.__NVIC_EnableIRQ
                0x000010cc       0x3c ./source/MIMXRT1170_EVK_App.o
 .text.__NVIC_SetPriority
                0x00001108       0x54 ./source/MIMXRT1170_EVK_App.o
 .text.SysTick_Config
                0x0000115c       0x44 ./source/MIMXRT1170_EVK_App.o
 .text.SysTick_Handler
                0x000011a0       0x24 ./source/MIMXRT1170_EVK_App.o
                0x000011a0                SysTick_Handler
 .text.Systick_delay
                0x000011c4       0x4c ./source/MIMXRT1170_EVK_App.o
                0x000011c4                Systick_delay
 .text.app_main
                0x00001210       0x88 ./source/MIMXRT1170_EVK_App.o
                0x00001210                app_main
 .text.ANATOP_AI_Access
                0x00001298      0x630 ./drivers/fsl_anatop_ai.o
                0x00001298                ANATOP_AI_Access
 .text.CLOCK_GetRootClockMux
                0x000018c8       0x2c ./drivers/fsl_clock.o
 .text.CLOCK_GetRootClockDiv
                0x000018f4       0x28 ./drivers/fsl_clock.o
 .text.CLOCK_GetRootClockFreq
                0x0000191c       0x68 ./drivers/fsl_clock.o
 .text.CLOCK_InitArmPll
                0x00001984      0x15c ./drivers/fsl_clock.o
                0x00001984                CLOCK_InitArmPll
 .text.CLOCK_InitSysPll2
                0x00001ae0      0x1c4 ./drivers/fsl_clock.o
                0x00001ae0                CLOCK_InitSysPll2
 .text.CLOCK_InitPfd
                0x00001ca4      0x188 ./drivers/fsl_clock.o
                0x00001ca4                CLOCK_InitPfd
 .text.CLOCK_GetPfdFreq
                0x00001e2c      0x100 ./drivers/fsl_clock.o
                0x00001e2c                CLOCK_GetPfdFreq
 .text.CLOCK_InitSysPll3
                0x00001f2c       0xf4 ./drivers/fsl_clock.o
                0x00001f2c                CLOCK_InitSysPll3
 .text.CLOCK_SetPllBypass
                0x00002020       0xf0 ./drivers/fsl_clock.o
                0x00002020                CLOCK_SetPllBypass
 .text.ANATOP_PllToggleHoldRingOff
                0x00002110       0x34 ./drivers/fsl_clock.o
 .text.ANATOP_PllConfigure
                0x00002144       0xb4 ./drivers/fsl_clock.o
 .text.ANATOP_AudioPllGate
                0x000021f8       0x48 ./drivers/fsl_clock.o
 .text.ANATOP_AudioPllSwEnClk
                0x00002240       0x48 ./drivers/fsl_clock.o
 .text.ANATOP_VideoPllGate
                0x00002288       0x48 ./drivers/fsl_clock.o
 .text.ANATOP_VideoPllSwEnClk
                0x000022d0       0x48 ./drivers/fsl_clock.o
 .text.CLOCK_InitVideoPll
                0x00002318       0xd4 ./drivers/fsl_clock.o
                0x00002318                CLOCK_InitVideoPll
 .text.ANATOP_SysPll1Gate
                0x000023ec       0x48 ./drivers/fsl_clock.o
 .text.ANATOP_SysPll1Div2En
                0x00002434       0x48 ./drivers/fsl_clock.o
 .text.ANATOP_SysPll1Div5En
                0x0000247c       0x48 ./drivers/fsl_clock.o
 .text.ANATOP_SysPll1SwEnClk
                0x000024c4       0x48 ./drivers/fsl_clock.o
 .text.CLOCK_GetPllFreq
                0x0000250c       0xe8 ./drivers/fsl_clock.o
                0x0000250c                CLOCK_GetPllFreq
 .text.CLOCK_GetFreq
                0x000025f4      0x1dc ./drivers/fsl_clock.o
                0x000025f4                CLOCK_GetFreq
 .text.CLOCK_OSC_EnableOscRc400M
                0x000027d0       0x2c ./drivers/fsl_clock.o
                0x000027d0                CLOCK_OSC_EnableOscRc400M
 .text.SDK_DelayAtLeastUs
                0x000027fc       0xa0 ./drivers/fsl_common_arm.o
                0x000027fc                SDK_DelayAtLeastUs
 .text.DCDC_BootIntoDCM
                0x0000289c       0x64 ./drivers/fsl_dcdc.o
                0x0000289c                DCDC_BootIntoDCM
 .text.CLOCK_ControlGate
                0x00002900       0x7c ./drivers/fsl_gpio.o
 .text.GPIO_GetInstance
                0x0000297c       0x58 ./drivers/fsl_gpio.o
 .text.GPIO_PinInit
                0x000029d4       0xa0 ./drivers/fsl_gpio.o
                0x000029d4                GPIO_PinInit
 .text.GPIO_PinWrite
                0x00002a74       0x54 ./drivers/fsl_gpio.o
                0x00002a74                GPIO_PinWrite
 .text.GPIO_PinSetInterruptConfig
                0x00002ac8       0xfc ./drivers/fsl_gpio.o
                0x00002ac8                GPIO_PinSetInterruptConfig
 .text.CLOCK_ControlGate
                0x00002bc4       0x7c ./drivers/fsl_lpuart.o
 .text.LPUART_GetInstance
                0x00002c40       0x58 ./drivers/fsl_lpuart.o
                0x00002c40                LPUART_GetInstance
 .text.LPUART_Init
                0x00002c98      0x330 ./drivers/fsl_lpuart.o
                0x00002c98                LPUART_Init
 .text.LPUART_GetDefaultConfig
                0x00002fc8       0x98 ./drivers/fsl_lpuart.o
                0x00002fc8                LPUART_GetDefaultConfig
 .text.LPUART_WriteBlocking
                0x00003060       0x78 ./drivers/fsl_lpuart.o
                0x00003060                LPUART_WriteBlocking
 .text.LPUART1_DriverIRQHandler
                0x000030d8       0x28 ./drivers/fsl_lpuart.o
                0x000030d8                LPUART1_DriverIRQHandler
 .text.LPUART2_DriverIRQHandler
                0x00003100       0x28 ./drivers/fsl_lpuart.o
                0x00003100                LPUART2_DriverIRQHandler
 .text.LPUART3_DriverIRQHandler
                0x00003128       0x28 ./drivers/fsl_lpuart.o
                0x00003128                LPUART3_DriverIRQHandler
 .text.LPUART4_DriverIRQHandler
                0x00003150       0x28 ./drivers/fsl_lpuart.o
                0x00003150                LPUART4_DriverIRQHandler
 .text.LPUART5_DriverIRQHandler
                0x00003178       0x28 ./drivers/fsl_lpuart.o
                0x00003178                LPUART5_DriverIRQHandler
 .text.LPUART6_DriverIRQHandler
                0x000031a0       0x28 ./drivers/fsl_lpuart.o
                0x000031a0                LPUART6_DriverIRQHandler
 .text.LPUART7_DriverIRQHandler
                0x000031c8       0x28 ./drivers/fsl_lpuart.o
                0x000031c8                LPUART7_DriverIRQHandler
 .text.LPUART8_DriverIRQHandler
                0x000031f0       0x28 ./drivers/fsl_lpuart.o
                0x000031f0                LPUART8_DriverIRQHandler
 .text.LPUART9_DriverIRQHandler
                0x00003218       0x28 ./drivers/fsl_lpuart.o
                0x00003218                LPUART9_DriverIRQHandler
 .text.LPUART10_DriverIRQHandler
                0x00003240       0x28 ./drivers/fsl_lpuart.o
                0x00003240                LPUART10_DriverIRQHandler
 .text.LPUART11_DriverIRQHandler
                0x00003268       0x28 ./drivers/fsl_lpuart.o
                0x00003268                LPUART11_DriverIRQHandler
 .text.LPUART12_DriverIRQHandler
                0x00003290       0x28 ./drivers/fsl_lpuart.o
                0x00003290                LPUART12_DriverIRQHandler
 .text.PMU_StaticEnablePllLdo
                0x000032b8       0x4c ./drivers/fsl_pmu.o
                0x000032b8                PMU_StaticEnablePllLdo
 .text.PMU_StaticEnableLpsrAnaLdoBypassMode
                0x00003304       0xc8 ./drivers/fsl_pmu.o
                0x00003304                PMU_StaticEnableLpsrAnaLdoBypassMode
 .text.PMU_StaticEnableLpsrDigLdoBypassMode
                0x000033cc       0xa8 ./drivers/fsl_pmu.o
                0x000033cc                PMU_StaticEnableLpsrDigLdoBypassMode
 .text.PMU_EnableBodyBias
                0x00003474      0x14c ./drivers/fsl_pmu.o
                0x00003474                PMU_EnableBodyBias
 .text.SystemInit
                0x000035c0      0x18c ./device/system_MIMXRT1176_cm7.o
                0x000035c0                SystemInit
 .text.HAL_UartInitCommon
                0x0000374c       0xac ./component/uart/fsl_adapter_lpuart.o
 .text.HAL_UartInit
                0x000037f8       0xac ./component/uart/fsl_adapter_lpuart.o
                0x000037f8                HAL_UartInit
 .text.HAL_UartSendBlocking
                0x000038a4       0x84 ./component/uart/fsl_adapter_lpuart.o
                0x000038a4                HAL_UartSendBlocking
 .text.CLOCK_GetRootClockMux
                0x00003928       0x2c ./board/board.o
 .text.CLOCK_GetRootClockDiv
                0x00003954       0x28 ./board/board.o
 .text.CLOCK_GetRootClockFreq
                0x0000397c       0x68 ./board/board.o
 .text.CLOCK_GetRootClockMux
                0x000039e4       0x2c ./board/clock_config.o
 .text.CLOCK_GetRootClockDiv
                0x00003a10       0x28 ./board/clock_config.o
 .text.CLOCK_SetRootClock
                0x00003a38       0x7c ./board/clock_config.o
 .text.CLOCK_GetRootClockFreq
                0x00003ab4       0x68 ./board/clock_config.o
 .text.CLOCK_OSC_EnableOsc48M
                0x00003b1c       0x3c ./board/clock_config.o
 .text.CLOCK_OSC_EnableOsc48MDiv2
                0x00003b58       0x3c ./board/clock_config.o
 .text.CLOCK_OSC_GateOscRc400M
                0x00003b94       0x3c ./board/clock_config.o
 .text.IOMUXC_MQSConfig
                0x00003bd0       0x40 ./board/clock_config.o
 .text.BOARD_BootClockRUN
                0x00003c10      0x7c0 ./board/clock_config.o
                0x00003c10                BOARD_BootClockRUN
 .text.CLOCK_ControlGate
                0x000043d0       0x7c ./board/pin_mux.o
 .text.BOARD_InitPins
                0x0000444c       0x7c ./board/pin_mux.o
                0x0000444c                BOARD_InitPins
 .text          0x000044c8      0x378 d:/develop/program/nxp/mcuxpressoide_11.6.0_8187/ide/plugins/com.nxp.mcuxpresso.tools.win32_11.6.0.202112161359/tools/bin/../lib/gcc/arm-none-eabi/10.3.1/thumb/v7e-m+fp/hard\libgcc.a(_arm_addsubdf3.o)
                0x000044c8                __aeabi_drsub
                0x000044d0                __aeabi_dsub
                0x000044d0                __subdf3
                0x000044d4                __aeabi_dadd
                0x000044d4                __adddf3
                0x0000474c                __floatunsidf
                0x0000474c                __aeabi_ui2d
                0x0000476c                __floatsidf
                0x0000476c                __aeabi_i2d
                0x00004790                __aeabi_f2d
                0x00004790                __extendsfdf2
                0x000047d4                __floatundidf
                0x000047d4                __aeabi_ul2d
                0x000047e4                __floatdidf
                0x000047e4                __aeabi_l2d
 .text          0x00004840      0x424 d:/develop/program/nxp/mcuxpressoide_11.6.0_8187/ide/plugins/com.nxp.mcuxpresso.tools.win32_11.6.0.202112161359/tools/bin/../lib/gcc/arm-none-eabi/10.3.1/thumb/v7e-m+fp/hard\libgcc.a(_arm_muldivdf3.o)
                0x00004840                __aeabi_dmul
                0x00004840                __muldf3
                0x00004a94                __divdf3
                0x00004a94                __aeabi_ddiv
 .text          0x00004c64       0x40 d:/develop/program/nxp/mcuxpressoide_11.6.0_8187/ide/plugins/com.nxp.mcuxpresso.tools.win32_11.6.0.202112161359/tools/bin/../lib/gcc/arm-none-eabi/10.3.1/thumb/v7e-m+fp/hard\libgcc.a(_arm_fixunsdfsi.o)
                0x00004c64                __aeabi_d2uiz
                0x00004c64                __fixunsdfsi
 .text          0x00004ca4       0x30 d:/develop/program/nxp/mcuxpressoide_11.6.0_8187/ide/plugins/com.nxp.mcuxpresso.tools.win32_11.6.0.202112161359/tools/bin/../lib/gcc/arm-none-eabi/10.3.1/thumb/v7e-m+fp/hard\libgcc.a(_aeabi_uldivmod.o)
                0x00004ca4                __aeabi_uldivmod
 .text          0x00004cd4      0x2d0 d:/develop/program/nxp/mcuxpressoide_11.6.0_8187/ide/plugins/com.nxp.mcuxpresso.tools.win32_11.6.0.202112161359/tools/bin/../lib/gcc/arm-none-eabi/10.3.1/thumb/v7e-m+fp/hard\libgcc.a(_udivmoddi4.o)
                0x00004cd4                __udivmoddi4
 .text          0x00004fa4        0x4 d:/develop/program/nxp/mcuxpressoide_11.6.0_8187/ide/plugins/com.nxp.mcuxpresso.tools.win32_11.6.0.202112161359/tools/bin/../lib/gcc/arm-none-eabi/10.3.1/thumb/v7e-m+fp/hard\libgcc.a(_dvmd_tls.o)
                0x00004fa4                __aeabi_idiv0
                0x00004fa4                __aeabi_ldiv0
 .text.__libc_init_array
                0x00004fa8       0x48 d:/develop/program/nxp/mcuxpressoide_11.6.0_8187/ide/plugins/com.nxp.mcuxpresso.tools.win32_11.6.0.202112161359/tools/bin/../lib/gcc/arm-none-eabi/10.3.1/../../../../arm-none-eabi/lib/thumb/v7e-m+fp/hard\libc_nano.a(lib_a-init.o)
                0x00004fa8                __libc_init_array
 .text          0x00004ff0       0x40 d:/develop/program/nxp/mcuxpressoide_11.6.0_8187/ide/plugins/com.nxp.mcuxpresso.tools.win32_11.6.0.202112161359/tools/bin/../lib/gcc/arm-none-eabi/10.3.1/thumb/v7e-m+fp/hard\crtbegin.o
 .text.DbgConsole_PrintCallback
                0x00005030       0x66 ./utilities/fsl_debug_console.o
 .text.DbgConsole_Printf
                0x00005096       0x2c ./utilities/fsl_debug_console.o
                0x00005096                DbgConsole_Printf
 .text.PrintGetWidth
                0x000050c2       0x6a ./utilities/fsl_str.o
 .text.PrintGetPrecision
                0x0000512c       0x8c ./utilities/fsl_str.o
 .text.PrintIsobpu
                0x000051b8       0x38 ./utilities/fsl_str.o
 .text.PrintIsdi
                0x000051f0       0x2c ./utilities/fsl_str.o
 .text.PrintOutputdifFobpu
                0x0000521c       0x44 ./utilities/fsl_str.o
 .text.PrintOutputxX
                0x00005260       0x44 ./utilities/fsl_str.o
 .text.PrintIsfF
                0x000052a4       0x2c ./utilities/fsl_str.o
 .text.PrintIsxX
                0x000052d0       0x2c ./utilities/fsl_str.o
 .text.PrintFilterLengthFlag
                0x000052fc       0x3e ./utilities/fsl_str.o
 .text.PrintGetRadixFromobpu
                0x0000533a       0x40 ./utilities/fsl_str.o
 .text.ConvertRadixNumToString
                0x0000537a       0xc2 ./utilities/fsl_str.o
 .text.StrFormatPrintf
                0x0000543c      0x2ac ./utilities/fsl_str.o
                0x0000543c                StrFormatPrintf
 .text.DMA0_DMA16_IRQHandler
                0x000056e8        0x8 ./startup/startup_mimxrt1176_cm7.o
                0x000056e8                DMA0_DMA16_IRQHandler
 .text.DMA1_DMA17_IRQHandler
                0x000056f0        0x8 ./startup/startup_mimxrt1176_cm7.o
                0x000056f0                DMA1_DMA17_IRQHandler
 .text.DMA2_DMA18_IRQHandler
                0x000056f8        0x8 ./startup/startup_mimxrt1176_cm7.o
                0x000056f8                DMA2_DMA18_IRQHandler
 .text.DMA3_DMA19_IRQHandler
                0x00005700        0x8 ./startup/startup_mimxrt1176_cm7.o
                0x00005700                DMA3_DMA19_IRQHandler
 .text.DMA4_DMA20_IRQHandler
                0x00005708        0x8 ./startup/startup_mimxrt1176_cm7.o
                0x00005708                DMA4_DMA20_IRQHandler
 .text.DMA5_DMA21_IRQHandler
                0x00005710        0x8 ./startup/startup_mimxrt1176_cm7.o
                0x00005710                DMA5_DMA21_IRQHandler
 .text.DMA6_DMA22_IRQHandler
                0x00005718        0x8 ./startup/startup_mimxrt1176_cm7.o
                0x00005718                DMA6_DMA22_IRQHandler
 .text.DMA7_DMA23_IRQHandler
                0x00005720        0x8 ./startup/startup_mimxrt1176_cm7.o
                0x00005720                DMA7_DMA23_IRQHandler
 .text.DMA8_DMA24_IRQHandler
                0x00005728        0x8 ./startup/startup_mimxrt1176_cm7.o
                0x00005728                DMA8_DMA24_IRQHandler
 .text.DMA9_DMA25_IRQHandler
                0x00005730        0x8 ./startup/startup_mimxrt1176_cm7.o
                0x00005730                DMA9_DMA25_IRQHandler
 .text.DMA10_DMA26_IRQHandler
                0x00005738        0x8 ./startup/startup_mimxrt1176_cm7.o
                0x00005738                DMA10_DMA26_IRQHandler
 .text.DMA11_DMA27_IRQHandler
                0x00005740        0x8 ./startup/startup_mimxrt1176_cm7.o
                0x00005740                DMA11_DMA27_IRQHandler
 .text.DMA12_DMA28_IRQHandler
                0x00005748        0x8 ./startup/startup_mimxrt1176_cm7.o
                0x00005748                DMA12_DMA28_IRQHandler
 .text.DMA13_DMA29_IRQHandler
                0x00005750        0x8 ./startup/startup_mimxrt1176_cm7.o
                0x00005750                DMA13_DMA29_IRQHandler
 .text.DMA14_DMA30_IRQHandler
                0x00005758        0x8 ./startup/startup_mimxrt1176_cm7.o
                0x00005758                DMA14_DMA30_IRQHandler
 .text.DMA15_DMA31_IRQHandler
                0x00005760        0x8 ./startup/startup_mimxrt1176_cm7.o
                0x00005760                DMA15_DMA31_IRQHandler
 .text.DMA_ERROR_IRQHandler
                0x00005768        0x8 ./startup/startup_mimxrt1176_cm7.o
                0x00005768                DMA_ERROR_IRQHandler
 .text.CTI_TRIGGER_OUT0_IRQHandler
                0x00005770        0x8 ./startup/startup_mimxrt1176_cm7.o
                0x00005770                CTI_TRIGGER_OUT0_IRQHandler
 .text.CTI_TRIGGER_OUT1_IRQHandler
                0x00005778        0x8 ./startup/startup_mimxrt1176_cm7.o
                0x00005778                CTI_TRIGGER_OUT1_IRQHandler
 .text.CORE_IRQHandler
                0x00005780        0x8 ./startup/startup_mimxrt1176_cm7.o
                0x00005780                CORE_IRQHandler
 .text.LPUART1_IRQHandler
                0x00005788        0x8 ./startup/startup_mimxrt1176_cm7.o
                0x00005788                LPUART1_IRQHandler
 .text.LPUART2_IRQHandler
                0x00005790        0x8 ./startup/startup_mimxrt1176_cm7.o
                0x00005790                LPUART2_IRQHandler
 .text.LPUART3_IRQHandler
                0x00005798        0x8 ./startup/startup_mimxrt1176_cm7.o
                0x00005798                LPUART3_IRQHandler
 .text.LPUART4_IRQHandler
                0x000057a0        0x8 ./startup/startup_mimxrt1176_cm7.o
                0x000057a0                LPUART4_IRQHandler
 .text.LPUART5_IRQHandler
                0x000057a8        0x8 ./startup/startup_mimxrt1176_cm7.o
                0x000057a8                LPUART5_IRQHandler
 .text.LPUART6_IRQHandler
                0x000057b0        0x8 ./startup/startup_mimxrt1176_cm7.o
                0x000057b0                LPUART6_IRQHandler
 .text.LPUART7_IRQHandler
                0x000057b8        0x8 ./startup/startup_mimxrt1176_cm7.o
                0x000057b8                LPUART7_IRQHandler
 .text.LPUART8_IRQHandler
                0x000057c0        0x8 ./startup/startup_mimxrt1176_cm7.o
                0x000057c0                LPUART8_IRQHandler
 .text.LPUART9_IRQHandler
                0x000057c8        0x8 ./startup/startup_mimxrt1176_cm7.o
                0x000057c8                LPUART9_IRQHandler
 .text.LPUART10_IRQHandler
                0x000057d0        0x8 ./startup/startup_mimxrt1176_cm7.o
                0x000057d0                LPUART10_IRQHandler
 .text.LPUART11_IRQHandler
                0x000057d8        0x8 ./startup/startup_mimxrt1176_cm7.o
                0x000057d8                LPUART11_IRQHandler
 .text.LPUART12_IRQHandler
                0x000057e0        0x8 ./startup/startup_mimxrt1176_cm7.o
                0x000057e0                LPUART12_IRQHandler
 .text.LPI2C1_IRQHandler
                0x000057e8        0x8 ./startup/startup_mimxrt1176_cm7.o
                0x000057e8                LPI2C1_IRQHandler
 .text.LPI2C2_IRQHandler
                0x000057f0        0x8 ./startup/startup_mimxrt1176_cm7.o
                0x000057f0                LPI2C2_IRQHandler
 .text.LPI2C3_IRQHandler
                0x000057f8        0x8 ./startup/startup_mimxrt1176_cm7.o
                0x000057f8                LPI2C3_IRQHandler
 .text.LPI2C4_IRQHandler
                0x00005800        0x8 ./startup/startup_mimxrt1176_cm7.o
                0x00005800                LPI2C4_IRQHandler
 .text.LPI2C5_IRQHandler
                0x00005808        0x8 ./startup/startup_mimxrt1176_cm7.o
                0x00005808                LPI2C5_IRQHandler
 .text.LPI2C6_IRQHandler
                0x00005810        0x8 ./startup/startup_mimxrt1176_cm7.o
                0x00005810                LPI2C6_IRQHandler
 .text.LPSPI1_IRQHandler
                0x00005818        0x8 ./startup/startup_mimxrt1176_cm7.o
                0x00005818                LPSPI1_IRQHandler
 .text.LPSPI2_IRQHandler
                0x00005820        0x8 ./startup/startup_mimxrt1176_cm7.o
                0x00005820                LPSPI2_IRQHandler
 .text.LPSPI3_IRQHandler
                0x00005828        0x8 ./startup/startup_mimxrt1176_cm7.o
                0x00005828                LPSPI3_IRQHandler
 .text.LPSPI4_IRQHandler
                0x00005830        0x8 ./startup/startup_mimxrt1176_cm7.o
                0x00005830                LPSPI4_IRQHandler
 .text.LPSPI5_IRQHandler
                0x00005838        0x8 ./startup/startup_mimxrt1176_cm7.o
                0x00005838                LPSPI5_IRQHandler
 .text.LPSPI6_IRQHandler
                0x00005840        0x8 ./startup/startup_mimxrt1176_cm7.o
                0x00005840                LPSPI6_IRQHandler
 .text.CAN1_IRQHandler
                0x00005848        0x8 ./startup/startup_mimxrt1176_cm7.o
                0x00005848                CAN1_IRQHandler
 .text.CAN1_ERROR_IRQHandler
                0x00005850        0x8 ./startup/startup_mimxrt1176_cm7.o
                0x00005850                CAN1_ERROR_IRQHandler
 .text.CAN2_IRQHandler
                0x00005858        0x8 ./startup/startup_mimxrt1176_cm7.o
                0x00005858                CAN2_IRQHandler
 .text.CAN2_ERROR_IRQHandler
                0x00005860        0x8 ./startup/startup_mimxrt1176_cm7.o
                0x00005860                CAN2_ERROR_IRQHandler
 .text.CAN3_IRQHandler
                0x00005868        0x8 ./startup/startup_mimxrt1176_cm7.o
                0x00005868                CAN3_IRQHandler
 .text.CAN3_ERROR_IRQHandler
                0x00005870        0x8 ./startup/startup_mimxrt1176_cm7.o
                0x00005870                CAN3_ERROR_IRQHandler
 .text.FLEXRAM_IRQHandler
                0x00005878        0x8 ./startup/startup_mimxrt1176_cm7.o
                0x00005878                FLEXRAM_IRQHandler
 .text.KPP_IRQHandler
                0x00005880        0x8 ./startup/startup_mimxrt1176_cm7.o
                0x00005880                KPP_IRQHandler
 .text.Reserved68_IRQHandler
                0x00005888        0x8 ./startup/startup_mimxrt1176_cm7.o
                0x00005888                Reserved68_IRQHandler
 .text.GPR_IRQ_IRQHandler
                0x00005890        0x8 ./startup/startup_mimxrt1176_cm7.o
                0x00005890                GPR_IRQ_IRQHandler
 .text.eLCDIF_IRQHandler
                0x00005898        0x8 ./startup/startup_mimxrt1176_cm7.o
                0x00005898                eLCDIF_IRQHandler
 .text.LCDIFv2_IRQHandler
                0x000058a0        0x8 ./startup/startup_mimxrt1176_cm7.o
                0x000058a0                LCDIFv2_IRQHandler
 .text.CSI_IRQHandler
                0x000058a8        0x8 ./startup/startup_mimxrt1176_cm7.o
                0x000058a8                CSI_IRQHandler
 .text.PXP_IRQHandler
                0x000058b0        0x8 ./startup/startup_mimxrt1176_cm7.o
                0x000058b0                PXP_IRQHandler
 .text.MIPI_CSI_IRQHandler
                0x000058b8        0x8 ./startup/startup_mimxrt1176_cm7.o
                0x000058b8                MIPI_CSI_IRQHandler
 .text.MIPI_DSI_IRQHandler
                0x000058c0        0x8 ./startup/startup_mimxrt1176_cm7.o
                0x000058c0                MIPI_DSI_IRQHandler
 .text.GPU2D_IRQHandler
                0x000058c8        0x8 ./startup/startup_mimxrt1176_cm7.o
                0x000058c8                GPU2D_IRQHandler
 .text.GPIO6_Combined_0_15_IRQHandler
                0x000058d0        0x8 ./startup/startup_mimxrt1176_cm7.o
                0x000058d0                GPIO6_Combined_0_15_IRQHandler
 .text.GPIO6_Combined_16_31_IRQHandler
                0x000058d8        0x8 ./startup/startup_mimxrt1176_cm7.o
                0x000058d8                GPIO6_Combined_16_31_IRQHandler
 .text.DAC_IRQHandler
                0x000058e0        0x8 ./startup/startup_mimxrt1176_cm7.o
                0x000058e0                DAC_IRQHandler
 .text.KEY_MANAGER_IRQHandler
                0x000058e8        0x8 ./startup/startup_mimxrt1176_cm7.o
                0x000058e8                KEY_MANAGER_IRQHandler
 .text.WDOG2_IRQHandler
                0x000058f0        0x8 ./startup/startup_mimxrt1176_cm7.o
                0x000058f0                WDOG2_IRQHandler
 .text.SNVS_HP_NON_TZ_IRQHandler
                0x000058f8        0x8 ./startup/startup_mimxrt1176_cm7.o
                0x000058f8                SNVS_HP_NON_TZ_IRQHandler
 .text.SNVS_HP_TZ_IRQHandler
                0x00005900        0x8 ./startup/startup_mimxrt1176_cm7.o
                0x00005900                SNVS_HP_TZ_IRQHandler
 .text.SNVS_PULSE_EVENT_IRQHandler
                0x00005908        0x8 ./startup/startup_mimxrt1176_cm7.o
                0x00005908                SNVS_PULSE_EVENT_IRQHandler
 .text.CAAM_IRQ0_IRQHandler
                0x00005910        0x8 ./startup/startup_mimxrt1176_cm7.o
                0x00005910                CAAM_IRQ0_IRQHandler
 .text.CAAM_IRQ1_IRQHandler
                0x00005918        0x8 ./startup/startup_mimxrt1176_cm7.o
                0x00005918                CAAM_IRQ1_IRQHandler
 .text.CAAM_IRQ2_IRQHandler
                0x00005920        0x8 ./startup/startup_mimxrt1176_cm7.o
                0x00005920                CAAM_IRQ2_IRQHandler
 .text.CAAM_IRQ3_IRQHandler
                0x00005928        0x8 ./startup/startup_mimxrt1176_cm7.o
                0x00005928                CAAM_IRQ3_IRQHandler
 .text.CAAM_RECORVE_ERRPR_IRQHandler
                0x00005930        0x8 ./startup/startup_mimxrt1176_cm7.o
                0x00005930                CAAM_RECORVE_ERRPR_IRQHandler
 .text.CAAM_RTIC_IRQHandler
                0x00005938        0x8 ./startup/startup_mimxrt1176_cm7.o
                0x00005938                CAAM_RTIC_IRQHandler
 .text.CDOG_IRQHandler
                0x00005940        0x8 ./startup/startup_mimxrt1176_cm7.o
                0x00005940                CDOG_IRQHandler
 .text.SAI1_IRQHandler
                0x00005948        0x8 ./startup/startup_mimxrt1176_cm7.o
                0x00005948                SAI1_IRQHandler
 .text.SAI2_IRQHandler
                0x00005950        0x8 ./startup/startup_mimxrt1176_cm7.o
                0x00005950                SAI2_IRQHandler
 .text.SAI3_RX_IRQHandler
                0x00005958        0x8 ./startup/startup_mimxrt1176_cm7.o
                0x00005958                SAI3_RX_IRQHandler
 .text.SAI3_TX_IRQHandler
                0x00005960        0x8 ./startup/startup_mimxrt1176_cm7.o
                0x00005960                SAI3_TX_IRQHandler
 .text.SAI4_RX_IRQHandler
                0x00005968        0x8 ./startup/startup_mimxrt1176_cm7.o
                0x00005968                SAI4_RX_IRQHandler
 .text.SAI4_TX_IRQHandler
                0x00005970        0x8 ./startup/startup_mimxrt1176_cm7.o
                0x00005970                SAI4_TX_IRQHandler
 .text.SPDIF_IRQHandler
                0x00005978        0x8 ./startup/startup_mimxrt1176_cm7.o
                0x00005978                SPDIF_IRQHandler
 .text.TMPSNS_INT_IRQHandler
                0x00005980        0x8 ./startup/startup_mimxrt1176_cm7.o
                0x00005980                TMPSNS_INT_IRQHandler
 .text.TMPSNS_LOW_HIGH_IRQHandler
                0x00005988        0x8 ./startup/startup_mimxrt1176_cm7.o
                0x00005988                TMPSNS_LOW_HIGH_IRQHandler
 .text.TMPSNS_PANIC_IRQHandler
                0x00005990        0x8 ./startup/startup_mimxrt1176_cm7.o
                0x00005990                TMPSNS_PANIC_IRQHandler
 .text.LPSR_LP8_BROWNOUT_IRQHandler
                0x00005998        0x8 ./startup/startup_mimxrt1176_cm7.o
                0x00005998                LPSR_LP8_BROWNOUT_IRQHandler
 .text.LPSR_LP0_BROWNOUT_IRQHandler
                0x000059a0        0x8 ./startup/startup_mimxrt1176_cm7.o
                0x000059a0                LPSR_LP0_BROWNOUT_IRQHandler
 .text.ADC1_IRQHandler
                0x000059a8        0x8 ./startup/startup_mimxrt1176_cm7.o
                0x000059a8                ADC1_IRQHandler
 .text.ADC2_IRQHandler
                0x000059b0        0x8 ./startup/startup_mimxrt1176_cm7.o
                0x000059b0                ADC2_IRQHandler
 .text.USBPHY1_IRQHandler
                0x000059b8        0x8 ./startup/startup_mimxrt1176_cm7.o
                0x000059b8                USBPHY1_IRQHandler
 .text.USBPHY2_IRQHandler
                0x000059c0        0x8 ./startup/startup_mimxrt1176_cm7.o
                0x000059c0                USBPHY2_IRQHandler
 .text.RDC_IRQHandler
                0x000059c8        0x8 ./startup/startup_mimxrt1176_cm7.o
                0x000059c8                RDC_IRQHandler
 .text.GPIO13_Combined_0_31_IRQHandler
                0x000059d0        0x8 ./startup/startup_mimxrt1176_cm7.o
                0x000059d0                GPIO13_Combined_0_31_IRQHandler
 .text.Reserved110_IRQHandler
                0x000059d8        0x8 ./startup/startup_mimxrt1176_cm7.o
                0x000059d8                Reserved110_IRQHandler
 .text.DCIC1_IRQHandler
                0x000059e0        0x8 ./startup/startup_mimxrt1176_cm7.o
                0x000059e0                DCIC1_IRQHandler
 .text.DCIC2_IRQHandler
                0x000059e8        0x8 ./startup/startup_mimxrt1176_cm7.o
                0x000059e8                DCIC2_IRQHandler
 .text.ASRC_IRQHandler
                0x000059f0        0x8 ./startup/startup_mimxrt1176_cm7.o
                0x000059f0                ASRC_IRQHandler
 .text.FLEXRAM_ECC_IRQHandler
                0x000059f8        0x8 ./startup/startup_mimxrt1176_cm7.o
                0x000059f8                FLEXRAM_ECC_IRQHandler
 .text.CM7_GPIO2_3_IRQHandler
                0x00005a00        0x8 ./startup/startup_mimxrt1176_cm7.o
                0x00005a00                CM7_GPIO2_3_IRQHandler
 .text.GPIO1_Combined_0_15_IRQHandler
                0x00005a08        0x8 ./startup/startup_mimxrt1176_cm7.o
                0x00005a08                GPIO1_Combined_0_15_IRQHandler
 .text.GPIO1_Combined_16_31_IRQHandler
                0x00005a10        0x8 ./startup/startup_mimxrt1176_cm7.o
                0x00005a10                GPIO1_Combined_16_31_IRQHandler
 .text.GPIO2_Combined_0_15_IRQHandler
                0x00005a18        0x8 ./startup/startup_mimxrt1176_cm7.o
                0x00005a18                GPIO2_Combined_0_15_IRQHandler
 .text.GPIO2_Combined_16_31_IRQHandler
                0x00005a20        0x8 ./startup/startup_mimxrt1176_cm7.o
                0x00005a20                GPIO2_Combined_16_31_IRQHandler
 .text.GPIO3_Combined_0_15_IRQHandler
                0x00005a28        0x8 ./startup/startup_mimxrt1176_cm7.o
                0x00005a28                GPIO3_Combined_0_15_IRQHandler
 .text.GPIO3_Combined_16_31_IRQHandler
                0x00005a30        0x8 ./startup/startup_mimxrt1176_cm7.o
                0x00005a30                GPIO3_Combined_16_31_IRQHandler
 .text.GPIO4_Combined_0_15_IRQHandler
                0x00005a38        0x8 ./startup/startup_mimxrt1176_cm7.o
                0x00005a38                GPIO4_Combined_0_15_IRQHandler
 .text.GPIO4_Combined_16_31_IRQHandler
                0x00005a40        0x8 ./startup/startup_mimxrt1176_cm7.o
                0x00005a40                GPIO4_Combined_16_31_IRQHandler
 .text.GPIO5_Combined_0_15_IRQHandler
                0x00005a48        0x8 ./startup/startup_mimxrt1176_cm7.o
                0x00005a48                GPIO5_Combined_0_15_IRQHandler
 .text.GPIO5_Combined_16_31_IRQHandler
                0x00005a50        0x8 ./startup/startup_mimxrt1176_cm7.o
                0x00005a50                GPIO5_Combined_16_31_IRQHandler
 .text.FLEXIO1_IRQHandler
                0x00005a58        0x8 ./startup/startup_mimxrt1176_cm7.o
                0x00005a58                FLEXIO1_IRQHandler
 .text.FLEXIO2_IRQHandler
                0x00005a60        0x8 ./startup/startup_mimxrt1176_cm7.o
                0x00005a60                FLEXIO2_IRQHandler
 .text.WDOG1_IRQHandler
                0x00005a68        0x8 ./startup/startup_mimxrt1176_cm7.o
                0x00005a68                WDOG1_IRQHandler
 .text.RTWDOG3_IRQHandler
                0x00005a70        0x8 ./startup/startup_mimxrt1176_cm7.o
                0x00005a70                RTWDOG3_IRQHandler
 .text.EWM_IRQHandler
                0x00005a78        0x8 ./startup/startup_mimxrt1176_cm7.o
                0x00005a78                EWM_IRQHandler
 .text.OCOTP_READ_FUSE_ERROR_IRQHandler
                0x00005a80        0x8 ./startup/startup_mimxrt1176_cm7.o
                0x00005a80                OCOTP_READ_FUSE_ERROR_IRQHandler
 .text.OCOTP_READ_DONE_ERROR_IRQHandler
                0x00005a88        0x8 ./startup/startup_mimxrt1176_cm7.o
                0x00005a88                OCOTP_READ_DONE_ERROR_IRQHandler
 .text.GPC_IRQHandler
                0x00005a90        0x8 ./startup/startup_mimxrt1176_cm7.o
                0x00005a90                GPC_IRQHandler
 .text.MUA_IRQHandler
                0x00005a98        0x8 ./startup/startup_mimxrt1176_cm7.o
                0x00005a98                MUA_IRQHandler
 .text.GPT1_IRQHandler
                0x00005aa0        0x8 ./startup/startup_mimxrt1176_cm7.o
                0x00005aa0                GPT1_IRQHandler
 .text.GPT2_IRQHandler
                0x00005aa8        0x8 ./startup/startup_mimxrt1176_cm7.o
                0x00005aa8                GPT2_IRQHandler
 .text.GPT3_IRQHandler
                0x00005ab0        0x8 ./startup/startup_mimxrt1176_cm7.o
                0x00005ab0                GPT3_IRQHandler
 .text.GPT4_IRQHandler
                0x00005ab8        0x8 ./startup/startup_mimxrt1176_cm7.o
                0x00005ab8                GPT4_IRQHandler
 .text.GPT5_IRQHandler
                0x00005ac0        0x8 ./startup/startup_mimxrt1176_cm7.o
                0x00005ac0                GPT5_IRQHandler
 .text.GPT6_IRQHandler
                0x00005ac8        0x8 ./startup/startup_mimxrt1176_cm7.o
                0x00005ac8                GPT6_IRQHandler
 .text.PWM1_0_IRQHandler
                0x00005ad0        0x8 ./startup/startup_mimxrt1176_cm7.o
                0x00005ad0                PWM1_0_IRQHandler
 .text.PWM1_1_IRQHandler
                0x00005ad8        0x8 ./startup/startup_mimxrt1176_cm7.o
                0x00005ad8                PWM1_1_IRQHandler
 .text.PWM1_2_IRQHandler
                0x00005ae0        0x8 ./startup/startup_mimxrt1176_cm7.o
                0x00005ae0                PWM1_2_IRQHandler
 .text.PWM1_3_IRQHandler
                0x00005ae8        0x8 ./startup/startup_mimxrt1176_cm7.o
                0x00005ae8                PWM1_3_IRQHandler
 .text.PWM1_FAULT_IRQHandler
                0x00005af0        0x8 ./startup/startup_mimxrt1176_cm7.o
                0x00005af0                PWM1_FAULT_IRQHandler
 .text.FLEXSPI1_IRQHandler
                0x00005af8        0x8 ./startup/startup_mimxrt1176_cm7.o
                0x00005af8                FLEXSPI1_IRQHandler
 .text.FLEXSPI2_IRQHandler
                0x00005b00        0x8 ./startup/startup_mimxrt1176_cm7.o
                0x00005b00                FLEXSPI2_IRQHandler
 .text.SEMC_IRQHandler
                0x00005b08        0x8 ./startup/startup_mimxrt1176_cm7.o
                0x00005b08                SEMC_IRQHandler
 .text.USDHC1_IRQHandler
                0x00005b10        0x8 ./startup/startup_mimxrt1176_cm7.o
                0x00005b10                USDHC1_IRQHandler
 .text.USDHC2_IRQHandler
                0x00005b18        0x8 ./startup/startup_mimxrt1176_cm7.o
                0x00005b18                USDHC2_IRQHandler
 .text.USB_OTG2_IRQHandler
                0x00005b20        0x8 ./startup/startup_mimxrt1176_cm7.o
                0x00005b20                USB_OTG2_IRQHandler
 .text.USB_OTG1_IRQHandler
                0x00005b28        0x8 ./startup/startup_mimxrt1176_cm7.o
                0x00005b28                USB_OTG1_IRQHandler
 .text.ENET_IRQHandler
                0x00005b30        0x8 ./startup/startup_mimxrt1176_cm7.o
                0x00005b30                ENET_IRQHandler
 .text.ENET_1588_Timer_IRQHandler
                0x00005b38        0x8 ./startup/startup_mimxrt1176_cm7.o
                0x00005b38                ENET_1588_Timer_IRQHandler
 .text.ENET_1G_MAC0_Tx_Rx_1_IRQHandler
                0x00005b40        0x8 ./startup/startup_mimxrt1176_cm7.o
                0x00005b40                ENET_1G_MAC0_Tx_Rx_1_IRQHandler
 .text.ENET_1G_MAC0_Tx_Rx_2_IRQHandler
                0x00005b48        0x8 ./startup/startup_mimxrt1176_cm7.o
                0x00005b48                ENET_1G_MAC0_Tx_Rx_2_IRQHandler
 .text.ENET_1G_IRQHandler
                0x00005b50        0x8 ./startup/startup_mimxrt1176_cm7.o
                0x00005b50                ENET_1G_IRQHandler
 .text.ENET_1G_1588_Timer_IRQHandler
                0x00005b58        0x8 ./startup/startup_mimxrt1176_cm7.o
                0x00005b58                ENET_1G_1588_Timer_IRQHandler
 .text.XBAR1_IRQ_0_1_IRQHandler
                0x00005b60        0x8 ./startup/startup_mimxrt1176_cm7.o
                0x00005b60                XBAR1_IRQ_0_1_IRQHandler
 .text.XBAR1_IRQ_2_3_IRQHandler
                0x00005b68        0x8 ./startup/startup_mimxrt1176_cm7.o
                0x00005b68                XBAR1_IRQ_2_3_IRQHandler
 .text.ADC_ETC_IRQ0_IRQHandler
                0x00005b70        0x8 ./startup/startup_mimxrt1176_cm7.o
                0x00005b70                ADC_ETC_IRQ0_IRQHandler
 .text.ADC_ETC_IRQ1_IRQHandler
                0x00005b78        0x8 ./startup/startup_mimxrt1176_cm7.o
                0x00005b78                ADC_ETC_IRQ1_IRQHandler
 .text.ADC_ETC_IRQ2_IRQHandler
                0x00005b80        0x8 ./startup/startup_mimxrt1176_cm7.o
                0x00005b80                ADC_ETC_IRQ2_IRQHandler
 .text.ADC_ETC_IRQ3_IRQHandler
                0x00005b88        0x8 ./startup/startup_mimxrt1176_cm7.o
                0x00005b88                ADC_ETC_IRQ3_IRQHandler
 .text.ADC_ETC_ERROR_IRQ_IRQHandler
                0x00005b90        0x8 ./startup/startup_mimxrt1176_cm7.o
                0x00005b90                ADC_ETC_ERROR_IRQ_IRQHandler
 .text.Reserved166_IRQHandler
                0x00005b98        0x8 ./startup/startup_mimxrt1176_cm7.o
                0x00005b98                Reserved166_IRQHandler
 .text.Reserved167_IRQHandler
                0x00005ba0        0x8 ./startup/startup_mimxrt1176_cm7.o
                0x00005ba0                Reserved167_IRQHandler
 .text.Reserved168_IRQHandler
                0x00005ba8        0x8 ./startup/startup_mimxrt1176_cm7.o
                0x00005ba8                Reserved168_IRQHandler
 .text.Reserved169_IRQHandler
                0x00005bb0        0x8 ./startup/startup_mimxrt1176_cm7.o
                0x00005bb0                Reserved169_IRQHandler
 .text.Reserved170_IRQHandler
                0x00005bb8        0x8 ./startup/startup_mimxrt1176_cm7.o
                0x00005bb8                Reserved170_IRQHandler
 .text.PIT1_IRQHandler
                0x00005bc0        0x8 ./startup/startup_mimxrt1176_cm7.o
                0x00005bc0                PIT1_IRQHandler
 .text.PIT2_IRQHandler
                0x00005bc8        0x8 ./startup/startup_mimxrt1176_cm7.o
                0x00005bc8                PIT2_IRQHandler
 .text.ACMP1_IRQHandler
                0x00005bd0        0x8 ./startup/startup_mimxrt1176_cm7.o
                0x00005bd0                ACMP1_IRQHandler
 .text.ACMP2_IRQHandler
                0x00005bd8        0x8 ./startup/startup_mimxrt1176_cm7.o
                0x00005bd8                ACMP2_IRQHandler
 .text.ACMP3_IRQHandler
                0x00005be0        0x8 ./startup/startup_mimxrt1176_cm7.o
                0x00005be0                ACMP3_IRQHandler
 .text.ACMP4_IRQHandler
                0x00005be8        0x8 ./startup/startup_mimxrt1176_cm7.o
                0x00005be8                ACMP4_IRQHandler
 .text.Reserved177_IRQHandler
                0x00005bf0        0x8 ./startup/startup_mimxrt1176_cm7.o
                0x00005bf0                Reserved177_IRQHandler
 .text.Reserved178_IRQHandler
                0x00005bf8        0x8 ./startup/startup_mimxrt1176_cm7.o
                0x00005bf8                Reserved178_IRQHandler
 .text.Reserved179_IRQHandler
                0x00005c00        0x8 ./startup/startup_mimxrt1176_cm7.o
                0x00005c00                Reserved179_IRQHandler
 .text.Reserved180_IRQHandler
                0x00005c08        0x8 ./startup/startup_mimxrt1176_cm7.o
                0x00005c08                Reserved180_IRQHandler
 .text.ENC1_IRQHandler
                0x00005c10        0x8 ./startup/startup_mimxrt1176_cm7.o
                0x00005c10                ENC1_IRQHandler
 .text.ENC2_IRQHandler
                0x00005c18        0x8 ./startup/startup_mimxrt1176_cm7.o
                0x00005c18                ENC2_IRQHandler
 .text.ENC3_IRQHandler
                0x00005c20        0x8 ./startup/startup_mimxrt1176_cm7.o
                0x00005c20                ENC3_IRQHandler
 .text.ENC4_IRQHandler
                0x00005c28        0x8 ./startup/startup_mimxrt1176_cm7.o
                0x00005c28                ENC4_IRQHandler
 .text.Reserved185_IRQHandler
                0x00005c30        0x8 ./startup/startup_mimxrt1176_cm7.o
                0x00005c30                Reserved185_IRQHandler
 .text.Reserved186_IRQHandler
                0x00005c38        0x8 ./startup/startup_mimxrt1176_cm7.o
                0x00005c38                Reserved186_IRQHandler
 .text.TMR1_IRQHandler
                0x00005c40        0x8 ./startup/startup_mimxrt1176_cm7.o
                0x00005c40                TMR1_IRQHandler
 .text.TMR2_IRQHandler
                0x00005c48        0x8 ./startup/startup_mimxrt1176_cm7.o
                0x00005c48                TMR2_IRQHandler
 .text.TMR3_IRQHandler
                0x00005c50        0x8 ./startup/startup_mimxrt1176_cm7.o
                0x00005c50                TMR3_IRQHandler
 .text.TMR4_IRQHandler
                0x00005c58        0x8 ./startup/startup_mimxrt1176_cm7.o
                0x00005c58                TMR4_IRQHandler
 .text.SEMA4_CP0_IRQHandler
                0x00005c60        0x8 ./startup/startup_mimxrt1176_cm7.o
                0x00005c60                SEMA4_CP0_IRQHandler
 .text.SEMA4_CP1_IRQHandler
                0x00005c68        0x8 ./startup/startup_mimxrt1176_cm7.o
                0x00005c68                SEMA4_CP1_IRQHandler
 .text.PWM2_0_IRQHandler
                0x00005c70        0x8 ./startup/startup_mimxrt1176_cm7.o
                0x00005c70                PWM2_0_IRQHandler
 .text.PWM2_1_IRQHandler
                0x00005c78        0x8 ./startup/startup_mimxrt1176_cm7.o
                0x00005c78                PWM2_1_IRQHandler
 .text.PWM2_2_IRQHandler
                0x00005c80        0x8 ./startup/startup_mimxrt1176_cm7.o
                0x00005c80                PWM2_2_IRQHandler
 .text.PWM2_3_IRQHandler
                0x00005c88        0x8 ./startup/startup_mimxrt1176_cm7.o
                0x00005c88                PWM2_3_IRQHandler
 .text.PWM2_FAULT_IRQHandler
                0x00005c90        0x8 ./startup/startup_mimxrt1176_cm7.o
                0x00005c90                PWM2_FAULT_IRQHandler
 .text.PWM3_0_IRQHandler
                0x00005c98        0x8 ./startup/startup_mimxrt1176_cm7.o
                0x00005c98                PWM3_0_IRQHandler
 .text.PWM3_1_IRQHandler
                0x00005ca0        0x8 ./startup/startup_mimxrt1176_cm7.o
                0x00005ca0                PWM3_1_IRQHandler
 .text.PWM3_2_IRQHandler
                0x00005ca8        0x8 ./startup/startup_mimxrt1176_cm7.o
                0x00005ca8                PWM3_2_IRQHandler
 .text.PWM3_3_IRQHandler
                0x00005cb0        0x8 ./startup/startup_mimxrt1176_cm7.o
                0x00005cb0                PWM3_3_IRQHandler
 .text.PWM3_FAULT_IRQHandler
                0x00005cb8        0x8 ./startup/startup_mimxrt1176_cm7.o
                0x00005cb8                PWM3_FAULT_IRQHandler
 .text.PWM4_0_IRQHandler
                0x00005cc0        0x8 ./startup/startup_mimxrt1176_cm7.o
                0x00005cc0                PWM4_0_IRQHandler
 .text.PWM4_1_IRQHandler
                0x00005cc8        0x8 ./startup/startup_mimxrt1176_cm7.o
                0x00005cc8                PWM4_1_IRQHandler
 .text.PWM4_2_IRQHandler
                0x00005cd0        0x8 ./startup/startup_mimxrt1176_cm7.o
                0x00005cd0                PWM4_2_IRQHandler
 .text.PWM4_3_IRQHandler
                0x00005cd8        0x8 ./startup/startup_mimxrt1176_cm7.o
                0x00005cd8                PWM4_3_IRQHandler
 .text.PWM4_FAULT_IRQHandler
                0x00005ce0        0x8 ./startup/startup_mimxrt1176_cm7.o
                0x00005ce0                PWM4_FAULT_IRQHandler
 .text.Reserved208_IRQHandler
                0x00005ce8        0x8 ./startup/startup_mimxrt1176_cm7.o
                0x00005ce8                Reserved208_IRQHandler
 .text.Reserved209_IRQHandler
                0x00005cf0        0x8 ./startup/startup_mimxrt1176_cm7.o
                0x00005cf0                Reserved209_IRQHandler
 .text.Reserved210_IRQHandler
                0x00005cf8        0x8 ./startup/startup_mimxrt1176_cm7.o
                0x00005cf8                Reserved210_IRQHandler
 .text.Reserved211_IRQHandler
                0x00005d00        0x8 ./startup/startup_mimxrt1176_cm7.o
                0x00005d00                Reserved211_IRQHandler
 .text.Reserved212_IRQHandler
                0x00005d08        0x8 ./startup/startup_mimxrt1176_cm7.o
                0x00005d08                Reserved212_IRQHandler
 .text.Reserved213_IRQHandler
                0x00005d10        0x8 ./startup/startup_mimxrt1176_cm7.o
                0x00005d10                Reserved213_IRQHandler
 .text.Reserved214_IRQHandler
                0x00005d18        0x8 ./startup/startup_mimxrt1176_cm7.o
                0x00005d18                Reserved214_IRQHandler
 .text.Reserved215_IRQHandler
                0x00005d20        0x8 ./startup/startup_mimxrt1176_cm7.o
                0x00005d20                Reserved215_IRQHandler
 .text.PDM_HWVAD_EVENT_IRQHandler
                0x00005d28        0x8 ./startup/startup_mimxrt1176_cm7.o
                0x00005d28                PDM_HWVAD_EVENT_IRQHandler
 .text.PDM_HWVAD_ERROR_IRQHandler
                0x00005d30        0x8 ./startup/startup_mimxrt1176_cm7.o
                0x00005d30                PDM_HWVAD_ERROR_IRQHandler
 .text.PDM_EVENT_IRQHandler
                0x00005d38        0x8 ./startup/startup_mimxrt1176_cm7.o
                0x00005d38                PDM_EVENT_IRQHandler
 .text.PDM_ERROR_IRQHandler
                0x00005d40        0x8 ./startup/startup_mimxrt1176_cm7.o
                0x00005d40                PDM_ERROR_IRQHandler
 .text.EMVSIM1_IRQHandler
                0x00005d48        0x8 ./startup/startup_mimxrt1176_cm7.o
                0x00005d48                EMVSIM1_IRQHandler
 .text.EMVSIM2_IRQHandler
                0x00005d50        0x8 ./startup/startup_mimxrt1176_cm7.o
                0x00005d50                EMVSIM2_IRQHandler
 .text.MECC1_INT_IRQHandler
                0x00005d58        0x8 ./startup/startup_mimxrt1176_cm7.o
                0x00005d58                MECC1_INT_IRQHandler
 .text.MECC1_FATAL_INT_IRQHandler
                0x00005d60        0x8 ./startup/startup_mimxrt1176_cm7.o
                0x00005d60                MECC1_FATAL_INT_IRQHandler
 .text.MECC2_INT_IRQHandler
                0x00005d68        0x8 ./startup/startup_mimxrt1176_cm7.o
                0x00005d68                MECC2_INT_IRQHandler
 .text.MECC2_FATAL_INT_IRQHandler
                0x00005d70        0x8 ./startup/startup_mimxrt1176_cm7.o
                0x00005d70                MECC2_FATAL_INT_IRQHandler
 .text.XECC_FLEXSPI1_INT_IRQHandler
                0x00005d78        0x8 ./startup/startup_mimxrt1176_cm7.o
                0x00005d78                XECC_FLEXSPI1_INT_IRQHandler
 .text.XECC_FLEXSPI1_FATAL_INT_IRQHandler
                0x00005d80        0x8 ./startup/startup_mimxrt1176_cm7.o
                0x00005d80                XECC_FLEXSPI1_FATAL_INT_IRQHandler
 .text.XECC_FLEXSPI2_INT_IRQHandler
                0x00005d88        0x8 ./startup/startup_mimxrt1176_cm7.o
                0x00005d88                XECC_FLEXSPI2_INT_IRQHandler
 .text.XECC_FLEXSPI2_FATAL_INT_IRQHandler
                0x00005d90        0x8 ./startup/startup_mimxrt1176_cm7.o
                0x00005d90                XECC_FLEXSPI2_FATAL_INT_IRQHandler
 .text.XECC_SEMC_INT_IRQHandler
                0x00005d98        0x8 ./startup/startup_mimxrt1176_cm7.o
                0x00005d98                XECC_SEMC_INT_IRQHandler
 .text.XECC_SEMC_FATAL_INT_IRQHandler
                0x00005da0        0x8 ./startup/startup_mimxrt1176_cm7.o
                0x00005da0                XECC_SEMC_FATAL_INT_IRQHandler
 .text.ENET_QOS_IRQHandler
                0x00005da8        0x8 ./startup/startup_mimxrt1176_cm7.o
                0x00005da8                ENET_QOS_IRQHandler
 .text.ENET_QOS_PMT_IRQHandler
                0x00005db0        0x8 ./startup/startup_mimxrt1176_cm7.o
                0x00005db0                ENET_QOS_PMT_IRQHandler
 .text.HardFault_Handler
                0x00005db8       0x2c ./source/semihost_hardfault.o
                0x00005db8                HardFault_Handler
 .text.ANATOP_AI_Write
                0x00005de4       0x24 ./drivers/fsl_anatop_ai.o
                0x00005de4                ANATOP_AI_Write
 .text.ANATOP_AI_Read
                0x00005e08       0x28 ./drivers/fsl_anatop_ai.o
                0x00005e08                ANATOP_AI_Read
 .text.ANATOP_AI_WriteWithMaskShift
                0x00005e30       0x4a ./drivers/fsl_anatop_ai.o
                0x00005e30                ANATOP_AI_WriteWithMaskShift
 .text.CLOCK_GetM7Freq
                0x00005e7a       0x10 ./drivers/fsl_clock.o
 .text.ANATOP_PllSetPower
                0x00005e8a       0x3c ./drivers/fsl_clock.o
 .text.ANATOP_PllBypass
                0x00005ec6       0x30 ./drivers/fsl_clock.o
 .text.ANATOP_PllEnablePllReg
                0x00005ef6       0x30 ./drivers/fsl_clock.o
 .text.ANATOP_PllHoldRingOff
                0x00005f26       0x30 ./drivers/fsl_clock.o
 .text.ANATOP_PllEnableSs
                0x00005f56       0x30 ./drivers/fsl_clock.o
 .text.ANATOP_PllEnableClk
                0x00005f86       0x30 ./drivers/fsl_clock.o
 .text.CLOCK_DeinitAudioPll
                0x00005fb6       0x34 ./drivers/fsl_clock.o
                0x00005fb6                CLOCK_DeinitAudioPll
 .text.CLOCK_DeinitSysPll1
                0x00005fea       0x40 ./drivers/fsl_clock.o
                0x00005fea                CLOCK_DeinitSysPll1
 .text.CLOCK_OSC_Set1MHzOutputBehavior
                0x0000602a       0x4c ./drivers/fsl_clock.o
                0x0000602a                CLOCK_OSC_Set1MHzOutputBehavior
 .text.DelayLoop
                0x00006076       0x20 ./drivers/fsl_common_arm.o
 .text.CLOCK_EnableClock
                0x00006096       0x1c ./drivers/fsl_gpio.o
 .text.GPIO_SetPinInterruptConfig
                0x000060b2       0x22 ./drivers/fsl_gpio.o
 .text.CLOCK_EnableClock
                0x000060d4       0x1c ./drivers/fsl_lpuart.o
 .text.LPUART_SoftwareReset
                0x000060f0       0x2c ./drivers/fsl_lpuart.o
 .text.SystemInitHook
                0x0000611c        0xe ./device/system_MIMXRT1176_cm7.o
                0x0000611c                SystemInitHook
 .text.HAL_UartGetStatus
                0x0000612a       0x28 ./component/uart/fsl_adapter_lpuart.o
 .text.DisableGlobalIRQ
                0x00006152       0x22 ./component/serial_manager/fsl_component_serial_manager.o
 .text.EnableGlobalIRQ
                0x00006174       0x20 ./component/serial_manager/fsl_component_serial_manager.o
 .text.SerialManager_StartWriting
                0x00006194       0x38 ./component/serial_manager/fsl_component_serial_manager.o
 .text.SerialManager_Write
                0x000061cc       0x44 ./component/serial_manager/fsl_component_serial_manager.o
 .text.SerialManager_Init
                0x00006210       0x60 ./component/serial_manager/fsl_component_serial_manager.o
                0x00006210                SerialManager_Init
 .text.SerialManager_OpenWriteHandle
                0x00006270       0x50 ./component/serial_manager/fsl_component_serial_manager.o
                0x00006270                SerialManager_OpenWriteHandle
 .text.SerialManager_OpenReadHandle
                0x000062c0       0x60 ./component/serial_manager/fsl_component_serial_manager.o
                0x000062c0                SerialManager_OpenReadHandle
 .text.SerialManager_WriteBlocking
                0x00006320       0x20 ./component/serial_manager/fsl_component_serial_manager.o
                0x00006320                SerialManager_WriteBlocking
 .text.Serial_UartInit
                0x00006340       0x3e ./component/serial_manager/fsl_component_serial_port_uart.o
                0x00006340                Serial_UartInit
 .text.Serial_UartWrite
                0x0000637e       0x38 ./component/serial_manager/fsl_component_serial_port_uart.o
                0x0000637e                Serial_UartWrite
 .text.BOARD_DebugConsoleSrcFreq
                0x000063b6       0x10 ./board/board.o
                0x000063b6                BOARD_DebugConsoleSrcFreq
 .text.BOARD_InitDebugConsole
                0x000063c6       0x22 ./board/board.o
                0x000063c6                BOARD_InitDebugConsole
 .text.IOMUXC_SetSaiMClkClockSource
                0x000063e8       0xac ./board/clock_config.o
 .text.DCDC_SetVDD1P0BuckModeTargetVoltage
                0x00006494       0x4c ./board/clock_config.o
 .text.BOARD_InitBootClocks
                0x000064e0        0xc ./board/clock_config.o
                0x000064e0                BOARD_InitBootClocks
 .text.BOARD_InitPeripherals
                0x000064ec        0xe ./board/peripherals.o
                0x000064ec                BOARD_InitPeripherals
 .text.BOARD_InitBootPeripherals
                0x000064fa        0xc ./board/peripherals.o
                0x000064fa                BOARD_InitBootPeripherals
 .text.CLOCK_EnableClock
                0x00006506       0x1c ./board/pin_mux.o
 .text.IOMUXC_SetPinMux
                0x00006522       0x3a ./board/pin_mux.o
 .text.IOMUXC_SetPinConfig
                0x0000655c       0x26 ./board/pin_mux.o
 .text.BOARD_InitBootPins
                0x00006582        0xc ./board/pin_mux.o
                0x00006582                BOARD_InitBootPins
 .text.memcpy   0x0000658e       0x1c d:/develop/program/nxp/mcuxpressoide_11.6.0_8187/ide/plugins/com.nxp.mcuxpresso.tools.win32_11.6.0.202112161359/tools/bin/../lib/gcc/arm-none-eabi/10.3.1/../../../../arm-none-eabi/lib/thumb/v7e-m+fp/hard\libc_nano.a(lib_a-memcpy-stub.o)
                0x0000658e                memcpy
 .text.memset   0x000065aa       0x10 d:/develop/program/nxp/mcuxpressoide_11.6.0_8187/ide/plugins/com.nxp.mcuxpresso.tools.win32_11.6.0.202112161359/tools/bin/../lib/gcc/arm-none-eabi/10.3.1/../../../../arm-none-eabi/lib/thumb/v7e-m+fp/hard\libc_nano.a(lib_a-memset.o)
                0x000065aa                memset
 .text          0x000065ba       0x10 d:/develop/program/nxp/mcuxpressoide_11.6.0_8187/ide/plugins/com.nxp.mcuxpresso.tools.win32_11.6.0.202112161359/tools/bin/../lib/gcc/arm-none-eabi/10.3.1/../../../../arm-none-eabi/lib/thumb/v7e-m+fp/hard\libc_nano.a(lib_a-strlen.o)
                0x000065ba                strlen
 *(SORT_BY_ALIGNMENT(.rodata) SORT_BY_ALIGNMENT(.rodata.*) SORT_BY_ALIGNMENT(.constdata) SORT_BY_ALIGNMENT(.constdata.*))
 *fill*         0x000065ca        0x2 ff
 .rodata.__assert_func.str1.4
                0x000065cc       0x3e ./utilities/fsl_assert.o
 *fill*         0x0000660a        0x2 ff
 .rodata.s_clockSourceName
                0x0000660c      0x278 ./drivers/fsl_clock.o
 .rodata.CLOCK_GetRootClockFreq.str1.4
                0x00006884       0x14 ./drivers/fsl_clock.o
 .rodata.CLOCK_InitArmPll.str1.4
                0x00006898       0x80 ./drivers/fsl_clock.o
 .rodata.CLOCK_InitPfd.str1.4
                0x00006918       0x46 ./drivers/fsl_clock.o
 *fill*         0x0000695e        0x2 ff
 .rodata.CLOCK_GetPfdFreq.str1.4
                0x00006960       0x73 ./drivers/fsl_clock.o
 *fill*         0x000069d3        0x1 ff
 .rodata.CLOCK_GetAvPllFreq.str1.4
                0x000069d4       0x35 ./drivers/fsl_clock.o
 *fill*         0x00006a09        0x3 ff
 .rodata.CLOCK_GetPllFreq.str1.4
                0x00006a0c        0xc ./drivers/fsl_clock.o
 .rodata.__func__.16
                0x00006a18       0x11 ./drivers/fsl_clock.o
 *fill*         0x00006a29        0x3 ff
 .rodata.__func__.14
                0x00006a2c        0xe ./drivers/fsl_clock.o
 *fill*         0x00006a3a        0x2 ff
 .rodata.__func__.12
                0x00006a3c       0x11 ./drivers/fsl_clock.o
 *fill*         0x00006a4d        0x3 ff
 .rodata.__func__.11
                0x00006a50       0x13 ./drivers/fsl_clock.o
 *fill*         0x00006a63        0x1 ff
 .rodata.__func__.5
                0x00006a64       0x13 ./drivers/fsl_clock.o
 *fill*         0x00006a77        0x1 ff
 .rodata.__func__.4
                0x00006a78       0x11 ./drivers/fsl_clock.o
 *fill*         0x00006a89        0x3 ff
 .rodata.__func__.3
                0x00006a8c        0xe ./drivers/fsl_clock.o
 *fill*         0x00006a9a        0x2 ff
 .rodata.__func__.2
                0x00006a9c       0x17 ./drivers/fsl_clock.o
 *fill*         0x00006ab3        0x1 ff
 .rodata.SDK_DelayAtLeastUs.str1.4
                0x00006ab4       0x25 ./drivers/fsl_common_arm.o
 *fill*         0x00006ad9        0x3 ff
 .rodata.__func__.0
                0x00006adc       0x13 ./drivers/fsl_common_arm.o
 *fill*         0x00006aef        0x1 ff
 .rodata.s_gpioBases
                0x00006af0       0x40 ./drivers/fsl_gpio.o
 .rodata.s_gpioClock
                0x00006b30        0xe ./drivers/fsl_gpio.o
 *fill*         0x00006b3e        0x2 ff
 .rodata.GPIO_GetInstance.str1.4
                0x00006b40       0x2f ./drivers/fsl_gpio.o
 *fill*         0x00006b6f        0x1 ff
 .rodata.GPIO_PinWrite.str1.4
                0x00006b70        0xa ./drivers/fsl_gpio.o
 *fill*         0x00006b7a        0x2 ff
 .rodata.__func__.1
                0x00006b7c       0x11 ./drivers/fsl_gpio.o
 *fill*         0x00006b8d        0x3 ff
 .rodata.__func__.0
                0x00006b90        0xe ./drivers/fsl_gpio.o
 *fill*         0x00006b9e        0x2 ff
 .rodata.s_lpuartBases
                0x00006ba0       0x34 ./drivers/fsl_lpuart.o
 .rodata.s_lpuartClock
                0x00006bd4        0xd ./drivers/fsl_lpuart.o
 *fill*         0x00006be1        0x3 ff
 .rodata.LPUART_GetInstance.str1.4
                0x00006be4       0x35 ./drivers/fsl_lpuart.o
 *fill*         0x00006c19        0x3 ff
 .rodata.LPUART_WriteNonBlocking.str1.4
                0x00006c1c        0xd ./drivers/fsl_lpuart.o
 *fill*         0x00006c29        0x3 ff
 .rodata.LPUART_Init.str1.4
                0x00006c2c       0xbb ./drivers/fsl_lpuart.o
 *fill*         0x00006ce7        0x1 ff
 .rodata.__func__.21
                0x00006ce8       0x13 ./drivers/fsl_lpuart.o
 *fill*         0x00006cfb        0x1 ff
 .rodata.__func__.16
                0x00006cfc        0xc ./drivers/fsl_lpuart.o
 .rodata.__func__.15
                0x00006d08       0x18 ./drivers/fsl_lpuart.o
 .rodata.__func__.11
                0x00006d20       0x15 ./drivers/fsl_lpuart.o
 *fill*         0x00006d35        0x3 ff
 .rodata.s_LpuartAdapterBase
                0x00006d38       0x34 ./component/uart/fsl_adapter_lpuart.o
 .rodata.HAL_UartInit.str1.4
                0x00006d6c       0xa2 ./component/uart/fsl_adapter_lpuart.o
                                 0xb2 (size before relaxing)
 *fill*         0x00006e0e        0x2 ff
 .rodata.HAL_UartReceiveBlocking.str1.4
                0x00006e10        0xc ./component/uart/fsl_adapter_lpuart.o
                                 0x1c (size before relaxing)
 .rodata.__func__.4
                0x00006e1c        0xd ./component/uart/fsl_adapter_lpuart.o
 *fill*         0x00006e29        0x3 ff
 .rodata.__func__.1
                0x00006e2c       0x15 ./component/uart/fsl_adapter_lpuart.o
 *fill*         0x00006e41        0x3 ff
 .rodata.s_clockSourceName
                0x00006e44      0x278 ./board/board.o
 .rodata.CLOCK_GetRootClockFreq.str1.4
                0x000070bc       0x7a ./board/board.o
                                 0x82 (size before relaxing)
 *fill*         0x00007136        0x2 ff
 .rodata.__func__.1
                0x00007138       0x17 ./board/board.o
 *fill*         0x0000714f        0x1 ff
 .rodata.s_clockSourceName
                0x00007150      0x278 ./board/clock_config.o
 .rodata.CLOCK_SetRootClock.str1.4
                0x000073c8       0x7a ./board/clock_config.o
                                 0x82 (size before relaxing)
 .rodata.CLOCK_GetRootClockFreq.str1.4
                0x000073c8        0x5 ./board/clock_config.o
 .rodata.armPllConfig_BOARD_BootClockRUN
                0x000073c8        0x8 ./board/clock_config.o
                0x000073c8                armPllConfig_BOARD_BootClockRUN
 .rodata.sysPll2Config_BOARD_BootClockRUN
                0x000073d0        0xc ./board/clock_config.o
                0x000073d0                sysPll2Config_BOARD_BootClockRUN
 .rodata.videoPllConfig_BOARD_BootClockRUN
                0x000073dc       0x14 ./board/clock_config.o
                0x000073dc                videoPllConfig_BOARD_BootClockRUN
 .rodata.__func__.1
                0x000073f0       0x13 ./board/clock_config.o
 *fill*         0x00007403        0x1 ff
 .rodata.__func__.0
                0x00007404       0x17 ./board/clock_config.o
                0x0000741c                . = ALIGN (0x4)
 *fill*         0x0000741b        0x1 ff
                0x0000741c                . = ALIGN (0x4)
 *(.init)
 .init          0x0000741c        0x4 d:/develop/program/nxp/mcuxpressoide_11.6.0_8187/ide/plugins/com.nxp.mcuxpresso.tools.win32_11.6.0.202112161359/tools/bin/../lib/gcc/arm-none-eabi/10.3.1/thumb/v7e-m+fp/hard\crti.o
                0x0000741c                _init