Archive member included to satisfy reference by file (symbol)

d:/develop/program/nxp/mcuxpressoide_11.6.0_8187/ide/plugins/com.nxp.mcuxpresso.tools.win32_11.6.0.202112161359/tools/bin/../lib/gcc/arm-none-eabi/10.3.1/thumb/v7e-m+fp/hard\libgcc.a(_arm_muldf3.o)
                              ./drivers/fsl_clock.o (__aeabi_dmul)
d:/develop/program/nxp/mcuxpressoide_11.6.0_8187/ide/plugins/com.nxp.mcuxpresso.tools.win32_11.6.0.202112161359/tools/bin/../lib/gcc/arm-none-eabi/10.3.1/thumb/v7e-m+fp/hard\libgcc.a(_arm_addsubdf3.o)
                              ./drivers/fsl_clock.o (__aeabi_dadd)
d:/develop/program/nxp/mcuxpressoide_11.6.0_8187/ide/plugins/com.nxp.mcuxpresso.tools.win32_11.6.0.202112161359/tools/bin/../lib/gcc/arm-none-eabi/10.3.1/thumb/v7e-m+fp/hard\libgcc.a(_arm_muldivdf3.o)
                              ./drivers/fsl_clock.o (__aeabi_ddiv)
d:/develop/program/nxp/mcuxpressoide_11.6.0_8187/ide/plugins/com.nxp.mcuxpresso.tools.win32_11.6.0.202112161359/tools/bin/../lib/gcc/arm-none-eabi/10.3.1/thumb/v7e-m+fp/hard\libgcc.a(_arm_fixunsdfsi.o)
                              ./drivers/fsl_clock.o (__aeabi_d2uiz)
d:/develop/program/nxp/mcuxpressoide_11.6.0_8187/ide/plugins/com.nxp.mcuxpresso.tools.win32_11.6.0.202112161359/tools/bin/../lib/gcc/arm-none-eabi/10.3.1/thumb/v7e-m+fp/hard\libgcc.a(_aeabi_uldivmod.o)
                              ./drivers/fsl_common_arm.o (__aeabi_uldivmod)
d:/develop/program/nxp/mcuxpressoide_11.6.0_8187/ide/plugins/com.nxp.mcuxpresso.tools.win32_11.6.0.202112161359/tools/bin/../lib/gcc/arm-none-eabi/10.3.1/thumb/v7e-m+fp/hard\libgcc.a(_udivmoddi4.o)
                              d:/develop/program/nxp/mcuxpressoide_11.6.0_8187/ide/plugins/com.nxp.mcuxpresso.tools.win32_11.6.0.202112161359/tools/bin/../lib/gcc/arm-none-eabi/10.3.1/thumb/v7e-m+fp/hard\libgcc.a(_aeabi_uldivmod.o) (__udivmoddi4)
d:/develop/program/nxp/mcuxpressoide_11.6.0_8187/ide/plugins/com.nxp.mcuxpresso.tools.win32_11.6.0.202112161359/tools/bin/../lib/gcc/arm-none-eabi/10.3.1/thumb/v7e-m+fp/hard\libgcc.a(_dvmd_tls.o)
                              d:/develop/program/nxp/mcuxpressoide_11.6.0_8187/ide/plugins/com.nxp.mcuxpresso.tools.win32_11.6.0.202112161359/tools/bin/../lib/gcc/arm-none-eabi/10.3.1/thumb/v7e-m+fp/hard\libgcc.a(_aeabi_uldivmod.o) (__aeabi_ldiv0)
d:/develop/program/nxp/mcuxpressoide_11.6.0_8187/ide/plugins/com.nxp.mcuxpresso.tools.win32_11.6.0.202112161359/tools/bin/../lib/gcc/arm-none-eabi/10.3.1/../../../../arm-none-eabi/lib/thumb/v7e-m+fp/hard\libc_nano.a(lib_a-errno.o)
                              ./utilities/fsl_str.o (__errno)
d:/develop/program/nxp/mcuxpressoide_11.6.0_8187/ide/plugins/com.nxp.mcuxpresso.tools.win32_11.6.0.202112161359/tools/bin/../lib/gcc/arm-none-eabi/10.3.1/../../../../arm-none-eabi/lib/thumb/v7e-m+fp/hard\libc_nano.a(lib_a-impure.o)
                              d:/develop/program/nxp/mcuxpressoide_11.6.0_8187/ide/plugins/com.nxp.mcuxpresso.tools.win32_11.6.0.202112161359/tools/bin/../lib/gcc/arm-none-eabi/10.3.1/../../../../arm-none-eabi/lib/thumb/v7e-m+fp/hard\libc_nano.a(lib_a-errno.o) (_impure_ptr)
d:/develop/program/nxp/mcuxpressoide_11.6.0_8187/ide/plugins/com.nxp.mcuxpresso.tools.win32_11.6.0.202112161359/tools/bin/../lib/gcc/arm-none-eabi/10.3.1/../../../../arm-none-eabi/lib/thumb/v7e-m+fp/hard\libc_nano.a(lib_a-init.o)
                              ./startup/startup_mimxrt1176_cm7.o (__libc_init_array)
d:/develop/program/nxp/mcuxpressoide_11.6.0_8187/ide/plugins/com.nxp.mcuxpresso.tools.win32_11.6.0.202112161359/tools/bin/../lib/gcc/arm-none-eabi/10.3.1/../../../../arm-none-eabi/lib/thumb/v7e-m+fp/hard\libc_nano.a(lib_a-malloc.o)
                              ./source/cpp_config.o (malloc)
d:/develop/program/nxp/mcuxpressoide_11.6.0_8187/ide/plugins/com.nxp.mcuxpresso.tools.win32_11.6.0.202112161359/tools/bin/../lib/gcc/arm-none-eabi/10.3.1/../../../../arm-none-eabi/lib/thumb/v7e-m+fp/hard\libc_nano.a(lib_a-memcpy-stub.o)
                              ./utilities/fsl_str.o (memcpy)
d:/develop/program/nxp/mcuxpressoide_11.6.0_8187/ide/plugins/com.nxp.mcuxpresso.tools.win32_11.6.0.202112161359/tools/bin/../lib/gcc/arm-none-eabi/10.3.1/../../../../arm-none-eabi/lib/thumb/v7e-m+fp/hard\libc_nano.a(lib_a-memset.o)
                              ./utilities/fsl_debug_console.o (memset)
d:/develop/program/nxp/mcuxpressoide_11.6.0_8187/ide/plugins/com.nxp.mcuxpresso.tools.win32_11.6.0.202112161359/tools/bin/../lib/gcc/arm-none-eabi/10.3.1/../../../../arm-none-eabi/lib/thumb/v7e-m+fp/hard\libc_nano.a(lib_a-nano-freer.o)
                              d:/develop/program/nxp/mcuxpressoide_11.6.0_8187/ide/plugins/com.nxp.mcuxpresso.tools.win32_11.6.0.202112161359/tools/bin/../lib/gcc/arm-none-eabi/10.3.1/../../../../arm-none-eabi/lib/thumb/v7e-m+fp/hard\libc_nano.a(lib_a-malloc.o) (_free_r)
[...]
Memory Configuration

Name             Origin             Length             Attributes
BOARD_FLASH_APP  0x30010000         0x00040000         xr
BOARD_FLASH      0x30050000         0x03fb0000         xr
SRAM_DTC_cm7_APP 0x20004000         0x0003c000         xrw
SRAM_ITC_cm7     0x00000000         0x00040000         xrw
SRAM_OC1         0x20240000         0x00080000         xrw
SRAM_OC2         0x202c0000         0x00080000         xrw
SRAM_OC_ECC1     0x20340000         0x00010000         xrw
SRAM_OC_ECC2     0x20350000         0x00010000         xrw
SRAM_OC_cm7      0x20360000         0x00020000         xrw
BOARD_SDRAM      0x80000000         0x03000000         xrw
NCACHE_REGION    0x83000000         0x01000000         xrw
BOARD_FLASH_BOOT 0x30000000         0x00010000         xr
SRAM_DTC_cm7_BOOT 0x20000000         0x00004000         xrw
*default*        0x00000000         0xffffffff

Linker script and memory map

LOAD ./xip/evkmimxrt1170_flexspi_nor_config.o
LOAD ./xip/fsl_flexspi_nor_boot.o
LOAD ./utilities/fsl_assert.o
LOAD ./utilities/fsl_debug_console.o
LOAD ./utilities/fsl_str.o
LOAD ./startup/boot_multicore_slave.o
LOAD ./startup/startup_mimxrt1176_cm7.o
LOAD ./source/MIMXRT1170_EVK_App.o
LOAD ./source/cpp_config.o
LOAD ./source/semihost_hardfault.o
LOAD ./drivers/fsl_anatop_ai.o
LOAD ./drivers/fsl_clock.o
LOAD ./drivers/fsl_common.o
LOAD ./drivers/fsl_common_arm.o
LOAD ./drivers/fsl_dcdc.o
LOAD ./drivers/fsl_gpio.o
LOAD ./drivers/fsl_lpuart.o
LOAD ./drivers/fsl_pmu.o
LOAD ./device/system_MIMXRT1176_cm7.o
LOAD ./component/uart/fsl_adapter_lpuart.o
LOAD ./component/serial_manager/fsl_component_serial_manager.o
LOAD ./component/serial_manager/fsl_component_serial_port_uart.o
LOAD ./component/lists/fsl_component_generic_list.o
LOAD ./board/board.o
LOAD ./board/clock_config.o
LOAD ./board/dcd.o
LOAD ./board/peripherals.o
LOAD ./board/pin_mux.o
LOAD ./board/xmcd.o
START GROUP
LOAD d:/develop/program/nxp/mcuxpressoide_11.6.0_8187/ide/plugins/com.nxp.mcuxpresso.tools.win32_11.6.0.202112161359/tools/bin/../lib/gcc/arm-none-eabi/10.3.1/thumb/v7e-m+fp/hard\libgcc.a
LOAD d:/develop/program/nxp/mcuxpressoide_11.6.0_8187/ide/plugins/com.nxp.mcuxpresso.tools.win32_11.6.0.202112161359/tools/bin/../lib/gcc/arm-none-eabi/10.3.1/../../../../arm-none-eabi/lib/thumb/v7e-m+fp/hard\libc_nano.a
LOAD d:/develop/program/nxp/mcuxpressoide_11.6.0_8187/ide/plugins/com.nxp.mcuxpresso.tools.win32_11.6.0.202112161359/tools/bin/../lib/gcc/arm-none-eabi/10.3.1/../../../../arm-none-eabi/lib/thumb/v7e-m+fp/hard\libstdc++_nano.a
LOAD d:/develop/program/nxp/mcuxpressoide_11.6.0_8187/ide/plugins/com.nxp.mcuxpresso.tools.win32_11.6.0.202112161359/tools/bin/../lib/gcc/arm-none-eabi/10.3.1/../../../../arm-none-eabi/lib/thumb/v7e-m+fp/hard\libm.a
LOAD d:/develop/program/nxp/mcuxpressoide_11.6.0_8187/ide/plugins/com.nxp.mcuxpresso.tools.win32_11.6.0.202112161359/tools/bin/../lib/gcc/arm-none-eabi/10.3.1/../../../../arm-none-eabi/lib/thumb/v7e-m+fp/hard\libcr_newlib_nohost.a
LOAD d:/develop/program/nxp/mcuxpressoide_11.6.0_8187/ide/plugins/com.nxp.mcuxpresso.tools.win32_11.6.0.202112161359/tools/bin/../lib/gcc/arm-none-eabi/10.3.1/thumb/v7e-m+fp/hard\crti.o
LOAD d:/develop/program/nxp/mcuxpressoide_11.6.0_8187/ide/plugins/com.nxp.mcuxpresso.tools.win32_11.6.0.202112161359/tools/bin/../lib/gcc/arm-none-eabi/10.3.1/thumb/v7e-m+fp/hard\crtn.o
LOAD d:/develop/program/nxp/mcuxpressoide_11.6.0_8187/ide/plugins/com.nxp.mcuxpresso.tools.win32_11.6.0.202112161359/tools/bin/../lib/gcc/arm-none-eabi/10.3.1/thumb/v7e-m+fp/hard\crtbegin.o
LOAD d:/develop/program/nxp/mcuxpressoide_11.6.0_8187/ide/plugins/com.nxp.mcuxpresso.tools.win32_11.6.0.202112161359/tools/bin/../lib/gcc/arm-none-eabi/10.3.1/thumb/v7e-m+fp/hard\crtend.o
END GROUP
                0x30010000                __base_BOARD_FLASH_APP = 0x30010000
                0x30010000                __base_Flash = 0x30010000
                0x30050000                __top_BOARD_FLASH_APP = 0x30050000
                0x30050000                __top_Flash = 0x30050000
                0x30050000                __base_BOARD_FLASH = 0x30050000
                0x30050000                __base_Flash2 = 0x30050000
                0x34000000                __top_BOARD_FLASH = 0x34000000
                0x34000000                __top_Flash2 = 0x34000000
                0x20004000                __base_SRAM_DTC_cm7_APP = 0x20004000
                0x20004000                __base_RAM = 0x20004000
                0x20040000                __top_SRAM_DTC_cm7_APP = 0x20040000
                0x20040000                __top_RAM = 0x20040000
                0x00000000                __base_SRAM_ITC_cm7 = 0x0
                0x00000000                __base_RAM2 = 0x0
                0x00040000                __top_SRAM_ITC_cm7 = 0x40000
                0x00040000                __top_RAM2 = 0x40000
                0x20240000                __base_SRAM_OC1 = 0x20240000
                0x20240000                __base_RAM3 = 0x20240000
                0x202c0000                __top_SRAM_OC1 = 0x202c0000
                0x202c0000                __top_RAM3 = 0x202c0000
                0x202c0000                __base_SRAM_OC2 = 0x202c0000
                0x202c0000                __base_RAM4 = 0x202c0000
                0x20340000                __top_SRAM_OC2 = 0x20340000
                0x20340000                __top_RAM4 = 0x20340000
                0x20340000                __base_SRAM_OC_ECC1 = 0x20340000
                0x20340000                __base_RAM5 = 0x20340000
                0x20350000                __top_SRAM_OC_ECC1 = 0x20350000
                0x20350000                __top_RAM5 = 0x20350000
                0x20350000                __base_SRAM_OC_ECC2 = 0x20350000
                0x20350000                __base_RAM6 = 0x20350000
                0x20360000                __top_SRAM_OC_ECC2 = 0x20360000
                0x20360000                __top_RAM6 = 0x20360000
                0x20360000                __base_SRAM_OC_cm7 = 0x20360000
                0x20360000                __base_RAM7 = 0x20360000
                0x20380000                __top_SRAM_OC_cm7 = 0x20380000
                0x20380000                __top_RAM7 = 0x20380000
                0x80000000                __base_BOARD_SDRAM = 0x80000000
                0x80000000                __base_RAM8 = 0x80000000
                0x83000000                __top_BOARD_SDRAM = 0x83000000
                0x83000000                __top_RAM8 = 0x83000000
                0x83000000                __base_NCACHE_REGION = 0x83000000
                0x83000000                __base_RAM9 = 0x83000000
                0x84000000                __top_NCACHE_REGION = 0x84000000
                0x84000000                __top_RAM9 = 0x84000000
                0x30000000                __base_BOARD_FLASH_BOOT = 0x30000000
                0x30000000                __base_Flash3 = 0x30000000
                0x30010000                __top_BOARD_FLASH_BOOT = 0x30010000
                0x30010000                __top_Flash3 = 0x30010000
                0x20000000                __base_SRAM_DTC_cm7_BOOT = 0x20000000
                0x20000000                __base_RAM10 = 0x20000000
                0x20004000                __top_SRAM_DTC_cm7_BOOT = 0x20004000
                0x20004000                __top_RAM10 = 0x20004000

.text_Flash2    0x30050000        0x0
 FILL mask 0xff
 *(SORT_BY_ALIGNMENT(.text_Flash2))
 *(SORT_BY_ALIGNMENT(.text_BOARD_FLASH))
 *(SORT_BY_ALIGNMENT(.text.$Flash2))
 *(SORT_BY_ALIGNMENT(.text.$BOARD_FLASH))
 *(SORT_BY_ALIGNMENT(.text_Flash2.*))
 *(SORT_BY_ALIGNMENT(.text_BOARD_FLASH.*))
 *(SORT_BY_ALIGNMENT(.text.$Flash2.*))
 *(SORT_BY_ALIGNMENT(.text.$BOARD_FLASH.*))
 *(SORT_BY_ALIGNMENT(.rodata.$Flash2))
 *(SORT_BY_ALIGNMENT(.rodata.$BOARD_FLASH))
 *(SORT_BY_ALIGNMENT(.rodata.$Flash2.*))
 *(SORT_BY_ALIGNMENT(.rodata.$BOARD_FLASH.*))

.text_Flash3    0x30000000        0x0
 FILL mask 0xff
 *(SORT_BY_ALIGNMENT(.text_Flash3))
 *(SORT_BY_ALIGNMENT(.text_BOARD_FLASH_BOOT))
 *(SORT_BY_ALIGNMENT(.text.$Flash3))
 *(SORT_BY_ALIGNMENT(.text.$BOARD_FLASH_BOOT))
 *(SORT_BY_ALIGNMENT(.text_Flash3.*))
 *(SORT_BY_ALIGNMENT(.text_BOARD_FLASH_BOOT.*))
 *(SORT_BY_ALIGNMENT(.text.$Flash3.*))
 *(SORT_BY_ALIGNMENT(.text.$BOARD_FLASH_BOOT.*))
 *(SORT_BY_ALIGNMENT(.rodata.$Flash3))
 *(SORT_BY_ALIGNMENT(.rodata.$BOARD_FLASH_BOOT))
 *(SORT_BY_ALIGNMENT(.rodata.$Flash3.*))
 *(SORT_BY_ALIGNMENT(.rodata.$BOARD_FLASH_BOOT.*))

.text           0x00000000     0x6c28 load address 0x30010000
 FILL mask 0xff
                0x00000000                __vectors_start__ = ABSOLUTE (.)
 *(SORT_BY_ALIGNMENT(.isr_vector))
 .isr_vector    0x00000000      0x3a8 ./startup/startup_mimxrt1176_cm7.o
                0x00000000                g_pfnVectors
                0x00000000                __Vectors
                0x000003a8                . = ALIGN (0x4)
                0x000003a8                __section_table_start = .
                0x000003a8                __data_section_table = .
                0x000003a8        0x4 LONG 0x6c28 ((LOADADDR (.data) - LOADADDR (.text)) + __base_SRAM_ITC_cm7)
                0x000003ac        0x4 LONG 0x20004000 ADDR (.data)
                0x000003b0        0x4 LONG 0x4 SIZEOF (.data)
                0x000003b4        0x4 LONG 0x6c28 ((LOADADDR (.data_RAM2) - LOADADDR (.text)) + __base_SRAM_ITC_cm7)
                0x000003b8        0x4 LONG 0x6c28 ADDR (.data_RAM2)
                0x000003bc        0x4 LONG 0x0 SIZEOF (.data_RAM2)
                0x000003c0        0x4 LONG 0x6c28 ((LOADADDR (.data_RAM3) - LOADADDR (.text)) + __base_SRAM_ITC_cm7)
                0x000003c4        0x4 LONG 0x20240000 ADDR (.data_RAM3)
                0x000003c8        0x4 LONG 0x0 SIZEOF (.data_RAM3)
                0x000003cc        0x4 LONG 0x6c28 ((LOADADDR (.data_RAM4) - LOADADDR (.text)) + __base_SRAM_ITC_cm7)
                0x000003d0        0x4 LONG 0x202c0000 ADDR (.data_RAM4)
                0x000003d4        0x4 LONG 0x0 SIZEOF (.data_RAM4)
                0x000003d8        0x4 LONG 0x6c28 ((LOADADDR (.data_RAM5) - LOADADDR (.text)) + __base_SRAM_ITC_cm7)
                0x000003dc        0x4 LONG 0x20340000 ADDR (.data_RAM5)
                0x000003e0        0x4 LONG 0x0 SIZEOF (.data_RAM5)
                0x000003e4        0x4 LONG 0x6c28 ((LOADADDR (.data_RAM6) - LOADADDR (.text)) + __base_SRAM_ITC_cm7)
                0x000003e8        0x4 LONG 0x20350000 ADDR (.data_RAM6)
                0x000003ec        0x4 LONG 0x0 SIZEOF (.data_RAM6)
                0x000003f0        0x4 LONG 0x6c28 ((LOADADDR (.data_RAM7) - LOADADDR (.text)) + __base_SRAM_ITC_cm7)
                0x000003f4        0x4 LONG 0x20360000 ADDR (.data_RAM7)
                0x000003f8        0x4 LONG 0x0 SIZEOF (.data_RAM7)
                0x000003fc        0x4 LONG 0x6c28 ((LOADADDR (.data_RAM8) - LOADADDR (.text)) + __base_SRAM_ITC_cm7)
                0x00000400        0x4 LONG 0x80000000 ADDR (.data_RAM8)
                0x00000404        0x4 LONG 0x0 SIZEOF (.data_RAM8)
                0x00000408        0x4 LONG 0x6c28 ((LOADADDR (.data_RAM9) - LOADADDR (.text)) + __base_SRAM_ITC_cm7)
                0x0000040c        0x4 LONG 0x83000000 ADDR (.data_RAM9)
                0x00000410        0x4 LONG 0x0 SIZEOF (.data_RAM9)
                0x00000414        0x4 LONG 0x6c28 ((LOADADDR (.data_RAM10) - LOADADDR (.text)) + __base_SRAM_ITC_cm7)
                0x00000418        0x4 LONG 0x20000000 ADDR (.data_RAM10)
                0x0000041c        0x4 LONG 0x0 SIZEOF (.data_RAM10)
                0x00000420                __data_section_table_end = .
                0x00000420                __bss_section_table = .
                0x00000420        0x4 LONG 0x20004004 ADDR (.bss)
                0x00000424        0x4 LONG 0x80 SIZEOF (.bss)
                0x00000428        0x4 LONG 0x6c28 ADDR (.bss_RAM2)
                0x0000042c        0x4 LONG 0x0 SIZEOF (.bss_RAM2)
                0x00000430        0x4 LONG 0x20240000 ADDR (.bss_RAM3)
                0x00000434        0x4 LONG 0x0 SIZEOF (.bss_RAM3)
                0x00000438        0x4 LONG 0x202c0000 ADDR (.bss_RAM4)
                0x0000043c        0x4 LONG 0x0 SIZEOF (.bss_RAM4)
                0x00000440        0x4 LONG 0x20340000 ADDR (.bss_RAM5)
                0x00000444        0x4 LONG 0x0 SIZEOF (.bss_RAM5)
                0x00000448        0x4 LONG 0x20350000 ADDR (.bss_RAM6)
                0x0000044c        0x4 LONG 0x0 SIZEOF (.bss_RAM6)
                0x00000450        0x4 LONG 0x20360000 ADDR (.bss_RAM7)
                0x00000454        0x4 LONG 0x0 SIZEOF (.bss_RAM7)
                0x00000458        0x4 LONG 0x80000000 ADDR (.bss_RAM8)
                0x0000045c        0x4 LONG 0x0 SIZEOF (.bss_RAM8)
                0x00000460        0x4 LONG 0x83000000 ADDR (.bss_RAM9)
                0x00000464        0x4 LONG 0x0 SIZEOF (.bss_RAM9)
                0x00000468        0x4 LONG 0x20000000 ADDR (.bss_RAM10)
                0x0000046c        0x4 LONG 0x0 SIZEOF (.bss_RAM10)
                0x00000470                __bss_section_table_end = .
                0x00000470                __section_table_end = .
 *(SORT_BY_ALIGNMENT(.after_vectors*))
 .after_vectors.init_data
                0x00000470       0x54 ./startup/startup_mimxrt1176_cm7.o
                0x00000470                data_init(unsigned int, unsigned int, unsigned int)
 .after_vectors.init_bss
                0x000004c4       0x4c ./startup/startup_mimxrt1176_cm7.o
                0x000004c4                bss_init(unsigned int, unsigned int)
 .after_vectors.reset
                0x00000510       0x58 ./startup/startup_mimxrt1176_cm7.o
                0x00000510                ResetISR
 .after_vectors
                0x00000568       0x14 ./startup/startup_mimxrt1176_cm7.o
                0x00000568                NMI_Handler
                0x0000056c                MemManage_Handler
                0x0000056e                BusFault_Handler
                0x00000570                UsageFault_Handler
                0x00000572                SVC_Handler
                0x00000574                DebugMon_Handler
                0x00000576                PendSV_Handler
                0x0000057a                FLEXRAM_ECC_DriverIRQHandler
                0x0000057a                SAI3_RX_DriverIRQHandler
                0x0000057a                ADC_ETC_IRQ3_DriverIRQHandler
                0x0000057a                Reserved168_DriverIRQHandler
                0x0000057a                Reserved178_DriverIRQHandler
                0x0000057a                SNVS_HP_NON_TZ_DriverIRQHandler
                0x0000057a                PWM4_FAULT_DriverIRQHandler
                0x0000057a                DMA13_DMA29_DriverIRQHandler
                0x0000057a                Reserved185_DriverIRQHandler
                0x0000057a                FLEXRAM_DriverIRQHandler
                0x0000057a                KEY_MANAGER_DriverIRQHandler
                0x0000057a                LPSPI4_DriverIRQHandler
                0x0000057a                SEMC_DriverIRQHandler
                0x0000057a                SPDIF_DriverIRQHandler
                0x0000057a                PWM4_3_DriverIRQHandler
                0x0000057a                LPI2C5_DriverIRQHandler
                0x0000057a                TMPSNS_LOW_HIGH_DriverIRQHandler
                0x0000057a                LPSPI2_DriverIRQHandler
                0x0000057a                FLEXSPI2_DriverIRQHandler
                0x0000057a                RDC_DriverIRQHandler
                0x0000057a                GPIO3_Combined_0_15_DriverIRQHandler
                0x0000057a                Reserved167_DriverIRQHandler
                0x0000057a                CAN3_DriverIRQHandler
                0x0000057a                PIT2_DriverIRQHandler
                0x0000057a                CAAM_RTIC_DriverIRQHandler
                0x0000057a                OCOTP_READ_FUSE_ERROR_DriverIRQHandler
                0x0000057a                DMA7_DMA23_DriverIRQHandler
                0x0000057a                GPIO6_Combined_16_31_DriverIRQHandler
                0x0000057a                SAI4_TX_DriverIRQHandler
                0x0000057a                Reserved110_DriverIRQHandler
                0x0000057a                Reserved210_DriverIRQHandler
                0x0000057a                LPI2C3_DriverIRQHandler
                0x0000057a                GPR_IRQ_DriverIRQHandler
                0x0000057a                Reserved208_DriverIRQHandler
                0x0000057a                PWM2_FAULT_DriverIRQHandler
                0x0000057a                PWM3_1_DriverIRQHandler
                0x0000057a                SEMA4_CP1_DriverIRQHandler
                0x0000057a                DAC_DriverIRQHandler
                0x0000057a                ENET_1G_MAC0_Tx_Rx_1_DriverIRQHandler
                0x0000057a                XECC_FLEXSPI2_INT_DriverIRQHandler
                0x0000057a                LPSR_LP8_BROWNOUT_DriverIRQHandler
                0x0000057a                Reserved166_DriverIRQHandler
                0x0000057a                DMA14_DMA30_DriverIRQHandler
                0x0000057a                TMR1_DriverIRQHandler
                0x0000057a                PWM3_2_DriverIRQHandler
                0x0000057a                ENET_1588_Timer_DriverIRQHandler
                0x0000057a                ENET_QOS_PMT_DriverIRQHandler
                0x0000057a                FLEXIO2_DriverIRQHandler
                0x0000057a                GPIO2_Combined_16_31_DriverIRQHandler
                0x0000057a                KPP_DriverIRQHandler
                0x0000057a                CTI_TRIGGER_OUT0_DriverIRQHandler
                0x0000057a                PWM4_1_DriverIRQHandler
                0x0000057a                Reserved213_DriverIRQHandler
                0x0000057a                CAAM_IRQ0_DriverIRQHandler
                0x0000057a                RTWDOG3_DriverIRQHandler
                0x0000057a                PWM3_3_DriverIRQHandler
                0x0000057a                DMA0_DMA16_DriverIRQHandler
                0x0000057a                IntDefaultHandler
                0x0000057a                DMA2_DMA18_DriverIRQHandler
                0x0000057a                XECC_FLEXSPI1_FATAL_INT_DriverIRQHandler
                0x0000057a                XECC_SEMC_INT_DriverIRQHandler
                0x0000057a                USDHC1_DriverIRQHandler
                0x0000057a                ENC3_DriverIRQHandler
                0x0000057a                PWM3_FAULT_DriverIRQHandler
                0x0000057a                DCIC1_DriverIRQHandler
                0x0000057a                LPI2C6_DriverIRQHandler
                0x0000057a                TMPSNS_PANIC_DriverIRQHandler
                0x0000057a                EWM_DriverIRQHandler
                0x0000057a                WDOG1_DriverIRQHandler
                0x0000057a                FLEXIO1_DriverIRQHandler
                0x0000057a                ENET_DriverIRQHandler
                0x0000057a                TMR4_DriverIRQHandler
                0x0000057a                ENC2_DriverIRQHandler
                0x0000057a                ENET_1G_MAC0_Tx_Rx_2_DriverIRQHandler
                0x0000057a                ADC_ETC_IRQ2_DriverIRQHandler
                0x0000057a                GPIO1_Combined_16_31_DriverIRQHandler
                0x0000057a                SAI1_DriverIRQHandler
                0x0000057a                DMA12_DMA28_DriverIRQHandler
                0x0000057a                MECC1_FATAL_INT_DriverIRQHandler
                0x0000057a                PWM4_0_DriverIRQHandler
                0x0000057a                MIPI_DSI_DriverIRQHandler
                0x0000057a                ADC_ETC_ERROR_IRQ_DriverIRQHandler
                0x0000057a                ACMP2_DriverIRQHandler
                0x0000057a                GPIO5_Combined_0_15_DriverIRQHandler
                0x0000057a                GPU2D_DriverIRQHandler
                0x0000057a                GPT2_DriverIRQHandler
                0x0000057a                MUA_DriverIRQHandler
                0x0000057a                CAN3_ERROR_DriverIRQHandler
                0x0000057a                DMA10_DMA26_DriverIRQHandler
                0x0000057a                PWM2_1_DriverIRQHandler
                0x0000057a                PWM1_1_DriverIRQHandler
                0x0000057a                PXP_DriverIRQHandler
                0x0000057a                ADC1_DriverIRQHandler
                0x0000057a                PDM_ERROR_DriverIRQHandler
                0x0000057a                MIPI_CSI_DriverIRQHandler
                0x0000057a                CAAM_IRQ3_DriverIRQHandler
                0x0000057a                PWM1_0_DriverIRQHandler
                0x0000057a                CAAM_IRQ1_DriverIRQHandler
                0x0000057a                DMA1_DMA17_DriverIRQHandler
                0x0000057a                GPT6_DriverIRQHandler
                0x0000057a                PIT1_DriverIRQHandler
                0x0000057a                ENC1_DriverIRQHandler
                0x0000057a                ENC4_DriverIRQHandler
                0x0000057a                CAN2_DriverIRQHandler
                0x0000057a                Reserved169_DriverIRQHandler
                0x0000057a                LPSR_LP0_BROWNOUT_DriverIRQHandler
                0x0000057a                CAN2_ERROR_DriverIRQHandler
                0x0000057a                GPT5_DriverIRQHandler
                0x0000057a                DMA8_DMA24_DriverIRQHandler
                0x0000057a                GPT1_DriverIRQHandler
                0x0000057a                SNVS_HP_TZ_DriverIRQHandler
                0x0000057a                CAAM_RECORVE_ERRPR_DriverIRQHandler
                0x0000057a                CAAM_IRQ2_DriverIRQHandler
                0x0000057a                ACMP3_DriverIRQHandler
                0x0000057a                DMA6_DMA22_DriverIRQHandler
                0x0000057a                GPIO6_Combined_0_15_DriverIRQHandler
                0x0000057a                SAI4_RX_DriverIRQHandler
                0x0000057a                TMR3_DriverIRQHandler
                0x0000057a                TMR2_DriverIRQHandler
                0x0000057a                DCIC2_DriverIRQHandler
                0x0000057a                FLEXSPI1_DriverIRQHandler
                0x0000057a                GPIO1_Combined_0_15_DriverIRQHandler
                0x0000057a                USDHC2_DriverIRQHandler
                0x0000057a                PWM4_2_DriverIRQHandler
                0x0000057a                Reserved214_DriverIRQHandler
                0x0000057a                SAI2_DriverIRQHandler
                0x0000057a                CORE_DriverIRQHandler
                0x0000057a                LPSPI6_DriverIRQHandler
                0x0000057a                USBPHY2_DriverIRQHandler
                0x0000057a                OCOTP_READ_DONE_ERROR_DriverIRQHandler
                0x0000057a                CDOG_DriverIRQHandler
                0x0000057a                USBPHY1_DriverIRQHandler
                0x0000057a                PDM_EVENT_DriverIRQHandler
                0x0000057a                LCDIFv2_DriverIRQHandler
                0x0000057a                Reserved186_DriverIRQHandler
                0x0000057a                Reserved211_DriverIRQHandler
                0x0000057a                DMA11_DMA27_DriverIRQHandler
                0x0000057a                CSI_DriverIRQHandler
                0x0000057a                PWM2_3_DriverIRQHandler
                0x0000057a                XBAR1_IRQ_2_3_DriverIRQHandler
                0x0000057a                GPIO3_Combined_16_31_DriverIRQHandler
                0x0000057a                PWM1_FAULT_DriverIRQHandler
                0x0000057a                LPI2C1_DriverIRQHandler
                0x0000057a                EMVSIM2_DriverIRQHandler
                0x0000057a                MECC2_FATAL_INT_DriverIRQHandler
                0x0000057a                PWM2_2_DriverIRQHandler
                0x0000057a                DMA4_DMA20_DriverIRQHandler
                0x0000057a                DMA9_DMA25_DriverIRQHandler
                0x0000057a                GPT4_DriverIRQHandler
                0x0000057a                XBAR1_IRQ_0_1_DriverIRQHandler
                0x0000057a                ADC_ETC_IRQ1_DriverIRQHandler
                0x0000057a                LPSPI1_DriverIRQHandler
                0x0000057a                Reserved215_DriverIRQHandler
                0x0000057a                DMA3_DMA19_DriverIRQHandler
                0x0000057a                XECC_FLEXSPI1_INT_DriverIRQHandler
                0x0000057a                ENET_QOS_DriverIRQHandler
                0x0000057a                LPSPI5_DriverIRQHandler
                0x0000057a                SEMA4_CP0_DriverIRQHandler
                0x0000057a                Reserved170_DriverIRQHandler
                0x0000057a                Reserved177_DriverIRQHandler
                0x0000057a                LPI2C4_DriverIRQHandler
                0x0000057a                GPC_DriverIRQHandler
                0x0000057a                GPIO2_Combined_0_15_DriverIRQHandler
                0x0000057a                GPT3_DriverIRQHandler
                0x0000057a                TMPSNS_INT_DriverIRQHandler
                0x0000057a                PWM1_2_DriverIRQHandler
                0x0000057a                USB_OTG1_DriverIRQHandler
                0x0000057a                XECC_SEMC_FATAL_INT_DriverIRQHandler
                0x0000057a                SAI3_TX_DriverIRQHandler
                0x0000057a                WDOG2_DriverIRQHandler
                0x0000057a                Reserved68_DriverIRQHandler
                0x0000057a                MECC2_INT_DriverIRQHandler
                0x0000057a                ENET_1G_1588_Timer_DriverIRQHandler
                0x0000057a                Reserved180_DriverIRQHandler
                0x0000057a                PWM3_0_DriverIRQHandler
                0x0000057a                CAN1_ERROR_DriverIRQHandler
                0x0000057a                GPIO4_Combined_0_15_DriverIRQHandler
                0x0000057a                GPIO4_Combined_16_31_DriverIRQHandler
                0x0000057a                GPIO5_Combined_16_31_DriverIRQHandler
                0x0000057a                EMVSIM1_DriverIRQHandler
                0x0000057a                ASRC_DriverIRQHandler
                0x0000057a                DMA5_DMA21_DriverIRQHandler
                0x0000057a                Reserved179_DriverIRQHandler
                0x0000057a                ADC2_DriverIRQHandler
                0x0000057a                ACMP4_DriverIRQHandler
                0x0000057a                DMA15_DMA31_DriverIRQHandler
                0x0000057a                PDM_HWVAD_ERROR_DriverIRQHandler
                0x0000057a                LPSPI3_DriverIRQHandler
                0x0000057a                PWM1_3_DriverIRQHandler
                0x0000057a                PDM_HWVAD_EVENT_DriverIRQHandler
                0x0000057a                ACMP1_DriverIRQHandler
                0x0000057a                LPI2C2_DriverIRQHandler
                0x0000057a                XECC_FLEXSPI2_FATAL_INT_DriverIRQHandler
                0x0000057a                DMA_ERROR_DriverIRQHandler
                0x0000057a                ADC_ETC_IRQ0_DriverIRQHandler
                0x0000057a                Reserved212_DriverIRQHandler
                0x0000057a                CAN1_DriverIRQHandler
                0x0000057a                eLCDIF_DriverIRQHandler
                0x0000057a                MECC1_INT_DriverIRQHandler
                0x0000057a                CTI_TRIGGER_OUT1_DriverIRQHandler
                0x0000057a                PWM2_0_DriverIRQHandler
                0x0000057a                ENET_1G_DriverIRQHandler
                0x0000057a                Reserved209_DriverIRQHandler
                0x0000057a                SNVS_PULSE_EVENT_DriverIRQHandler
                0x0000057a                CM7_GPIO2_3_DriverIRQHandler
                0x0000057a                GPIO13_Combined_0_31_DriverIRQHandler
                0x0000057a                USB_OTG2_DriverIRQHandler
 *(SORT_BY_ALIGNMENT(.text*))
 *fill*         0x0000057c        0x4 ff
 .text.CLOCK_GetAvPllFreq
                0x00000580      0x12c ./drivers/fsl_clock.o
 .text.__assert_func
                0x000006ac       0x28 ./utilities/fsl_assert.o
                0x000006ac                __assert_func
 .text.DbgConsole_SendDataReliable
                0x000006d4       0x54 ./utilities/fsl_debug_console.o
                0x000006d4                DbgConsole_SendDataReliable
 .text.DbgConsole_Init
                0x00000728      0x128 ./utilities/fsl_debug_console.o
                0x00000728                DbgConsole_Init
 .text.DbgConsole_Vprintf
                0x00000850       0x6c ./utilities/fsl_debug_console.o
                0x00000850                DbgConsole_Vprintf
 .text.__NVIC_EnableIRQ
                0x000008bc       0x3c ./source/MIMXRT1170_EVK_App.o
 .text.__NVIC_SetPriority
                0x000008f8       0x54 ./source/MIMXRT1170_EVK_App.o
 .text.SysTick_Config
                0x0000094c       0x44 ./source/MIMXRT1170_EVK_App.o
 .text.SysTick_Handler
                0x00000990       0x24 ./source/MIMXRT1170_EVK_App.o
                0x00000990                SysTick_Handler
 .text.Systick_delay
                0x000009b4       0x4c ./source/MIMXRT1170_EVK_App.o
                0x000009b4                Systick_delay
 .text.app_main
                0x00000a00       0x88 ./source/MIMXRT1170_EVK_App.o
                0x00000a00                app_main
 .text.ANATOP_AI_Access
                0x00000a88      0x630 ./drivers/fsl_anatop_ai.o
                0x00000a88                ANATOP_AI_Access
 .text.CLOCK_GetRootClockMux
                0x000010b8       0x2c ./drivers/fsl_clock.o
 .text.CLOCK_GetRootClockDiv
                0x000010e4       0x28 ./drivers/fsl_clock.o
 .text.CLOCK_GetRootClockFreq
                0x0000110c       0x68 ./drivers/fsl_clock.o
 .text.CLOCK_InitArmPll
                0x00001174      0x15c ./drivers/fsl_clock.o
                0x00001174                CLOCK_InitArmPll
 .text.CLOCK_InitSysPll2
                0x000012d0      0x1c4 ./drivers/fsl_clock.o
                0x000012d0                CLOCK_InitSysPll2
 .text.CLOCK_InitPfd
                0x00001494      0x188 ./drivers/fsl_clock.o
                0x00001494                CLOCK_InitPfd
 .text.CLOCK_GetPfdFreq
                0x0000161c      0x100 ./drivers/fsl_clock.o
                0x0000161c                CLOCK_GetPfdFreq
 .text.CLOCK_InitSysPll3
                0x0000171c       0xf4 ./drivers/fsl_clock.o
                0x0000171c                CLOCK_InitSysPll3
 .text.CLOCK_SetPllBypass
                0x00001810       0xf0 ./drivers/fsl_clock.o
                0x00001810                CLOCK_SetPllBypass
 .text.ANATOP_PllToggleHoldRingOff
                0x00001900       0x34 ./drivers/fsl_clock.o
 .text.ANATOP_PllConfigure
                0x00001934       0xb4 ./drivers/fsl_clock.o
 .text.ANATOP_AudioPllGate
                0x000019e8       0x48 ./drivers/fsl_clock.o
 .text.ANATOP_AudioPllSwEnClk
                0x00001a30       0x48 ./drivers/fsl_clock.o
 .text.ANATOP_VideoPllGate
                0x00001a78       0x48 ./drivers/fsl_clock.o
 .text.ANATOP_VideoPllSwEnClk
                0x00001ac0       0x48 ./drivers/fsl_clock.o
 .text.CLOCK_InitVideoPll
                0x00001b08       0xd4 ./drivers/fsl_clock.o
                0x00001b08                CLOCK_InitVideoPll
 .text.ANATOP_SysPll1Gate
                0x00001bdc       0x48 ./drivers/fsl_clock.o
 .text.ANATOP_SysPll1Div2En
                0x00001c24       0x48 ./drivers/fsl_clock.o
 .text.ANATOP_SysPll1Div5En
                0x00001c6c       0x48 ./drivers/fsl_clock.o
 .text.ANATOP_SysPll1SwEnClk
                0x00001cb4       0x48 ./drivers/fsl_clock.o
 .text.CLOCK_GetPllFreq
                0x00001cfc       0xe8 ./drivers/fsl_clock.o
                0x00001cfc                CLOCK_GetPllFreq
 .text.CLOCK_GetFreq
                0x00001de4      0x1dc ./drivers/fsl_clock.o
                0x00001de4                CLOCK_GetFreq
 .text.CLOCK_OSC_EnableOscRc400M
                0x00001fc0       0x2c ./drivers/fsl_clock.o
                0x00001fc0                CLOCK_OSC_EnableOscRc400M
 .text.SDK_DelayAtLeastUs
                0x00001fec       0xa0 ./drivers/fsl_common_arm.o
                0x00001fec                SDK_DelayAtLeastUs
 .text.DCDC_BootIntoDCM
                0x0000208c       0x64 ./drivers/fsl_dcdc.o
                0x0000208c                DCDC_BootIntoDCM
 .text.CLOCK_ControlGate
                0x000020f0       0x7c ./drivers/fsl_gpio.o
 .text.GPIO_GetInstance
                0x0000216c       0x58 ./drivers/fsl_gpio.o
 .text.GPIO_PinInit
                0x000021c4       0xa0 ./drivers/fsl_gpio.o
                0x000021c4                GPIO_PinInit
 .text.GPIO_PinWrite
                0x00002264       0x54 ./drivers/fsl_gpio.o
                0x00002264                GPIO_PinWrite
 .text.GPIO_PinSetInterruptConfig
                0x000022b8       0xfc ./drivers/fsl_gpio.o
                0x000022b8                GPIO_PinSetInterruptConfig
 .text.CLOCK_ControlGate
                0x000023b4       0x7c ./drivers/fsl_lpuart.o
 .text.LPUART_GetInstance
                0x00002430       0x58 ./drivers/fsl_lpuart.o
                0x00002430                LPUART_GetInstance
 .text.LPUART_Init
                0x00002488      0x330 ./drivers/fsl_lpuart.o
                0x00002488                LPUART_Init
 .text.LPUART_GetDefaultConfig
                0x000027b8       0x98 ./drivers/fsl_lpuart.o
                0x000027b8                LPUART_GetDefaultConfig
 .text.LPUART_WriteBlocking
                0x00002850       0x78 ./drivers/fsl_lpuart.o
                0x00002850                LPUART_WriteBlocking
 .text.LPUART1_DriverIRQHandler
                0x000028c8       0x28 ./drivers/fsl_lpuart.o
                0x000028c8                LPUART1_DriverIRQHandler
 .text.LPUART2_DriverIRQHandler
                0x000028f0       0x28 ./drivers/fsl_lpuart.o
                0x000028f0                LPUART2_DriverIRQHandler
 .text.LPUART3_DriverIRQHandler
                0x00002918       0x28 ./drivers/fsl_lpuart.o
                0x00002918                LPUART3_DriverIRQHandler
 .text.LPUART4_DriverIRQHandler
                0x00002940       0x28 ./drivers/fsl_lpuart.o
                0x00002940                LPUART4_DriverIRQHandler
 .text.LPUART5_DriverIRQHandler
                0x00002968       0x28 ./drivers/fsl_lpuart.o
                0x00002968                LPUART5_DriverIRQHandler
 .text.LPUART6_DriverIRQHandler
                0x00002990       0x28 ./drivers/fsl_lpuart.o
                0x00002990                LPUART6_DriverIRQHandler
 .text.LPUART7_DriverIRQHandler
                0x000029b8       0x28 ./drivers/fsl_lpuart.o
                0x000029b8                LPUART7_DriverIRQHandler
 .text.LPUART8_DriverIRQHandler
                0x000029e0       0x28 ./drivers/fsl_lpuart.o
                0x000029e0                LPUART8_DriverIRQHandler
 .text.LPUART9_DriverIRQHandler
                0x00002a08       0x28 ./drivers/fsl_lpuart.o
                0x00002a08                LPUART9_DriverIRQHandler
 .text.LPUART10_DriverIRQHandler
                0x00002a30       0x28 ./drivers/fsl_lpuart.o
                0x00002a30                LPUART10_DriverIRQHandler
 .text.LPUART11_DriverIRQHandler
                0x00002a58       0x28 ./drivers/fsl_lpuart.o
                0x00002a58                LPUART11_DriverIRQHandler
 .text.LPUART12_DriverIRQHandler
                0x00002a80       0x28 ./drivers/fsl_lpuart.o
                0x00002a80                LPUART12_DriverIRQHandler
 .text.PMU_StaticEnablePllLdo
                0x00002aa8       0x4c ./drivers/fsl_pmu.o
                0x00002aa8                PMU_StaticEnablePllLdo
 .text.PMU_StaticEnableLpsrAnaLdoBypassMode
                0x00002af4       0xc8 ./drivers/fsl_pmu.o
                0x00002af4                PMU_StaticEnableLpsrAnaLdoBypassMode
 .text.PMU_StaticEnableLpsrDigLdoBypassMode
                0x00002bbc       0xa8 ./drivers/fsl_pmu.o
                0x00002bbc                PMU_StaticEnableLpsrDigLdoBypassMode
 .text.PMU_EnableBodyBias
                0x00002c64      0x14c ./drivers/fsl_pmu.o
                0x00002c64                PMU_EnableBodyBias
 .text.SystemInit
                0x00002db0      0x18c ./device/system_MIMXRT1176_cm7.o
                0x00002db0                SystemInit
 .text.HAL_UartInitCommon
                0x00002f3c       0xac ./component/uart/fsl_adapter_lpuart.o
 .text.HAL_UartInit
                0x00002fe8       0xac ./component/uart/fsl_adapter_lpuart.o
                0x00002fe8                HAL_UartInit
 .text.HAL_UartSendBlocking
                0x00003094       0x84 ./component/uart/fsl_adapter_lpuart.o
                0x00003094                HAL_UartSendBlocking
 .text.CLOCK_GetRootClockMux
                0x00003118       0x2c ./board/board.o
 .text.CLOCK_GetRootClockDiv
                0x00003144       0x28 ./board/board.o
 .text.CLOCK_GetRootClockFreq
                0x0000316c       0x68 ./board/board.o
 .text.CLOCK_GetRootClockMux
                0x000031d4       0x2c ./board/clock_config.o
 .text.CLOCK_GetRootClockDiv
                0x00003200       0x28 ./board/clock_config.o
 .text.CLOCK_SetRootClock
                0x00003228       0x7c ./board/clock_config.o
 .text.CLOCK_GetRootClockFreq
                0x000032a4       0x68 ./board/clock_config.o
 .text.CLOCK_OSC_EnableOsc48M
                0x0000330c       0x3c ./board/clock_config.o
 .text.CLOCK_OSC_EnableOsc48MDiv2
                0x00003348       0x3c ./board/clock_config.o
 .text.CLOCK_OSC_GateOscRc400M
                0x00003384       0x3c ./board/clock_config.o
 .text.IOMUXC_MQSConfig
                0x000033c0       0x40 ./board/clock_config.o
 .text.BOARD_BootClockRUN
                0x00003400      0x7c0 ./board/clock_config.o
                0x00003400                BOARD_BootClockRUN
 .text.CLOCK_ControlGate
                0x00003bc0       0x7c ./board/pin_mux.o
 .text.BOARD_InitPins
                0x00003c3c       0x7c ./board/pin_mux.o
                0x00003c3c                BOARD_InitPins
 .text          0x00003cb8      0x378 d:/develop/program/nxp/mcuxpressoide_11.6.0_8187/ide/plugins/com.nxp.mcuxpresso.tools.win32_11.6.0.202112161359/tools/bin/../lib/gcc/arm-none-eabi/10.3.1/thumb/v7e-m+fp/hard\libgcc.a(_arm_addsubdf3.o)
                0x00003cb8                __aeabi_drsub
                0x00003cc0                __aeabi_dsub
                0x00003cc0                __subdf3
                0x00003cc4                __aeabi_dadd
                0x00003cc4                __adddf3
                0x00003f3c                __floatunsidf
                0x00003f3c                __aeabi_ui2d
                0x00003f5c                __floatsidf
                0x00003f5c                __aeabi_i2d
                0x00003f80                __aeabi_f2d
                0x00003f80                __extendsfdf2
                0x00003fc4                __floatundidf
                0x00003fc4                __aeabi_ul2d
                0x00003fd4                __floatdidf
                0x00003fd4                __aeabi_l2d
 .text          0x00004030      0x424 d:/develop/program/nxp/mcuxpressoide_11.6.0_8187/ide/plugins/com.nxp.mcuxpresso.tools.win32_11.6.0.202112161359/tools/bin/../lib/gcc/arm-none-eabi/10.3.1/thumb/v7e-m+fp/hard\libgcc.a(_arm_muldivdf3.o)
                0x00004030                __aeabi_dmul
                0x00004030                __muldf3
                0x00004284                __divdf3
                0x00004284                __aeabi_ddiv
 .text          0x00004454       0x40 d:/develop/program/nxp/mcuxpressoide_11.6.0_8187/ide/plugins/com.nxp.mcuxpresso.tools.win32_11.6.0.202112161359/tools/bin/../lib/gcc/arm-none-eabi/10.3.1/thumb/v7e-m+fp/hard\libgcc.a(_arm_fixunsdfsi.o)
                0x00004454                __aeabi_d2uiz
                0x00004454                __fixunsdfsi
 .text          0x00004494       0x30 d:/develop/program/nxp/mcuxpressoide_11.6.0_8187/ide/plugins/com.nxp.mcuxpresso.tools.win32_11.6.0.202112161359/tools/bin/../lib/gcc/arm-none-eabi/10.3.1/thumb/v7e-m+fp/hard\libgcc.a(_aeabi_uldivmod.o)
                0x00004494                __aeabi_uldivmod
 .text          0x000044c4      0x2d0 d:/develop/program/nxp/mcuxpressoide_11.6.0_8187/ide/plugins/com.nxp.mcuxpresso.tools.win32_11.6.0.202112161359/tools/bin/../lib/gcc/arm-none-eabi/10.3.1/thumb/v7e-m+fp/hard\libgcc.a(_udivmoddi4.o)
                0x000044c4                __udivmoddi4
 .text          0x00004794        0x4 d:/develop/program/nxp/mcuxpressoide_11.6.0_8187/ide/plugins/com.nxp.mcuxpresso.tools.win32_11.6.0.202112161359/tools/bin/../lib/gcc/arm-none-eabi/10.3.1/thumb/v7e-m+fp/hard\libgcc.a(_dvmd_tls.o)
                0x00004794                __aeabi_idiv0
                0x00004794                __aeabi_ldiv0
 .text.__libc_init_array
                0x00004798       0x48 d:/develop/program/nxp/mcuxpressoide_11.6.0_8187/ide/plugins/com.nxp.mcuxpresso.tools.win32_11.6.0.202112161359/tools/bin/../lib/gcc/arm-none-eabi/10.3.1/../../../../arm-none-eabi/lib/thumb/v7e-m+fp/hard\libc_nano.a(lib_a-init.o)
                0x00004798                __libc_init_array
 .text          0x000047e0       0x40 d:/develop/program/nxp/mcuxpressoide_11.6.0_8187/ide/plugins/com.nxp.mcuxpresso.tools.win32_11.6.0.202112161359/tools/bin/../lib/gcc/arm-none-eabi/10.3.1/thumb/v7e-m+fp/hard\crtbegin.o
 .text.DbgConsole_PrintCallback
                0x00004820       0x66 ./utilities/fsl_debug_console.o
 .text.DbgConsole_Printf
                0x00004886       0x2c ./utilities/fsl_debug_console.o
                0x00004886                DbgConsole_Printf
 .text.PrintGetWidth
                0x000048b2       0x6a ./utilities/fsl_str.o
 .text.PrintGetPrecision
                0x0000491c       0x8c ./utilities/fsl_str.o
 .text.PrintIsobpu
                0x000049a8       0x38 ./utilities/fsl_str.o
 .text.PrintIsdi
                0x000049e0       0x2c ./utilities/fsl_str.o
 .text.PrintOutputdifFobpu
                0x00004a0c       0x44 ./utilities/fsl_str.o
 .text.PrintOutputxX
                0x00004a50       0x44 ./utilities/fsl_str.o
 .text.PrintIsfF
                0x00004a94       0x2c ./utilities/fsl_str.o
 .text.PrintIsxX
                0x00004ac0       0x2c ./utilities/fsl_str.o
 .text.PrintFilterLengthFlag
                0x00004aec       0x3e ./utilities/fsl_str.o
 .text.PrintGetRadixFromobpu
                0x00004b2a       0x40 ./utilities/fsl_str.o
 .text.ConvertRadixNumToString
                0x00004b6a       0xc2 ./utilities/fsl_str.o
 .text.StrFormatPrintf
                0x00004c2c      0x2ac ./utilities/fsl_str.o
                0x00004c2c                StrFormatPrintf
 .text.DMA0_DMA16_IRQHandler
                0x00004ed8        0x8 ./startup/startup_mimxrt1176_cm7.o
                0x00004ed8                DMA0_DMA16_IRQHandler
 .text.DMA1_DMA17_IRQHandler
                0x00004ee0        0x8 ./startup/startup_mimxrt1176_cm7.o
                0x00004ee0                DMA1_DMA17_IRQHandler
 .text.DMA2_DMA18_IRQHandler
                0x00004ee8        0x8 ./startup/startup_mimxrt1176_cm7.o
                0x00004ee8                DMA2_DMA18_IRQHandler
 .text.DMA3_DMA19_IRQHandler
                0x00004ef0        0x8 ./startup/startup_mimxrt1176_cm7.o
                0x00004ef0                DMA3_DMA19_IRQHandler
 .text.DMA4_DMA20_IRQHandler
                0x00004ef8        0x8 ./startup/startup_mimxrt1176_cm7.o
                0x00004ef8                DMA4_DMA20_IRQHandler
 .text.DMA5_DMA21_IRQHandler
                0x00004f00        0x8 ./startup/startup_mimxrt1176_cm7.o
                0x00004f00                DMA5_DMA21_IRQHandler
 .text.DMA6_DMA22_IRQHandler
                0x00004f08        0x8 ./startup/startup_mimxrt1176_cm7.o
                0x00004f08                DMA6_DMA22_IRQHandler
 .text.DMA7_DMA23_IRQHandler
                0x00004f10        0x8 ./startup/startup_mimxrt1176_cm7.o
                0x00004f10                DMA7_DMA23_IRQHandler
 .text.DMA8_DMA24_IRQHandler
                0x00004f18        0x8 ./startup/startup_mimxrt1176_cm7.o
                0x00004f18                DMA8_DMA24_IRQHandler
 .text.DMA9_DMA25_IRQHandler
                0x00004f20        0x8 ./startup/startup_mimxrt1176_cm7.o
                0x00004f20                DMA9_DMA25_IRQHandler
 .text.DMA10_DMA26_IRQHandler
                0x00004f28        0x8 ./startup/startup_mimxrt1176_cm7.o
                0x00004f28                DMA10_DMA26_IRQHandler
 .text.DMA11_DMA27_IRQHandler
                0x00004f30        0x8 ./startup/startup_mimxrt1176_cm7.o
                0x00004f30                DMA11_DMA27_IRQHandler
 .text.DMA12_DMA28_IRQHandler
                0x00004f38        0x8 ./startup/startup_mimxrt1176_cm7.o
                0x00004f38                DMA12_DMA28_IRQHandler
 .text.DMA13_DMA29_IRQHandler
                0x00004f40        0x8 ./startup/startup_mimxrt1176_cm7.o
                0x00004f40                DMA13_DMA29_IRQHandler
 .text.DMA14_DMA30_IRQHandler
                0x00004f48        0x8 ./startup/startup_mimxrt1176_cm7.o
                0x00004f48                DMA14_DMA30_IRQHandler
 .text.DMA15_DMA31_IRQHandler
                0x00004f50        0x8 ./startup/startup_mimxrt1176_cm7.o
                0x00004f50                DMA15_DMA31_IRQHandler
 .text.DMA_ERROR_IRQHandler
                0x00004f58        0x8 ./startup/startup_mimxrt1176_cm7.o
                0x00004f58                DMA_ERROR_IRQHandler
 .text.CTI_TRIGGER_OUT0_IRQHandler
                0x00004f60        0x8 ./startup/startup_mimxrt1176_cm7.o
                0x00004f60                CTI_TRIGGER_OUT0_IRQHandler
 .text.CTI_TRIGGER_OUT1_IRQHandler
                0x00004f68        0x8 ./startup/startup_mimxrt1176_cm7.o
                0x00004f68                CTI_TRIGGER_OUT1_IRQHandler
 .text.CORE_IRQHandler
                0x00004f70        0x8 ./startup/startup_mimxrt1176_cm7.o
                0x00004f70                CORE_IRQHandler
 .text.LPUART1_IRQHandler
                0x00004f78        0x8 ./startup/startup_mimxrt1176_cm7.o
                0x00004f78                LPUART1_IRQHandler
 .text.LPUART2_IRQHandler
                0x00004f80        0x8 ./startup/startup_mimxrt1176_cm7.o
                0x00004f80                LPUART2_IRQHandler
 .text.LPUART3_IRQHandler
                0x00004f88        0x8 ./startup/startup_mimxrt1176_cm7.o
                0x00004f88                LPUART3_IRQHandler
 .text.LPUART4_IRQHandler
                0x00004f90        0x8 ./startup/startup_mimxrt1176_cm7.o
                0x00004f90                LPUART4_IRQHandler
 .text.LPUART5_IRQHandler
                0x00004f98        0x8 ./startup/startup_mimxrt1176_cm7.o
                0x00004f98                LPUART5_IRQHandler
 .text.LPUART6_IRQHandler
                0x00004fa0        0x8 ./startup/startup_mimxrt1176_cm7.o
                0x00004fa0                LPUART6_IRQHandler
 .text.LPUART7_IRQHandler
                0x00004fa8        0x8 ./startup/startup_mimxrt1176_cm7.o
                0x00004fa8                LPUART7_IRQHandler
 .text.LPUART8_IRQHandler
                0x00004fb0        0x8 ./startup/startup_mimxrt1176_cm7.o
                0x00004fb0                LPUART8_IRQHandler
 .text.LPUART9_IRQHandler
                0x00004fb8        0x8 ./startup/startup_mimxrt1176_cm7.o
                0x00004fb8                LPUART9_IRQHandler
 .text.LPUART10_IRQHandler
                0x00004fc0        0x8 ./startup/startup_mimxrt1176_cm7.o
                0x00004fc0                LPUART10_IRQHandler
 .text.LPUART11_IRQHandler
                0x00004fc8        0x8 ./startup/startup_mimxrt1176_cm7.o
                0x00004fc8                LPUART11_IRQHandler
 .text.LPUART12_IRQHandler
                0x00004fd0        0x8 ./startup/startup_mimxrt1176_cm7.o
                0x00004fd0                LPUART12_IRQHandler
 .text.LPI2C1_IRQHandler
                0x00004fd8        0x8 ./startup/startup_mimxrt1176_cm7.o
                0x00004fd8                LPI2C1_IRQHandler
 .text.LPI2C2_IRQHandler
                0x00004fe0        0x8 ./startup/startup_mimxrt1176_cm7.o
                0x00004fe0                LPI2C2_IRQHandler
 .text.LPI2C3_IRQHandler
                0x00004fe8        0x8 ./startup/startup_mimxrt1176_cm7.o
                0x00004fe8                LPI2C3_IRQHandler
 .text.LPI2C4_IRQHandler
                0x00004ff0        0x8 ./startup/startup_mimxrt1176_cm7.o
                0x00004ff0                LPI2C4_IRQHandler
 .text.LPI2C5_IRQHandler
                0x00004ff8        0x8 ./startup/startup_mimxrt1176_cm7.o
                0x00004ff8                LPI2C5_IRQHandler
 .text.LPI2C6_IRQHandler
                0x00005000        0x8 ./startup/startup_mimxrt1176_cm7.o
                0x00005000                LPI2C6_IRQHandler
 .text.LPSPI1_IRQHandler
                0x00005008        0x8 ./startup/startup_mimxrt1176_cm7.o
                0x00005008                LPSPI1_IRQHandler
 .text.LPSPI2_IRQHandler
                0x00005010        0x8 ./startup/startup_mimxrt1176_cm7.o
                0x00005010                LPSPI2_IRQHandler
 .text.LPSPI3_IRQHandler
                0x00005018        0x8 ./startup/startup_mimxrt1176_cm7.o
                0x00005018                LPSPI3_IRQHandler
 .text.LPSPI4_IRQHandler
                0x00005020        0x8 ./startup/startup_mimxrt1176_cm7.o
                0x00005020                LPSPI4_IRQHandler
 .text.LPSPI5_IRQHandler
                0x00005028        0x8 ./startup/startup_mimxrt1176_cm7.o
                0x00005028                LPSPI5_IRQHandler
 .text.LPSPI6_IRQHandler
                0x00005030        0x8 ./startup/startup_mimxrt1176_cm7.o
                0x00005030                LPSPI6_IRQHandler
 .text.CAN1_IRQHandler
                0x00005038        0x8 ./startup/startup_mimxrt1176_cm7.o
                0x00005038                CAN1_IRQHandler
 .text.CAN1_ERROR_IRQHandler
                0x00005040        0x8 ./startup/startup_mimxrt1176_cm7.o
                0x00005040                CAN1_ERROR_IRQHandler
 .text.CAN2_IRQHandler
                0x00005048        0x8 ./startup/startup_mimxrt1176_cm7.o
                0x00005048                CAN2_IRQHandler
 .text.CAN2_ERROR_IRQHandler
                0x00005050        0x8 ./startup/startup_mimxrt1176_cm7.o
                0x00005050                CAN2_ERROR_IRQHandler
 .text.CAN3_IRQHandler
                0x00005058        0x8 ./startup/startup_mimxrt1176_cm7.o
                0x00005058                CAN3_IRQHandler
 .text.CAN3_ERROR_IRQHandler
                0x00005060        0x8 ./startup/startup_mimxrt1176_cm7.o
                0x00005060                CAN3_ERROR_IRQHandler
 .text.FLEXRAM_IRQHandler
                0x00005068        0x8 ./startup/startup_mimxrt1176_cm7.o
                0x00005068                FLEXRAM_IRQHandler
 .text.KPP_IRQHandler
                0x00005070        0x8 ./startup/startup_mimxrt1176_cm7.o
                0x00005070                KPP_IRQHandler
 .text.Reserved68_IRQHandler
                0x00005078        0x8 ./startup/startup_mimxrt1176_cm7.o
                0x00005078                Reserved68_IRQHandler
 .text.GPR_IRQ_IRQHandler
                0x00005080        0x8 ./startup/startup_mimxrt1176_cm7.o
                0x00005080                GPR_IRQ_IRQHandler
 .text.eLCDIF_IRQHandler
                0x00005088        0x8 ./startup/startup_mimxrt1176_cm7.o
                0x00005088                eLCDIF_IRQHandler
 .text.LCDIFv2_IRQHandler
                0x00005090        0x8 ./startup/startup_mimxrt1176_cm7.o
                0x00005090                LCDIFv2_IRQHandler
 .text.CSI_IRQHandler
                0x00005098        0x8 ./startup/startup_mimxrt1176_cm7.o
                0x00005098                CSI_IRQHandler
 .text.PXP_IRQHandler
                0x000050a0        0x8 ./startup/startup_mimxrt1176_cm7.o
                0x000050a0                PXP_IRQHandler
 .text.MIPI_CSI_IRQHandler
                0x000050a8        0x8 ./startup/startup_mimxrt1176_cm7.o
                0x000050a8                MIPI_CSI_IRQHandler
 .text.MIPI_DSI_IRQHandler
                0x000050b0        0x8 ./startup/startup_mimxrt1176_cm7.o
                0x000050b0                MIPI_DSI_IRQHandler
 .text.GPU2D_IRQHandler
                0x000050b8        0x8 ./startup/startup_mimxrt1176_cm7.o
                0x000050b8                GPU2D_IRQHandler
 .text.GPIO6_Combined_0_15_IRQHandler
                0x000050c0        0x8 ./startup/startup_mimxrt1176_cm7.o
                0x000050c0                GPIO6_Combined_0_15_IRQHandler
 .text.GPIO6_Combined_16_31_IRQHandler
                0x000050c8        0x8 ./startup/startup_mimxrt1176_cm7.o
                0x000050c8                GPIO6_Combined_16_31_IRQHandler
 .text.DAC_IRQHandler
                0x000050d0        0x8 ./startup/startup_mimxrt1176_cm7.o
                0x000050d0                DAC_IRQHandler
 .text.KEY_MANAGER_IRQHandler
                0x000050d8        0x8 ./startup/startup_mimxrt1176_cm7.o
                0x000050d8                KEY_MANAGER_IRQHandler
 .text.WDOG2_IRQHandler
                0x000050e0        0x8 ./startup/startup_mimxrt1176_cm7.o
                0x000050e0                WDOG2_IRQHandler
 .text.SNVS_HP_NON_TZ_IRQHandler
                0x000050e8        0x8 ./startup/startup_mimxrt1176_cm7.o
                0x000050e8                SNVS_HP_NON_TZ_IRQHandler
 .text.SNVS_HP_TZ_IRQHandler
                0x000050f0        0x8 ./startup/startup_mimxrt1176_cm7.o
                0x000050f0                SNVS_HP_TZ_IRQHandler
 .text.SNVS_PULSE_EVENT_IRQHandler
                0x000050f8        0x8 ./startup/startup_mimxrt1176_cm7.o
                0x000050f8                SNVS_PULSE_EVENT_IRQHandler
 .text.CAAM_IRQ0_IRQHandler
                0x00005100        0x8 ./startup/startup_mimxrt1176_cm7.o
                0x00005100                CAAM_IRQ0_IRQHandler
 .text.CAAM_IRQ1_IRQHandler
                0x00005108        0x8 ./startup/startup_mimxrt1176_cm7.o
                0x00005108                CAAM_IRQ1_IRQHandler
 .text.CAAM_IRQ2_IRQHandler
                0x00005110        0x8 ./startup/startup_mimxrt1176_cm7.o
                0x00005110                CAAM_IRQ2_IRQHandler
 .text.CAAM_IRQ3_IRQHandler
                0x00005118        0x8 ./startup/startup_mimxrt1176_cm7.o
                0x00005118                CAAM_IRQ3_IRQHandler
 .text.CAAM_RECORVE_ERRPR_IRQHandler
                0x00005120        0x8 ./startup/startup_mimxrt1176_cm7.o
                0x00005120                CAAM_RECORVE_ERRPR_IRQHandler
 .text.CAAM_RTIC_IRQHandler
                0x00005128        0x8 ./startup/startup_mimxrt1176_cm7.o
                0x00005128                CAAM_RTIC_IRQHandler
 .text.CDOG_IRQHandler
                0x00005130        0x8 ./startup/startup_mimxrt1176_cm7.o
                0x00005130                CDOG_IRQHandler
 .text.SAI1_IRQHandler
                0x00005138        0x8 ./startup/startup_mimxrt1176_cm7.o
                0x00005138                SAI1_IRQHandler
 .text.SAI2_IRQHandler
                0x00005140        0x8 ./startup/startup_mimxrt1176_cm7.o
                0x00005140                SAI2_IRQHandler
 .text.SAI3_RX_IRQHandler
                0x00005148        0x8 ./startup/startup_mimxrt1176_cm7.o
                0x00005148                SAI3_RX_IRQHandler
 .text.SAI3_TX_IRQHandler
                0x00005150        0x8 ./startup/startup_mimxrt1176_cm7.o
                0x00005150                SAI3_TX_IRQHandler
 .text.SAI4_RX_IRQHandler
                0x00005158        0x8 ./startup/startup_mimxrt1176_cm7.o
                0x00005158                SAI4_RX_IRQHandler
 .text.SAI4_TX_IRQHandler
                0x00005160        0x8 ./startup/startup_mimxrt1176_cm7.o
                0x00005160                SAI4_TX_IRQHandler
 .text.SPDIF_IRQHandler
                0x00005168        0x8 ./startup/startup_mimxrt1176_cm7.o
                0x00005168                SPDIF_IRQHandler
 .text.TMPSNS_INT_IRQHandler
                0x00005170        0x8 ./startup/startup_mimxrt1176_cm7.o
                0x00005170                TMPSNS_INT_IRQHandler
 .text.TMPSNS_LOW_HIGH_IRQHandler
                0x00005178        0x8 ./startup/startup_mimxrt1176_cm7.o
                0x00005178                TMPSNS_LOW_HIGH_IRQHandler
 .text.TMPSNS_PANIC_IRQHandler
                0x00005180        0x8 ./startup/startup_mimxrt1176_cm7.o
                0x00005180                TMPSNS_PANIC_IRQHandler
 .text.LPSR_LP8_BROWNOUT_IRQHandler
                0x00005188        0x8 ./startup/startup_mimxrt1176_cm7.o
                0x00005188                LPSR_LP8_BROWNOUT_IRQHandler
 .text.LPSR_LP0_BROWNOUT_IRQHandler
                0x00005190        0x8 ./startup/startup_mimxrt1176_cm7.o
                0x00005190                LPSR_LP0_BROWNOUT_IRQHandler
 .text.ADC1_IRQHandler
                0x00005198        0x8 ./startup/startup_mimxrt1176_cm7.o
                0x00005198                ADC1_IRQHandler
 .text.ADC2_IRQHandler
                0x000051a0        0x8 ./startup/startup_mimxrt1176_cm7.o
                0x000051a0                ADC2_IRQHandler
 .text.USBPHY1_IRQHandler
                0x000051a8        0x8 ./startup/startup_mimxrt1176_cm7.o
                0x000051a8                USBPHY1_IRQHandler
 .text.USBPHY2_IRQHandler
                0x000051b0        0x8 ./startup/startup_mimxrt1176_cm7.o
                0x000051b0                USBPHY2_IRQHandler
 .text.RDC_IRQHandler
                0x000051b8        0x8 ./startup/startup_mimxrt1176_cm7.o
                0x000051b8                RDC_IRQHandler
 .text.GPIO13_Combined_0_31_IRQHandler
                0x000051c0        0x8 ./startup/startup_mimxrt1176_cm7.o
                0x000051c0                GPIO13_Combined_0_31_IRQHandler
 .text.Reserved110_IRQHandler
                0x000051c8        0x8 ./startup/startup_mimxrt1176_cm7.o
                0x000051c8                Reserved110_IRQHandler
 .text.DCIC1_IRQHandler
                0x000051d0        0x8 ./startup/startup_mimxrt1176_cm7.o
                0x000051d0                DCIC1_IRQHandler
 .text.DCIC2_IRQHandler
                0x000051d8        0x8 ./startup/startup_mimxrt1176_cm7.o
                0x000051d8                DCIC2_IRQHandler
 .text.ASRC_IRQHandler
                0x000051e0        0x8 ./startup/startup_mimxrt1176_cm7.o
                0x000051e0                ASRC_IRQHandler
 .text.FLEXRAM_ECC_IRQHandler
                0x000051e8        0x8 ./startup/startup_mimxrt1176_cm7.o
                0x000051e8                FLEXRAM_ECC_IRQHandler
 .text.CM7_GPIO2_3_IRQHandler
                0x000051f0        0x8 ./startup/startup_mimxrt1176_cm7.o
                0x000051f0                CM7_GPIO2_3_IRQHandler
 .text.GPIO1_Combined_0_15_IRQHandler
                0x000051f8        0x8 ./startup/startup_mimxrt1176_cm7.o
                0x000051f8                GPIO1_Combined_0_15_IRQHandler
 .text.GPIO1_Combined_16_31_IRQHandler
                0x00005200        0x8 ./startup/startup_mimxrt1176_cm7.o
                0x00005200                GPIO1_Combined_16_31_IRQHandler
 .text.GPIO2_Combined_0_15_IRQHandler
                0x00005208        0x8 ./startup/startup_mimxrt1176_cm7.o
                0x00005208                GPIO2_Combined_0_15_IRQHandler
 .text.GPIO2_Combined_16_31_IRQHandler
                0x00005210        0x8 ./startup/startup_mimxrt1176_cm7.o
                0x00005210                GPIO2_Combined_16_31_IRQHandler
 .text.GPIO3_Combined_0_15_IRQHandler
                0x00005218        0x8 ./startup/startup_mimxrt1176_cm7.o
                0x00005218                GPIO3_Combined_0_15_IRQHandler
 .text.GPIO3_Combined_16_31_IRQHandler
                0x00005220        0x8 ./startup/startup_mimxrt1176_cm7.o
                0x00005220                GPIO3_Combined_16_31_IRQHandler
 .text.GPIO4_Combined_0_15_IRQHandler
                0x00005228        0x8 ./startup/startup_mimxrt1176_cm7.o
                0x00005228                GPIO4_Combined_0_15_IRQHandler
 .text.GPIO4_Combined_16_31_IRQHandler
                0x00005230        0x8 ./startup/startup_mimxrt1176_cm7.o
                0x00005230                GPIO4_Combined_16_31_IRQHandler
 .text.GPIO5_Combined_0_15_IRQHandler
                0x00005238        0x8 ./startup/startup_mimxrt1176_cm7.o
                0x00005238                GPIO5_Combined_0_15_IRQHandler
 .text.GPIO5_Combined_16_31_IRQHandler
                0x00005240        0x8 ./startup/startup_mimxrt1176_cm7.o
                0x00005240                GPIO5_Combined_16_31_IRQHandler
 .text.FLEXIO1_IRQHandler
                0x00005248        0x8 ./startup/startup_mimxrt1176_cm7.o
                0x00005248                FLEXIO1_IRQHandler
 .text.FLEXIO2_IRQHandler
                0x00005250        0x8 ./startup/startup_mimxrt1176_cm7.o
                0x00005250                FLEXIO2_IRQHandler
 .text.WDOG1_IRQHandler
                0x00005258        0x8 ./startup/startup_mimxrt1176_cm7.o
                0x00005258                WDOG1_IRQHandler
 .text.RTWDOG3_IRQHandler
                0x00005260        0x8 ./startup/startup_mimxrt1176_cm7.o
                0x00005260                RTWDOG3_IRQHandler
 .text.EWM_IRQHandler
                0x00005268        0x8 ./startup/startup_mimxrt1176_cm7.o
                0x00005268                EWM_IRQHandler
 .text.OCOTP_READ_FUSE_ERROR_IRQHandler
                0x00005270        0x8 ./startup/startup_mimxrt1176_cm7.o
                0x00005270                OCOTP_READ_FUSE_ERROR_IRQHandler
 .text.OCOTP_READ_DONE_ERROR_IRQHandler
                0x00005278        0x8 ./startup/startup_mimxrt1176_cm7.o
                0x00005278                OCOTP_READ_DONE_ERROR_IRQHandler
 .text.GPC_IRQHandler
                0x00005280        0x8 ./startup/startup_mimxrt1176_cm7.o
                0x00005280                GPC_IRQHandler
 .text.MUA_IRQHandler
                0x00005288        0x8 ./startup/startup_mimxrt1176_cm7.o
                0x00005288                MUA_IRQHandler
 .text.GPT1_IRQHandler
                0x00005290        0x8 ./startup/startup_mimxrt1176_cm7.o
                0x00005290                GPT1_IRQHandler
 .text.GPT2_IRQHandler
                0x00005298        0x8 ./startup/startup_mimxrt1176_cm7.o
                0x00005298                GPT2_IRQHandler
 .text.GPT3_IRQHandler
                0x000052a0        0x8 ./startup/startup_mimxrt1176_cm7.o
                0x000052a0                GPT3_IRQHandler
 .text.GPT4_IRQHandler
                0x000052a8        0x8 ./startup/startup_mimxrt1176_cm7.o
                0x000052a8                GPT4_IRQHandler
 .text.GPT5_IRQHandler
                0x000052b0        0x8 ./startup/startup_mimxrt1176_cm7.o
                0x000052b0                GPT5_IRQHandler
 .text.GPT6_IRQHandler
                0x000052b8        0x8 ./startup/startup_mimxrt1176_cm7.o
                0x000052b8                GPT6_IRQHandler
 .text.PWM1_0_IRQHandler
                0x000052c0        0x8 ./startup/startup_mimxrt1176_cm7.o
                0x000052c0                PWM1_0_IRQHandler
 .text.PWM1_1_IRQHandler
                0x000052c8        0x8 ./startup/startup_mimxrt1176_cm7.o
                0x000052c8                PWM1_1_IRQHandler
 .text.PWM1_2_IRQHandler
                0x000052d0        0x8 ./startup/startup_mimxrt1176_cm7.o
                0x000052d0                PWM1_2_IRQHandler
 .text.PWM1_3_IRQHandler
                0x000052d8        0x8 ./startup/startup_mimxrt1176_cm7.o
                0x000052d8                PWM1_3_IRQHandler
 .text.PWM1_FAULT_IRQHandler
                0x000052e0        0x8 ./startup/startup_mimxrt1176_cm7.o
                0x000052e0                PWM1_FAULT_IRQHandler
 .text.FLEXSPI1_IRQHandler
                0x000052e8        0x8 ./startup/startup_mimxrt1176_cm7.o
                0x000052e8                FLEXSPI1_IRQHandler
 .text.FLEXSPI2_IRQHandler
                0x000052f0        0x8 ./startup/startup_mimxrt1176_cm7.o
                0x000052f0                FLEXSPI2_IRQHandler
 .text.SEMC_IRQHandler
                0x000052f8        0x8 ./startup/startup_mimxrt1176_cm7.o
                0x000052f8                SEMC_IRQHandler
 .text.USDHC1_IRQHandler
                0x00005300        0x8 ./startup/startup_mimxrt1176_cm7.o
                0x00005300                USDHC1_IRQHandler
 .text.USDHC2_IRQHandler
                0x00005308        0x8 ./startup/startup_mimxrt1176_cm7.o
                0x00005308                USDHC2_IRQHandler
 .text.USB_OTG2_IRQHandler
                0x00005310        0x8 ./startup/startup_mimxrt1176_cm7.o
                0x00005310                USB_OTG2_IRQHandler
 .text.USB_OTG1_IRQHandler
                0x00005318        0x8 ./startup/startup_mimxrt1176_cm7.o
                0x00005318                USB_OTG1_IRQHandler
 .text.ENET_IRQHandler
                0x00005320        0x8 ./startup/startup_mimxrt1176_cm7.o
                0x00005320                ENET_IRQHandler
 .text.ENET_1588_Timer_IRQHandler
                0x00005328        0x8 ./startup/startup_mimxrt1176_cm7.o
                0x00005328                ENET_1588_Timer_IRQHandler
 .text.ENET_1G_MAC0_Tx_Rx_1_IRQHandler
                0x00005330        0x8 ./startup/startup_mimxrt1176_cm7.o
                0x00005330                ENET_1G_MAC0_Tx_Rx_1_IRQHandler
 .text.ENET_1G_MAC0_Tx_Rx_2_IRQHandler
                0x00005338        0x8 ./startup/startup_mimxrt1176_cm7.o
                0x00005338                ENET_1G_MAC0_Tx_Rx_2_IRQHandler
 .text.ENET_1G_IRQHandler
                0x00005340        0x8 ./startup/startup_mimxrt1176_cm7.o
                0x00005340                ENET_1G_IRQHandler
 .text.ENET_1G_1588_Timer_IRQHandler
                0x00005348        0x8 ./startup/startup_mimxrt1176_cm7.o
                0x00005348                ENET_1G_1588_Timer_IRQHandler
 .text.XBAR1_IRQ_0_1_IRQHandler
                0x00005350        0x8 ./startup/startup_mimxrt1176_cm7.o
                0x00005350                XBAR1_IRQ_0_1_IRQHandler
 .text.XBAR1_IRQ_2_3_IRQHandler
                0x00005358        0x8 ./startup/startup_mimxrt1176_cm7.o
                0x00005358                XBAR1_IRQ_2_3_IRQHandler
 .text.ADC_ETC_IRQ0_IRQHandler
                0x00005360        0x8 ./startup/startup_mimxrt1176_cm7.o
                0x00005360                ADC_ETC_IRQ0_IRQHandler
 .text.ADC_ETC_IRQ1_IRQHandler
                0x00005368        0x8 ./startup/startup_mimxrt1176_cm7.o
                0x00005368                ADC_ETC_IRQ1_IRQHandler
 .text.ADC_ETC_IRQ2_IRQHandler
                0x00005370        0x8 ./startup/startup_mimxrt1176_cm7.o
                0x00005370                ADC_ETC_IRQ2_IRQHandler
 .text.ADC_ETC_IRQ3_IRQHandler
                0x00005378        0x8 ./startup/startup_mimxrt1176_cm7.o
                0x00005378                ADC_ETC_IRQ3_IRQHandler
 .text.ADC_ETC_ERROR_IRQ_IRQHandler
                0x00005380        0x8 ./startup/startup_mimxrt1176_cm7.o
                0x00005380                ADC_ETC_ERROR_IRQ_IRQHandler
 .text.Reserved166_IRQHandler
                0x00005388        0x8 ./startup/startup_mimxrt1176_cm7.o
                0x00005388                Reserved166_IRQHandler
 .text.Reserved167_IRQHandler
                0x00005390        0x8 ./startup/startup_mimxrt1176_cm7.o
                0x00005390                Reserved167_IRQHandler
 .text.Reserved168_IRQHandler
                0x00005398        0x8 ./startup/startup_mimxrt1176_cm7.o
                0x00005398                Reserved168_IRQHandler
 .text.Reserved169_IRQHandler
                0x000053a0        0x8 ./startup/startup_mimxrt1176_cm7.o
                0x000053a0                Reserved169_IRQHandler
 .text.Reserved170_IRQHandler
                0x000053a8        0x8 ./startup/startup_mimxrt1176_cm7.o
                0x000053a8                Reserved170_IRQHandler
 .text.PIT1_IRQHandler
                0x000053b0        0x8 ./startup/startup_mimxrt1176_cm7.o
                0x000053b0                PIT1_IRQHandler
 .text.PIT2_IRQHandler
                0x000053b8        0x8 ./startup/startup_mimxrt1176_cm7.o
                0x000053b8                PIT2_IRQHandler
 .text.ACMP1_IRQHandler
                0x000053c0        0x8 ./startup/startup_mimxrt1176_cm7.o
                0x000053c0                ACMP1_IRQHandler
 .text.ACMP2_IRQHandler
                0x000053c8        0x8 ./startup/startup_mimxrt1176_cm7.o
                0x000053c8                ACMP2_IRQHandler
 .text.ACMP3_IRQHandler
                0x000053d0        0x8 ./startup/startup_mimxrt1176_cm7.o
                0x000053d0                ACMP3_IRQHandler
 .text.ACMP4_IRQHandler
                0x000053d8        0x8 ./startup/startup_mimxrt1176_cm7.o
                0x000053d8                ACMP4_IRQHandler
 .text.Reserved177_IRQHandler
                0x000053e0        0x8 ./startup/startup_mimxrt1176_cm7.o
                0x000053e0                Reserved177_IRQHandler
 .text.Reserved178_IRQHandler
                0x000053e8        0x8 ./startup/startup_mimxrt1176_cm7.o
                0x000053e8                Reserved178_IRQHandler
 .text.Reserved179_IRQHandler
                0x000053f0        0x8 ./startup/startup_mimxrt1176_cm7.o
                0x000053f0                Reserved179_IRQHandler
 .text.Reserved180_IRQHandler
                0x000053f8        0x8 ./startup/startup_mimxrt1176_cm7.o
                0x000053f8                Reserved180_IRQHandler
 .text.ENC1_IRQHandler
                0x00005400        0x8 ./startup/startup_mimxrt1176_cm7.o
                0x00005400                ENC1_IRQHandler
 .text.ENC2_IRQHandler
                0x00005408        0x8 ./startup/startup_mimxrt1176_cm7.o
                0x00005408                ENC2_IRQHandler
 .text.ENC3_IRQHandler
                0x00005410        0x8 ./startup/startup_mimxrt1176_cm7.o
                0x00005410                ENC3_IRQHandler
 .text.ENC4_IRQHandler
                0x00005418        0x8 ./startup/startup_mimxrt1176_cm7.o
                0x00005418                ENC4_IRQHandler
 .text.Reserved185_IRQHandler
                0x00005420        0x8 ./startup/startup_mimxrt1176_cm7.o
                0x00005420                Reserved185_IRQHandler
 .text.Reserved186_IRQHandler
                0x00005428        0x8 ./startup/startup_mimxrt1176_cm7.o
                0x00005428                Reserved186_IRQHandler
 .text.TMR1_IRQHandler
                0x00005430        0x8 ./startup/startup_mimxrt1176_cm7.o
                0x00005430                TMR1_IRQHandler
 .text.TMR2_IRQHandler
                0x00005438        0x8 ./startup/startup_mimxrt1176_cm7.o
                0x00005438                TMR2_IRQHandler
 .text.TMR3_IRQHandler
                0x00005440        0x8 ./startup/startup_mimxrt1176_cm7.o
                0x00005440                TMR3_IRQHandler
 .text.TMR4_IRQHandler
                0x00005448        0x8 ./startup/startup_mimxrt1176_cm7.o
                0x00005448                TMR4_IRQHandler
 .text.SEMA4_CP0_IRQHandler
                0x00005450        0x8 ./startup/startup_mimxrt1176_cm7.o
                0x00005450                SEMA4_CP0_IRQHandler
 .text.SEMA4_CP1_IRQHandler
                0x00005458        0x8 ./startup/startup_mimxrt1176_cm7.o
                0x00005458                SEMA4_CP1_IRQHandler
 .text.PWM2_0_IRQHandler
                0x00005460        0x8 ./startup/startup_mimxrt1176_cm7.o
                0x00005460                PWM2_0_IRQHandler
 .text.PWM2_1_IRQHandler
                0x00005468        0x8 ./startup/startup_mimxrt1176_cm7.o
                0x00005468                PWM2_1_IRQHandler
 .text.PWM2_2_IRQHandler
                0x00005470        0x8 ./startup/startup_mimxrt1176_cm7.o
                0x00005470                PWM2_2_IRQHandler
 .text.PWM2_3_IRQHandler
                0x00005478        0x8 ./startup/startup_mimxrt1176_cm7.o
                0x00005478                PWM2_3_IRQHandler
 .text.PWM2_FAULT_IRQHandler
                0x00005480        0x8 ./startup/startup_mimxrt1176_cm7.o
                0x00005480                PWM2_FAULT_IRQHandler
 .text.PWM3_0_IRQHandler
                0x00005488        0x8 ./startup/startup_mimxrt1176_cm7.o
                0x00005488                PWM3_0_IRQHandler
 .text.PWM3_1_IRQHandler
                0x00005490        0x8 ./startup/startup_mimxrt1176_cm7.o
                0x00005490                PWM3_1_IRQHandler
 .text.PWM3_2_IRQHandler
                0x00005498        0x8 ./startup/startup_mimxrt1176_cm7.o
                0x00005498                PWM3_2_IRQHandler
 .text.PWM3_3_IRQHandler
                0x000054a0        0x8 ./startup/startup_mimxrt1176_cm7.o
                0x000054a0                PWM3_3_IRQHandler
 .text.PWM3_FAULT_IRQHandler
                0x000054a8        0x8 ./startup/startup_mimxrt1176_cm7.o
                0x000054a8                PWM3_FAULT_IRQHandler
 .text.PWM4_0_IRQHandler
                0x000054b0        0x8 ./startup/startup_mimxrt1176_cm7.o
                0x000054b0                PWM4_0_IRQHandler
 .text.PWM4_1_IRQHandler
                0x000054b8        0x8 ./startup/startup_mimxrt1176_cm7.o
                0x000054b8                PWM4_1_IRQHandler
 .text.PWM4_2_IRQHandler
                0x000054c0        0x8 ./startup/startup_mimxrt1176_cm7.o
                0x000054c0                PWM4_2_IRQHandler
 .text.PWM4_3_IRQHandler
                0x000054c8        0x8 ./startup/startup_mimxrt1176_cm7.o
                0x000054c8                PWM4_3_IRQHandler
 .text.PWM4_FAULT_IRQHandler
                0x000054d0        0x8 ./startup/startup_mimxrt1176_cm7.o
                0x000054d0                PWM4_FAULT_IRQHandler
 .text.Reserved208_IRQHandler
                0x000054d8        0x8 ./startup/startup_mimxrt1176_cm7.o
                0x000054d8                Reserved208_IRQHandler
 .text.Reserved209_IRQHandler
                0x000054e0        0x8 ./startup/startup_mimxrt1176_cm7.o
                0x000054e0                Reserved209_IRQHandler
 .text.Reserved210_IRQHandler
                0x000054e8        0x8 ./startup/startup_mimxrt1176_cm7.o
                0x000054e8                Reserved210_IRQHandler
 .text.Reserved211_IRQHandler
                0x000054f0        0x8 ./startup/startup_mimxrt1176_cm7.o
                0x000054f0                Reserved211_IRQHandler
 .text.Reserved212_IRQHandler
                0x000054f8        0x8 ./startup/startup_mimxrt1176_cm7.o
                0x000054f8                Reserved212_IRQHandler
 .text.Reserved213_IRQHandler
                0x00005500        0x8 ./startup/startup_mimxrt1176_cm7.o
                0x00005500                Reserved213_IRQHandler
 .text.Reserved214_IRQHandler
                0x00005508        0x8 ./startup/startup_mimxrt1176_cm7.o
                0x00005508                Reserved214_IRQHandler
 .text.Reserved215_IRQHandler
                0x00005510        0x8 ./startup/startup_mimxrt1176_cm7.o
                0x00005510                Reserved215_IRQHandler
 .text.PDM_HWVAD_EVENT_IRQHandler
                0x00005518        0x8 ./startup/startup_mimxrt1176_cm7.o
                0x00005518                PDM_HWVAD_EVENT_IRQHandler
 .text.PDM_HWVAD_ERROR_IRQHandler
                0x00005520        0x8 ./startup/startup_mimxrt1176_cm7.o
                0x00005520                PDM_HWVAD_ERROR_IRQHandler
 .text.PDM_EVENT_IRQHandler
                0x00005528        0x8 ./startup/startup_mimxrt1176_cm7.o
                0x00005528                PDM_EVENT_IRQHandler
 .text.PDM_ERROR_IRQHandler
                0x00005530        0x8 ./startup/startup_mimxrt1176_cm7.o
                0x00005530                PDM_ERROR_IRQHandler
 .text.EMVSIM1_IRQHandler
                0x00005538        0x8 ./startup/startup_mimxrt1176_cm7.o
                0x00005538                EMVSIM1_IRQHandler
 .text.EMVSIM2_IRQHandler
                0x00005540        0x8 ./startup/startup_mimxrt1176_cm7.o
                0x00005540                EMVSIM2_IRQHandler
 .text.MECC1_INT_IRQHandler
                0x00005548        0x8 ./startup/startup_mimxrt1176_cm7.o
                0x00005548                MECC1_INT_IRQHandler
 .text.MECC1_FATAL_INT_IRQHandler
                0x00005550        0x8 ./startup/startup_mimxrt1176_cm7.o
                0x00005550                MECC1_FATAL_INT_IRQHandler
 .text.MECC2_INT_IRQHandler
                0x00005558        0x8 ./startup/startup_mimxrt1176_cm7.o
                0x00005558                MECC2_INT_IRQHandler
 .text.MECC2_FATAL_INT_IRQHandler
                0x00005560        0x8 ./startup/startup_mimxrt1176_cm7.o
                0x00005560                MECC2_FATAL_INT_IRQHandler
 .text.XECC_FLEXSPI1_INT_IRQHandler
                0x00005568        0x8 ./startup/startup_mimxrt1176_cm7.o
                0x00005568                XECC_FLEXSPI1_INT_IRQHandler
 .text.XECC_FLEXSPI1_FATAL_INT_IRQHandler
                0x00005570        0x8 ./startup/startup_mimxrt1176_cm7.o
                0x00005570                XECC_FLEXSPI1_FATAL_INT_IRQHandler
 .text.XECC_FLEXSPI2_INT_IRQHandler
                0x00005578        0x8 ./startup/startup_mimxrt1176_cm7.o
                0x00005578                XECC_FLEXSPI2_INT_IRQHandler
 .text.XECC_FLEXSPI2_FATAL_INT_IRQHandler
                0x00005580        0x8 ./startup/startup_mimxrt1176_cm7.o
                0x00005580                XECC_FLEXSPI2_FATAL_INT_IRQHandler
 .text.XECC_SEMC_INT_IRQHandler
                0x00005588        0x8 ./startup/startup_mimxrt1176_cm7.o
                0x00005588                XECC_SEMC_INT_IRQHandler
 .text.XECC_SEMC_FATAL_INT_IRQHandler
                0x00005590        0x8 ./startup/startup_mimxrt1176_cm7.o
                0x00005590                XECC_SEMC_FATAL_INT_IRQHandler
 .text.ENET_QOS_IRQHandler
                0x00005598        0x8 ./startup/startup_mimxrt1176_cm7.o
                0x00005598                ENET_QOS_IRQHandler
 .text.ENET_QOS_PMT_IRQHandler
                0x000055a0        0x8 ./startup/startup_mimxrt1176_cm7.o
                0x000055a0                ENET_QOS_PMT_IRQHandler
 .text.HardFault_Handler
                0x000055a8       0x2c ./source/semihost_hardfault.o
                0x000055a8                HardFault_Handler
 .text.ANATOP_AI_Write
                0x000055d4       0x24 ./drivers/fsl_anatop_ai.o
                0x000055d4                ANATOP_AI_Write
 .text.ANATOP_AI_Read
                0x000055f8       0x28 ./drivers/fsl_anatop_ai.o
                0x000055f8                ANATOP_AI_Read
 .text.ANATOP_AI_WriteWithMaskShift
                0x00005620       0x4a ./drivers/fsl_anatop_ai.o
                0x00005620                ANATOP_AI_WriteWithMaskShift
 .text.CLOCK_GetM7Freq
                0x0000566a       0x10 ./drivers/fsl_clock.o
 .text.ANATOP_PllSetPower
                0x0000567a       0x3c ./drivers/fsl_clock.o
 .text.ANATOP_PllBypass
                0x000056b6       0x30 ./drivers/fsl_clock.o
 .text.ANATOP_PllEnablePllReg
                0x000056e6       0x30 ./drivers/fsl_clock.o
 .text.ANATOP_PllHoldRingOff
                0x00005716       0x30 ./drivers/fsl_clock.o
 .text.ANATOP_PllEnableSs
                0x00005746       0x30 ./drivers/fsl_clock.o
 .text.ANATOP_PllEnableClk
                0x00005776       0x30 ./drivers/fsl_clock.o
 .text.CLOCK_DeinitAudioPll
                0x000057a6       0x34 ./drivers/fsl_clock.o
                0x000057a6                CLOCK_DeinitAudioPll
 .text.CLOCK_DeinitSysPll1
                0x000057da       0x40 ./drivers/fsl_clock.o
                0x000057da                CLOCK_DeinitSysPll1
 .text.CLOCK_OSC_Set1MHzOutputBehavior
                0x0000581a       0x4c ./drivers/fsl_clock.o
                0x0000581a                CLOCK_OSC_Set1MHzOutputBehavior
 .text.DelayLoop
                0x00005866       0x20 ./drivers/fsl_common_arm.o
 .text.CLOCK_EnableClock
                0x00005886       0x1c ./drivers/fsl_gpio.o
 .text.GPIO_SetPinInterruptConfig
                0x000058a2       0x22 ./drivers/fsl_gpio.o
 .text.CLOCK_EnableClock
                0x000058c4       0x1c ./drivers/fsl_lpuart.o
 .text.LPUART_SoftwareReset
                0x000058e0       0x2c ./drivers/fsl_lpuart.o
 .text.SystemInitHook
                0x0000590c        0xe ./device/system_MIMXRT1176_cm7.o
                0x0000590c                SystemInitHook
 .text.HAL_UartGetStatus
                0x0000591a       0x28 ./component/uart/fsl_adapter_lpuart.o
 .text.DisableGlobalIRQ
                0x00005942       0x22 ./component/serial_manager/fsl_component_serial_manager.o
 .text.EnableGlobalIRQ
                0x00005964       0x20 ./component/serial_manager/fsl_component_serial_manager.o
 .text.SerialManager_StartWriting
                0x00005984       0x38 ./component/serial_manager/fsl_component_serial_manager.o
 .text.SerialManager_Write
                0x000059bc       0x44 ./component/serial_manager/fsl_component_serial_manager.o
 .text.SerialManager_Init
                0x00005a00       0x60 ./component/serial_manager/fsl_component_serial_manager.o
                0x00005a00                SerialManager_Init
 .text.SerialManager_OpenWriteHandle
                0x00005a60       0x50 ./component/serial_manager/fsl_component_serial_manager.o
                0x00005a60                SerialManager_OpenWriteHandle
 .text.SerialManager_OpenReadHandle
                0x00005ab0       0x60 ./component/serial_manager/fsl_component_serial_manager.o
                0x00005ab0                SerialManager_OpenReadHandle
 .text.SerialManager_WriteBlocking
                0x00005b10       0x20 ./component/serial_manager/fsl_component_serial_manager.o
                0x00005b10                SerialManager_WriteBlocking
 .text.Serial_UartInit
                0x00005b30       0x3e ./component/serial_manager/fsl_component_serial_port_uart.o
                0x00005b30                Serial_UartInit
 .text.Serial_UartWrite
                0x00005b6e       0x38 ./component/serial_manager/fsl_component_serial_port_uart.o
                0x00005b6e                Serial_UartWrite
 .text.BOARD_DebugConsoleSrcFreq
                0x00005ba6       0x10 ./board/board.o
                0x00005ba6                BOARD_DebugConsoleSrcFreq
 .text.BOARD_InitDebugConsole
                0x00005bb6       0x22 ./board/board.o
                0x00005bb6                BOARD_InitDebugConsole
 .text.IOMUXC_SetSaiMClkClockSource
                0x00005bd8       0xac ./board/clock_config.o
 .text.DCDC_SetVDD1P0BuckModeTargetVoltage
                0x00005c84       0x4c ./board/clock_config.o
 .text.BOARD_InitBootClocks
                0x00005cd0        0xc ./board/clock_config.o
                0x00005cd0                BOARD_InitBootClocks
 .text.BOARD_InitPeripherals
                0x00005cdc        0xe ./board/peripherals.o
                0x00005cdc                BOARD_InitPeripherals
 .text.BOARD_InitBootPeripherals
                0x00005cea        0xc ./board/peripherals.o
                0x00005cea                BOARD_InitBootPeripherals
 .text.CLOCK_EnableClock
                0x00005cf6       0x1c ./board/pin_mux.o
 .text.IOMUXC_SetPinMux
                0x00005d12       0x3a ./board/pin_mux.o
 .text.IOMUXC_SetPinConfig
                0x00005d4c       0x26 ./board/pin_mux.o
 .text.BOARD_InitBootPins
                0x00005d72        0xc ./board/pin_mux.o
                0x00005d72                BOARD_InitBootPins
 .text.memcpy   0x00005d7e       0x1c d:/develop/program/nxp/mcuxpressoide_11.6.0_8187/ide/plugins/com.nxp.mcuxpresso.tools.win32_11.6.0.202112161359/tools/bin/../lib/gcc/arm-none-eabi/10.3.1/../../../../arm-none-eabi/lib/thumb/v7e-m+fp/hard\libc_nano.a(lib_a-memcpy-stub.o)
                0x00005d7e                memcpy
 .text.memset   0x00005d9a       0x10 d:/develop/program/nxp/mcuxpressoide_11.6.0_8187/ide/plugins/com.nxp.mcuxpresso.tools.win32_11.6.0.202112161359/tools/bin/../lib/gcc/arm-none-eabi/10.3.1/../../../../arm-none-eabi/lib/thumb/v7e-m+fp/hard\libc_nano.a(lib_a-memset.o)
                0x00005d9a                memset
 .text          0x00005daa       0x10 d:/develop/program/nxp/mcuxpressoide_11.6.0_8187/ide/plugins/com.nxp.mcuxpresso.tools.win32_11.6.0.202112161359/tools/bin/../lib/gcc/arm-none-eabi/10.3.1/../../../../arm-none-eabi/lib/thumb/v7e-m+fp/hard\libc_nano.a(lib_a-strlen.o)
                0x00005daa                strlen
 *(SORT_BY_ALIGNMENT(.rodata) SORT_BY_ALIGNMENT(.rodata.*) SORT_BY_ALIGNMENT(.constdata) SORT_BY_ALIGNMENT(.constdata.*))
 *fill*         0x00005dba        0x2 ff
 .rodata.__assert_func.str1.4
                0x00005dbc       0x3e ./utilities/fsl_assert.o
 *fill*         0x00005dfa        0x2 ff
 .rodata.s_clockSourceName
                0x00005dfc      0x278 ./drivers/fsl_clock.o
 .rodata.CLOCK_GetRootClockFreq.str1.4
                0x00006074       0x14 ./drivers/fsl_clock.o
 .rodata.CLOCK_InitArmPll.str1.4
                0x00006088       0x80 ./drivers/fsl_clock.o
 .rodata.CLOCK_InitPfd.str1.4
                0x00006108       0x46 ./drivers/fsl_clock.o
 *fill*         0x0000614e        0x2 ff
 .rodata.CLOCK_GetPfdFreq.str1.4
                0x00006150       0x73 ./drivers/fsl_clock.o
 *fill*         0x000061c3        0x1 ff
 .rodata.CLOCK_GetAvPllFreq.str1.4
                0x000061c4       0x35 ./drivers/fsl_clock.o
 *fill*         0x000061f9        0x3 ff
 .rodata.CLOCK_GetPllFreq.str1.4
                0x000061fc        0xc ./drivers/fsl_clock.o
 .rodata.__func__.16
                0x00006208       0x11 ./drivers/fsl_clock.o
 *fill*         0x00006219        0x3 ff
 .rodata.__func__.14
                0x0000621c        0xe ./drivers/fsl_clock.o
 *fill*         0x0000622a        0x2 ff
 .rodata.__func__.12
                0x0000622c       0x11 ./drivers/fsl_clock.o
 *fill*         0x0000623d        0x3 ff
 .rodata.__func__.11
                0x00006240       0x13 ./drivers/fsl_clock.o
 *fill*         0x00006253        0x1 ff
 .rodata.__func__.5
                0x00006254       0x13 ./drivers/fsl_clock.o
 *fill*         0x00006267        0x1 ff
 .rodata.__func__.4
                0x00006268       0x11 ./drivers/fsl_clock.o
 *fill*         0x00006279        0x3 ff
 .rodata.__func__.3
                0x0000627c        0xe ./drivers/fsl_clock.o
 *fill*         0x0000628a        0x2 ff
 .rodata.__func__.2
                0x0000628c       0x17 ./drivers/fsl_clock.o
 *fill*         0x000062a3        0x1 ff
 .rodata.SDK_DelayAtLeastUs.str1.4
                0x000062a4       0x25 ./drivers/fsl_common_arm.o
 *fill*         0x000062c9        0x3 ff
 .rodata.__func__.0
                0x000062cc       0x13 ./drivers/fsl_common_arm.o
 *fill*         0x000062df        0x1 ff
 .rodata.s_gpioBases
                0x000062e0       0x40 ./drivers/fsl_gpio.o
 .rodata.s_gpioClock
                0x00006320        0xe ./drivers/fsl_gpio.o
 *fill*         0x0000632e        0x2 ff
 .rodata.GPIO_GetInstance.str1.4
                0x00006330       0x2f ./drivers/fsl_gpio.o
 *fill*         0x0000635f        0x1 ff
 .rodata.GPIO_PinWrite.str1.4
                0x00006360        0xa ./drivers/fsl_gpio.o
 *fill*         0x0000636a        0x2 ff
 .rodata.__func__.1
                0x0000636c       0x11 ./drivers/fsl_gpio.o
 *fill*         0x0000637d        0x3 ff
 .rodata.__func__.0
                0x00006380        0xe ./drivers/fsl_gpio.o
 *fill*         0x0000638e        0x2 ff
 .rodata.s_lpuartBases
                0x00006390       0x34 ./drivers/fsl_lpuart.o
 .rodata.s_lpuartClock
                0x000063c4        0xd ./drivers/fsl_lpuart.o
 *fill*         0x000063d1        0x3 ff
 .rodata.LPUART_GetInstance.str1.4
                0x000063d4       0x35 ./drivers/fsl_lpuart.o
 *fill*         0x00006409        0x3 ff
 .rodata.LPUART_WriteNonBlocking.str1.4
                0x0000640c        0xd ./drivers/fsl_lpuart.o
 *fill*         0x00006419        0x3 ff
 .rodata.LPUART_Init.str1.4
                0x0000641c       0xbb ./drivers/fsl_lpuart.o
 *fill*         0x000064d7        0x1 ff
 .rodata.__func__.21
                0x000064d8       0x13 ./drivers/fsl_lpuart.o
 *fill*         0x000064eb        0x1 ff
 .rodata.__func__.16
                0x000064ec        0xc ./drivers/fsl_lpuart.o
 .rodata.__func__.15
                0x000064f8       0x18 ./drivers/fsl_lpuart.o
 .rodata.__func__.11
                0x00006510       0x15 ./drivers/fsl_lpuart.o
 *fill*         0x00006525        0x3 ff
 .rodata.s_LpuartAdapterBase
                0x00006528       0x34 ./component/uart/fsl_adapter_lpuart.o
 .rodata.HAL_UartInit.str1.4
                0x0000655c       0xa2 ./component/uart/fsl_adapter_lpuart.o
                                 0xb2 (size before relaxing)
 *fill*         0x000065fe        0x2 ff
 .rodata.HAL_UartReceiveBlocking.str1.4
                0x00006600        0xc ./component/uart/fsl_adapter_lpuart.o
                                 0x1c (size before relaxing)
 .rodata.__func__.4
                0x0000660c        0xd ./component/uart/fsl_adapter_lpuart.o
 *fill*         0x00006619        0x3 ff
 .rodata.__func__.1
                0x0000661c       0x15 ./component/uart/fsl_adapter_lpuart.o
 *fill*         0x00006631        0x3 ff
 .rodata.s_clockSourceName
                0x00006634      0x278 ./board/board.o
 .rodata.CLOCK_GetRootClockFreq.str1.4
                0x000068ac       0x7a ./board/board.o
                                 0x82 (size before relaxing)
 *fill*         0x00006926        0x2 ff
 .rodata.__func__.1
                0x00006928       0x17 ./board/board.o
 *fill*         0x0000693f        0x1 ff
 .rodata.s_clockSourceName
                0x00006940      0x278 ./board/clock_config.o
 .rodata.CLOCK_SetRootClock.str1.4
                0x00006bb8       0x7a ./board/clock_config.o
                                 0x82 (size before relaxing)
 .rodata.CLOCK_GetRootClockFreq.str1.4
                0x00006bb8        0x5 ./board/clock_config.o
 .rodata.armPllConfig_BOARD_BootClockRUN
                0x00006bb8        0x8 ./board/clock_config.o
                0x00006bb8                armPllConfig_BOARD_BootClockRUN
 .rodata.sysPll2Config_BOARD_BootClockRUN
                0x00006bc0        0xc ./board/clock_config.o
                0x00006bc0                sysPll2Config_BOARD_BootClockRUN
 .rodata.videoPllConfig_BOARD_BootClockRUN
                0x00006bcc       0x14 ./board/clock_config.o
                0x00006bcc                videoPllConfig_BOARD_BootClockRUN
 .rodata.__func__.1
                0x00006be0       0x13 ./board/clock_config.o
 *fill*         0x00006bf3        0x1 ff
 .rodata.__func__.0
                0x00006bf4       0x17 ./board/clock_config.o
                0x00006c0c                . = ALIGN (0x4)
 *fill*         0x00006c0b        0x1 ff
                0x00006c0c                . = ALIGN (0x4)
 *(.init)
 .init          0x00006c0c        0x4 d:/develop/program/nxp/mcuxpressoide_11.6.0_8187/ide/plugins/com.nxp.mcuxpresso.tools.win32_11.6.0.202112161359/tools/bin/../lib/gcc/arm-none-eabi/10.3.1/thumb/v7e-m+fp/hard\crti.o
                0x00006c0c                _init
 .init          0x00006c10        0x8 d:/develop/program/nxp/mcuxpressoide_11.6.0_8187/ide/plugins/com.nxp.mcuxpresso.tools.win32_11.6.0.202112161359/tools/bin/../lib/gcc/arm-none-eabi/10.3.1/thumb/v7e-m+fp/hard\crtn.o
                0x00006c18                . = ALIGN (0x4)
                0x00006c18                __preinit_array_start = .
 *(SORT_BY_ALIGNMENT(.preinit_array))
                0x00006c18                __preinit_array_end = .
                0x00006c18                . = ALIGN (0x4)
                0x00006c18                __init_array_start = .
 *(SORT_BY_NAME(SORT_BY_ALIGNMENT(.init_array.*)))
 *(SORT_BY_ALIGNMENT(.init_array))