D:\develop\Data\git\RT117X_DebuggableBootloader\workspace_MIMXRT1170EVK_Bootloader\MIMXRT1170_EVK_App\CMSIS/mpu_armv7.h:191:22:ARM_MPU_Enable	16	static
D:\develop\Data\git\RT117X_DebuggableBootloader\workspace_MIMXRT1170EVK_Bootloader\MIMXRT1170_EVK_App\CMSIS/mpu_armv7.h:204:22:ARM_MPU_Disable	4	static
D:\develop\Data\git\RT117X_DebuggableBootloader\workspace_MIMXRT1170EVK_Bootloader\MIMXRT1170_EVK_App\drivers/fsl_clock.h:2071:24:CLOCK_GetRootClockMux	16	static
D:\develop\Data\git\RT117X_DebuggableBootloader\workspace_MIMXRT1170EVK_Bootloader\MIMXRT1170_EVK_App\drivers/fsl_clock.h:2112:24:CLOCK_GetRootClockDiv	16	static
D:\develop\Data\git\RT117X_DebuggableBootloader\workspace_MIMXRT1170EVK_Bootloader\MIMXRT1170_EVK_App\drivers/fsl_clock.h:2240:24:CLOCK_GetRootClockFreq	32	static
../board/board.c:24:10:BOARD_DebugConsoleSrcFreq	8	static
../board/board.c:36:6:BOARD_InitDebugConsole	16	static
../board/board.c:262:6:BOARD_ConfigMPU	48	static
../board/board.c:662:6:BOARD_SD_Pin_Config	16	static
../board/board.c:666:6:BOARD_MMC_Pin_Config	16	static
