D:\develop\Data\git\RT117X_DebuggableBootloader\workspace_MIMXRT1170EVK_Bootloader\MIMXRT1170_EVK_App\drivers/fsl_clock.h:2178:20:CLOCK_ControlGate	16	static
D:\develop\Data\git\RT117X_DebuggableBootloader\workspace_MIMXRT1170EVK_Bootloader\MIMXRT1170_EVK_App\drivers/fsl_clock.h:2197:20:CLOCK_EnableClock	16	static
D:\develop\Data\git\RT117X_DebuggableBootloader\workspace_MIMXRT1170EVK_Bootloader\MIMXRT1170_EVK_App\drivers/fsl_iomuxc.h:1633:20:IOMUXC_SetPinMux	24	static
D:\develop\Data\git\RT117X_DebuggableBootloader\workspace_MIMXRT1170EVK_Bootloader\MIMXRT1170_EVK_App\drivers/fsl_iomuxc.h:1665:20:IOMUXC_SetPinConfig	24	static
../board/pin_mux.c:34:6:BOARD_InitBootPins	8	static
../board/pin_mux.c:56:6:BOARD_InitPins	16	static
